Archive member included to satisfy reference by file (symbol)

C:/ST/STM32CubeIDE_1.13.1/STM32CubeIDE/plugins/com.st.stm32cube.ide.mcu.externaltools.gnu-tools-for-stm32.11.3.rel1.win32_1.1.0.202305231506/tools/bin/../lib/gcc/arm-none-eabi/11.3.1/../../../../arm-none-eabi/lib/thumb/v7e-m+fp/hard\libc_nano.a(libc_a-exit.o)
                              C:/ST/STM32CubeIDE_1.13.1/STM32CubeIDE/plugins/com.st.stm32cube.ide.mcu.externaltools.gnu-tools-for-stm32.11.3.rel1.win32_1.1.0.202305231506/tools/bin/../lib/gcc/arm-none-eabi/11.3.1/../../../../arm-none-eabi/lib/thumb/v7e-m+fp/hard/crt0.o (exit)
C:/ST/STM32CubeIDE_1.13.1/STM32CubeIDE/plugins/com.st.stm32cube.ide.mcu.externaltools.gnu-tools-for-stm32.11.3.rel1.win32_1.1.0.202305231506/tools/bin/../lib/gcc/arm-none-eabi/11.3.1/../../../../arm-none-eabi/lib/thumb/v7e-m+fp/hard\libc_nano.a(libc_a-malloc.o)
                              ./Core/Src/sensor.o (malloc)
C:/ST/STM32CubeIDE_1.13.1/STM32CubeIDE/plugins/com.st.stm32cube.ide.mcu.externaltools.gnu-tools-for-stm32.11.3.rel1.win32_1.1.0.202305231506/tools/bin/../lib/gcc/arm-none-eabi/11.3.1/../../../../arm-none-eabi/lib/thumb/v7e-m+fp/hard\libc_nano.a(libc_a-mallocr.o)
                              C:/ST/STM32CubeIDE_1.13.1/STM32CubeIDE/plugins/com.st.stm32cube.ide.mcu.externaltools.gnu-tools-for-stm32.11.3.rel1.win32_1.1.0.202305231506/tools/bin/../lib/gcc/arm-none-eabi/11.3.1/../../../../arm-none-eabi/lib/thumb/v7e-m+fp/hard\libc_nano.a(libc_a-malloc.o) (_malloc_r)
C:/ST/STM32CubeIDE_1.13.1/STM32CubeIDE/plugins/com.st.stm32cube.ide.mcu.externaltools.gnu-tools-for-stm32.11.3.rel1.win32_1.1.0.202305231506/tools/bin/../lib/gcc/arm-none-eabi/11.3.1/../../../../arm-none-eabi/lib/thumb/v7e-m+fp/hard\libc_nano.a(libc_a-mlock.o)
                              C:/ST/STM32CubeIDE_1.13.1/STM32CubeIDE/plugins/com.st.stm32cube.ide.mcu.externaltools.gnu-tools-for-stm32.11.3.rel1.win32_1.1.0.202305231506/tools/bin/../lib/gcc/arm-none-eabi/11.3.1/../../../../arm-none-eabi/lib/thumb/v7e-m+fp/hard\libc_nano.a(libc_a-mallocr.o) (__malloc_lock)
C:/ST/STM32CubeIDE_1.13.1/STM32CubeIDE/plugins/com.st.stm32cube.ide.mcu.externaltools.gnu-tools-for-stm32.11.3.rel1.win32_1.1.0.202305231506/tools/bin/../lib/gcc/arm-none-eabi/11.3.1/../../../../arm-none-eabi/lib/thumb/v7e-m+fp/hard\libc_nano.a(libc_a-nano-vfprintf_float.o)
                              (_printf_float)
C:/ST/STM32CubeIDE_1.13.1/STM32CubeIDE/plugins/com.st.stm32cube.ide.mcu.externaltools.gnu-tools-for-stm32.11.3.rel1.win32_1.1.0.202305231506/tools/bin/../lib/gcc/arm-none-eabi/11.3.1/../../../../arm-none-eabi/lib/thumb/v7e-m+fp/hard\libc_nano.a(libc_a-nano-vfprintf_i.o)
                              C:/ST/STM32CubeIDE_1.13.1/STM32CubeIDE/plugins/com.st.stm32cube.ide.mcu.externaltools.gnu-tools-for-stm32.11.3.rel1.win32_1.1.0.202305231506/tools/bin/../lib/gcc/arm-none-eabi/11.3.1/../../../../arm-none-eabi/lib/thumb/v7e-m+fp/hard\libc_nano.a(libc_a-nano-vfprintf_float.o) (_printf_common)
C:/ST/STM32CubeIDE_1.13.1/STM32CubeIDE/plugins/com.st.stm32cube.ide.mcu.externaltools.gnu-tools-for-stm32.11.3.rel1.win32_1.1.0.202305231506/tools/bin/../lib/gcc/arm-none-eabi/11.3.1/../../../../arm-none-eabi/lib/thumb/v7e-m+fp/hard\libc_nano.a(libc_a-findfp.o)
                              C:/ST/STM32CubeIDE_1.13.1/STM32CubeIDE/plugins/com.st.stm32cube.ide.mcu.externaltools.gnu-tools-for-stm32.11.3.rel1.win32_1.1.0.202305231506/tools/bin/../lib/gcc/arm-none-eabi/11.3.1/../../../../arm-none-eabi/lib/thumb/v7e-m+fp/hard\libc_nano.a(libc_a-exit.o) (__stdio_exit_handler)
C:/ST/STM32CubeIDE_1.13.1/STM32CubeIDE/plugins/com.st.stm32cube.ide.mcu.externaltools.gnu-tools-for-stm32.11.3.rel1.win32_1.1.0.202305231506/tools/bin/../lib/gcc/arm-none-eabi/11.3.1/../../../../arm-none-eabi/lib/thumb/v7e-m+fp/hard\libc_nano.a(libc_a-fwalk.o)
                              C:/ST/STM32CubeIDE_1.13.1/STM32CubeIDE/plugins/com.st.stm32cube.ide.mcu.externaltools.gnu-tools-for-stm32.11.3.rel1.win32_1.1.0.202305231506/tools/bin/../lib/gcc/arm-none-eabi/11.3.1/../../../../arm-none-eabi/lib/thumb/v7e-m+fp/hard\libc_nano.a(libc_a-findfp.o) (_fwalk_sglue)
C:/ST/STM32CubeIDE_1.13.1/STM32CubeIDE/plugins/com.st.stm32cube.ide.mcu.externaltools.gnu-tools-for-stm32.11.3.rel1.win32_1.1.0.202305231506/tools/bin/../lib/gcc/arm-none-eabi/11.3.1/../../../../arm-none-eabi/lib/thumb/v7e-m+fp/hard\libc_nano.a(libc_a-sprintf.o)
                              ./Core/Src/ui.o (sprintf)
C:/ST/STM32CubeIDE_1.13.1/STM32CubeIDE/plugins/com.st.stm32cube.ide.mcu.externaltools.gnu-tools-for-stm32.11.3.rel1.win32_1.1.0.202305231506/tools/bin/../lib/gcc/arm-none-eabi/11.3.1/../../../../arm-none-eabi/lib/thumb/v7e-m+fp/hard\libc_nano.a(libc_a-stdio.o)
[...]
Memory Configuration

Name             Origin             Length             Attributes
CCMRAM           0x0000000010000000 0x0000000000010000 xrw
RAM              0x0000000020000000 0x0000000000020000 xrw
FLASH            0x0000000008000000 0x0000000000100000 xr
*default*        0x0000000000000000 0xffffffffffffffff

Linker script and memory map

LOAD C:/ST/STM32CubeIDE_1.13.1/STM32CubeIDE/plugins/com.st.stm32cube.ide.mcu.externaltools.gnu-tools-for-stm32.11.3.rel1.win32_1.1.0.202305231506/tools/bin/../lib/gcc/arm-none-eabi/11.3.1/thumb/v7e-m+fp/hard/crti.o
LOAD C:/ST/STM32CubeIDE_1.13.1/STM32CubeIDE/plugins/com.st.stm32cube.ide.mcu.externaltools.gnu-tools-for-stm32.11.3.rel1.win32_1.1.0.202305231506/tools/bin/../lib/gcc/arm-none-eabi/11.3.1/thumb/v7e-m+fp/hard/crtbegin.o
LOAD C:/ST/STM32CubeIDE_1.13.1/STM32CubeIDE/plugins/com.st.stm32cube.ide.mcu.externaltools.gnu-tools-for-stm32.11.3.rel1.win32_1.1.0.202305231506/tools/bin/../lib/gcc/arm-none-eabi/11.3.1/../../../../arm-none-eabi/lib/thumb/v7e-m+fp/hard/crt0.o
LOAD ./Core/Src/adc.o
LOAD ./Core/Src/display.o
LOAD ./Core/Src/dma.o
LOAD ./Core/Src/eeprom.o
LOAD ./Core/Src/gpio.o
LOAD ./Core/Src/i2c.o
LOAD ./Core/Src/main.o
LOAD ./Core/Src/motor.o
LOAD ./Core/Src/oled.o
LOAD ./Core/Src/plan.o
LOAD ./Core/Src/run.o
LOAD ./Core/Src/sensor.o
LOAD ./Core/Src/stm32f4xx_hal_msp.o
LOAD ./Core/Src/stm32f4xx_it.o
LOAD ./Core/Src/storage.o
LOAD ./Core/Src/syscalls.o
LOAD ./Core/Src/sysmem.o
LOAD ./Core/Src/system_stm32f4xx.o
LOAD ./Core/Src/tim.o
LOAD ./Core/Src/ui.o
LOAD ./Core/Src/usart.o
LOAD ./Core/Src/usb_otg.o
LOAD ./Core/Startup/startup_stm32f405rgtx.o
LOAD ./Drivers/STM32F4xx_HAL_Driver/Src/stm32f4xx_hal.o
LOAD ./Drivers/STM32F4xx_HAL_Driver/Src/stm32f4xx_hal_adc.o
LOAD ./Drivers/STM32F4xx_HAL_Driver/Src/stm32f4xx_hal_adc_ex.o
LOAD ./Drivers/STM32F4xx_HAL_Driver/Src/stm32f4xx_hal_cortex.o
LOAD ./Drivers/STM32F4xx_HAL_Driver/Src/stm32f4xx_hal_dma.o
LOAD ./Drivers/STM32F4xx_HAL_Driver/Src/stm32f4xx_hal_dma_ex.o
LOAD ./Drivers/STM32F4xx_HAL_Driver/Src/stm32f4xx_hal_exti.o
LOAD ./Drivers/STM32F4xx_HAL_Driver/Src/stm32f4xx_hal_flash.o
LOAD ./Drivers/STM32F4xx_HAL_Driver/Src/stm32f4xx_hal_flash_ex.o
LOAD ./Drivers/STM32F4xx_HAL_Driver/Src/stm32f4xx_hal_flash_ramfunc.o
LOAD ./Drivers/STM32F4xx_HAL_Driver/Src/stm32f4xx_hal_gpio.o
LOAD ./Drivers/STM32F4xx_HAL_Driver/Src/stm32f4xx_hal_i2c.o
LOAD ./Drivers/STM32F4xx_HAL_Driver/Src/stm32f4xx_hal_i2c_ex.o
LOAD ./Drivers/STM32F4xx_HAL_Driver/Src/stm32f4xx_hal_pcd.o
LOAD ./Drivers/STM32F4xx_HAL_Driver/Src/stm32f4xx_hal_pcd_ex.o
LOAD ./Drivers/STM32F4xx_HAL_Driver/Src/stm32f4xx_hal_pwr.o
LOAD ./Drivers/STM32F4xx_HAL_Driver/Src/stm32f4xx_hal_pwr_ex.o
LOAD ./Drivers/STM32F4xx_HAL_Driver/Src/stm32f4xx_hal_rcc.o
LOAD ./Drivers/STM32F4xx_HAL_Driver/Src/stm32f4xx_hal_rcc_ex.o
LOAD ./Drivers/STM32F4xx_HAL_Driver/Src/stm32f4xx_hal_tim.o
LOAD ./Drivers/STM32F4xx_HAL_Driver/Src/stm32f4xx_hal_tim_ex.o
LOAD ./Drivers/STM32F4xx_HAL_Driver/Src/stm32f4xx_hal_uart.o
LOAD ./Drivers/STM32F4xx_HAL_Driver/Src/stm32f4xx_ll_adc.o
LOAD ./Drivers/STM32F4xx_HAL_Driver/Src/stm32f4xx_ll_usb.o
START GROUP
LOAD C:/ST/STM32CubeIDE_1.13.1/STM32CubeIDE/plugins/com.st.stm32cube.ide.mcu.externaltools.gnu-tools-for-stm32.11.3.rel1.win32_1.1.0.202305231506/tools/bin/../lib/gcc/arm-none-eabi/11.3.1/../../../../arm-none-eabi/lib/thumb/v7e-m+fp/hard\libc_nano.a
LOAD C:/ST/STM32CubeIDE_1.13.1/STM32CubeIDE/plugins/com.st.stm32cube.ide.mcu.externaltools.gnu-tools-for-stm32.11.3.rel1.win32_1.1.0.202305231506/tools/bin/../lib/gcc/arm-none-eabi/11.3.1/../../../../arm-none-eabi/lib/thumb/v7e-m+fp/hard\libm.a
END GROUP
START GROUP
LOAD C:/ST/STM32CubeIDE_1.13.1/STM32CubeIDE/plugins/com.st.stm32cube.ide.mcu.externaltools.gnu-tools-for-stm32.11.3.rel1.win32_1.1.0.202305231506/tools/bin/../lib/gcc/arm-none-eabi/11.3.1/thumb/v7e-m+fp/hard\libgcc.a
LOAD C:/ST/STM32CubeIDE_1.13.1/STM32CubeIDE/plugins/com.st.stm32cube.ide.mcu.externaltools.gnu-tools-for-stm32.11.3.rel1.win32_1.1.0.202305231506/tools/bin/../lib/gcc/arm-none-eabi/11.3.1/../../../../arm-none-eabi/lib/thumb/v7e-m+fp/hard\libc_nano.a
END GROUP
START GROUP
LOAD C:/ST/STM32CubeIDE_1.13.1/STM32CubeIDE/plugins/com.st.stm32cube.ide.mcu.externaltools.gnu-tools-for-stm32.11.3.rel1.win32_1.1.0.202305231506/tools/bin/../lib/gcc/arm-none-eabi/11.3.1/thumb/v7e-m+fp/hard\libgcc.a
LOAD C:/ST/STM32CubeIDE_1.13.1/STM32CubeIDE/plugins/com.st.stm32cube.ide.mcu.externaltools.gnu-tools-for-stm32.11.3.rel1.win32_1.1.0.202305231506/tools/bin/../lib/gcc/arm-none-eabi/11.3.1/../../../../arm-none-eabi/lib/thumb/v7e-m+fp/hard\libc_nano.a
LOAD C:/ST/STM32CubeIDE_1.13.1/STM32CubeIDE/plugins/com.st.stm32cube.ide.mcu.externaltools.gnu-tools-for-stm32.11.3.rel1.win32_1.1.0.202305231506/tools/bin/../lib/gcc/arm-none-eabi/11.3.1/../../../../arm-none-eabi/lib/thumb/v7e-m+fp/hard\libnosys.a
END GROUP
START GROUP
LOAD C:/ST/STM32CubeIDE_1.13.1/STM32CubeIDE/plugins/com.st.stm32cube.ide.mcu.externaltools.gnu-tools-for-stm32.11.3.rel1.win32_1.1.0.202305231506/tools/bin/../lib/gcc/arm-none-eabi/11.3.1/thumb/v7e-m+fp/hard\libgcc.a
LOAD C:/ST/STM32CubeIDE_1.13.1/STM32CubeIDE/plugins/com.st.stm32cube.ide.mcu.externaltools.gnu-tools-for-stm32.11.3.rel1.win32_1.1.0.202305231506/tools/bin/../lib/gcc/arm-none-eabi/11.3.1/../../../../arm-none-eabi/lib/thumb/v7e-m+fp/hard\libc_nano.a
LOAD C:/ST/STM32CubeIDE_1.13.1/STM32CubeIDE/plugins/com.st.stm32cube.ide.mcu.externaltools.gnu-tools-for-stm32.11.3.rel1.win32_1.1.0.202305231506/tools/bin/../lib/gcc/arm-none-eabi/11.3.1/../../../../arm-none-eabi/lib/thumb/v7e-m+fp/hard\libnosys.a
END GROUP
LOAD C:/ST/STM32CubeIDE_1.13.1/STM32CubeIDE/plugins/com.st.stm32cube.ide.mcu.externaltools.gnu-tools-for-stm32.11.3.rel1.win32_1.1.0.202305231506/tools/bin/../lib/gcc/arm-none-eabi/11.3.1/thumb/v7e-m+fp/hard/crtend.o
LOAD C:/ST/STM32CubeIDE_1.13.1/STM32CubeIDE/plugins/com.st.stm32cube.ide.mcu.externaltools.gnu-tools-for-stm32.11.3.rel1.win32_1.1.0.202305231506/tools/bin/../lib/gcc/arm-none-eabi/11.3.1/thumb/v7e-m+fp/hard/crtn.o
                0x0000000020020000                _estack = (ORIGIN (RAM) + LENGTH (RAM))
                0x0000000000000200                _Min_Heap_Size = 0x200
                0x0000000000000400                _Min_Stack_Size = 0x400

.isr_vector     0x0000000008000000      0x188
                0x0000000008000000                . = ALIGN (0x4)
 *(.isr_vector)
 .isr_vector    0x0000000008000000      0x188 ./Core/Startup/startup_stm32f405rgtx.o
                0x0000000008000000                g_pfnVectors
                0x0000000008000188                . = ALIGN (0x4)

.text           0x0000000008000190    0x11e2c
                0x0000000008000190                . = ALIGN (0x4)
 *(.text)
 .text          0x0000000008000190       0x40 C:/ST/STM32CubeIDE_1.13.1/STM32CubeIDE/plugins/com.st.stm32cube.ide.mcu.externaltools.gnu-tools-for-stm32.11.3.rel1.win32_1.1.0.202305231506/tools/bin/../lib/gcc/arm-none-eabi/11.3.1/thumb/v7e-m+fp/hard/crtbegin.o
 .text          0x00000000080001d0       0xa0 C:/ST/STM32CubeIDE_1.13.1/STM32CubeIDE/plugins/com.st.stm32cube.ide.mcu.externaltools.gnu-tools-for-stm32.11.3.rel1.win32_1.1.0.202305231506/tools/bin/../lib/gcc/arm-none-eabi/11.3.1/../../../../arm-none-eabi/lib/thumb/v7e-m+fp/hard\libc_nano.a(libc_a-memchr.o)
                0x00000000080001d0                memchr
 .text          0x0000000008000270       0x10 C:/ST/STM32CubeIDE_1.13.1/STM32CubeIDE/plugins/com.st.stm32cube.ide.mcu.externaltools.gnu-tools-for-stm32.11.3.rel1.win32_1.1.0.202305231506/tools/bin/../lib/gcc/arm-none-eabi/11.3.1/../../../../arm-none-eabi/lib/thumb/v7e-m+fp/hard\libc_nano.a(libc_a-strlen.o)
                0x0000000008000270                strlen
 .text          0x0000000008000280      0x378 C:/ST/STM32CubeIDE_1.13.1/STM32CubeIDE/plugins/com.st.stm32cube.ide.mcu.externaltools.gnu-tools-for-stm32.11.3.rel1.win32_1.1.0.202305231506/tools/bin/../lib/gcc/arm-none-eabi/11.3.1/thumb/v7e-m+fp/hard\libgcc.a(_arm_addsubdf3.o)
                0x0000000008000280                __aeabi_drsub
                0x0000000008000288                __aeabi_dsub
                0x0000000008000288                __subdf3
                0x000000000800028c                __aeabi_dadd
                0x000000000800028c                __adddf3
                0x0000000008000504                __floatunsidf
                0x0000000008000504                __aeabi_ui2d
                0x0000000008000524                __floatsidf
                0x0000000008000524                __aeabi_i2d
                0x0000000008000548                __aeabi_f2d
                0x0000000008000548                __extendsfdf2
                0x000000000800058c                __floatundidf
                0x000000000800058c                __aeabi_ul2d
                0x000000000800059c                __floatdidf
                0x000000000800059c                __aeabi_l2d
 .text          0x00000000080005f8      0x424 C:/ST/STM32CubeIDE_1.13.1/STM32CubeIDE/plugins/com.st.stm32cube.ide.mcu.externaltools.gnu-tools-for-stm32.11.3.rel1.win32_1.1.0.202305231506/tools/bin/../lib/gcc/arm-none-eabi/11.3.1/thumb/v7e-m+fp/hard\libgcc.a(_arm_muldivdf3.o)
                0x00000000080005f8                __aeabi_dmul
                0x00000000080005f8                __muldf3
                0x000000000800084c                __divdf3
                0x000000000800084c                __aeabi_ddiv
 .text          0x0000000008000a1c      0x110 C:/ST/STM32CubeIDE_1.13.1/STM32CubeIDE/plugins/com.st.stm32cube.ide.mcu.externaltools.gnu-tools-for-stm32.11.3.rel1.win32_1.1.0.202305231506/tools/bin/../lib/gcc/arm-none-eabi/11.3.1/thumb/v7e-m+fp/hard\libgcc.a(_arm_cmpdf2.o)
                0x0000000008000a1c                __gtdf2
                0x0000000008000a1c                __gedf2
                0x0000000008000a24                __ltdf2
                0x0000000008000a24                __ledf2
                0x0000000008000a2c                __nedf2
                0x0000000008000a2c                __eqdf2
                0x0000000008000a2c                __cmpdf2
                0x0000000008000aa8                __aeabi_cdrcmple
                0x0000000008000ab8                __aeabi_cdcmpeq
                0x0000000008000ab8                __aeabi_cdcmple
                0x0000000008000ac8                __aeabi_dcmpeq
                0x0000000008000adc                __aeabi_dcmplt
                0x0000000008000af0                __aeabi_dcmple
                0x0000000008000b04                __aeabi_dcmpge
                0x0000000008000b18                __aeabi_dcmpgt
 .text          0x0000000008000b2c       0x2c C:/ST/STM32CubeIDE_1.13.1/STM32CubeIDE/plugins/com.st.stm32cube.ide.mcu.externaltools.gnu-tools-for-stm32.11.3.rel1.win32_1.1.0.202305231506/tools/bin/../lib/gcc/arm-none-eabi/11.3.1/thumb/v7e-m+fp/hard\libgcc.a(_arm_unorddf2.o)
                0x0000000008000b2c                __unorddf2
                0x0000000008000b2c                __aeabi_dcmpun
 .text          0x0000000008000b58       0x50 C:/ST/STM32CubeIDE_1.13.1/STM32CubeIDE/plugins/com.st.stm32cube.ide.mcu.externaltools.gnu-tools-for-stm32.11.3.rel1.win32_1.1.0.202305231506/tools/bin/../lib/gcc/arm-none-eabi/11.3.1/thumb/v7e-m+fp/hard\libgcc.a(_arm_fixdfsi.o)
                0x0000000008000b58                __aeabi_d2iz
                0x0000000008000b58                __fixdfsi
 .text          0x0000000008000ba8       0x40 C:/ST/STM32CubeIDE_1.13.1/STM32CubeIDE/plugins/com.st.stm32cube.ide.mcu.externaltools.gnu-tools-for-stm32.11.3.rel1.win32_1.1.0.202305231506/tools/bin/../lib/gcc/arm-none-eabi/11.3.1/thumb/v7e-m+fp/hard\libgcc.a(_arm_fixunsdfsi.o)
                0x0000000008000ba8                __aeabi_d2uiz
                0x0000000008000ba8                __fixunsdfsi
 .text          0x0000000008000be8       0xa0 C:/ST/STM32CubeIDE_1.13.1/STM32CubeIDE/plugins/com.st.stm32cube.ide.mcu.externaltools.gnu-tools-for-stm32.11.3.rel1.win32_1.1.0.202305231506/tools/bin/../lib/gcc/arm-none-eabi/11.3.1/thumb/v7e-m+fp/hard\libgcc.a(_arm_truncdfsf2.o)
                0x0000000008000be8                __truncdfsf2
                0x0000000008000be8                __aeabi_d2f
 .text          0x0000000008000c88       0x30 C:/ST/STM32CubeIDE_1.13.1/STM32CubeIDE/plugins/com.st.stm32cube.ide.mcu.externaltools.gnu-tools-for-stm32.11.3.rel1.win32_1.1.0.202305231506/tools/bin/../lib/gcc/arm-none-eabi/11.3.1/thumb/v7e-m+fp/hard\libgcc.a(_aeabi_uldivmod.o)
                0x0000000008000c88                __aeabi_uldivmod
 .text          0x0000000008000cb8      0x2c8 C:/ST/STM32CubeIDE_1.13.1/STM32CubeIDE/plugins/com.st.stm32cube.ide.mcu.externaltools.gnu-tools-for-stm32.11.3.rel1.win32_1.1.0.202305231506/tools/bin/../lib/gcc/arm-none-eabi/11.3.1/thumb/v7e-m+fp/hard\libgcc.a(_udivmoddi4.o)
                0x0000000008000cb8                __udivmoddi4
 .text          0x0000000008000f80        0x4 C:/ST/STM32CubeIDE_1.13.1/STM32CubeIDE/plugins/com.st.stm32cube.ide.mcu.externaltools.gnu-tools-for-stm32.11.3.rel1.win32_1.1.0.202305231506/tools/bin/../lib/gcc/arm-none-eabi/11.3.1/thumb/v7e-m+fp/hard\libgcc.a(_dvmd_tls.o)
                0x0000000008000f80                __aeabi_idiv0
                0x0000000008000f80                __aeabi_ldiv0
 *(.text*)
 .text.MX_ADC1_Init
                0x0000000008000f84      0x218 ./Core/Src/adc.o
                0x0000000008000f84                MX_ADC1_Init
 .text.HAL_ADC_MspInit
                0x000000000800119c      0x134 ./Core/Src/adc.o
                0x000000000800119c                HAL_ADC_MspInit
 .text.DISP_ClearBuff
                0x00000000080012d0       0x18 ./Core/Src/display.o
                0x00000000080012d0                DISP_ClearBuff
 .text.DISP_DrawPixel
                0x00000000080012e8       0xb0 ./Core/Src/display.o
                0x00000000080012e8                DISP_DrawPixel
 .text.DISP_DrawChar
                0x0000000008001398      0x170 ./Core/Src/display.o
                0x0000000008001398                DISP_DrawChar
 .text.DISP_DrawText
                0x0000000008001508       0x60 ./Core/Src/display.o
                0x0000000008001508                DISP_DrawText
 .text.DISP_DrawLineSimple
                0x0000000008001568      0x144 ./Core/Src/display.o
                0x0000000008001568                DISP_DrawLineSimple
 .text.DISP_DrawRect
                0x00000000080016ac       0x6e ./Core/Src/display.o
                0x00000000080016ac                DISP_DrawRect
 *fill*         0x000000000800171a        0x2 
 .text.DISP_FillRect
                0x000000000800171c      0x144 ./Core/Src/display.o
                0x000000000800171c                DISP_FillRect
 .text.DISP_CountCharString
                0x0000000008001860       0x30 ./Core/Src/display.o
                0x0000000008001860                DISP_CountCharString
 .text.DISP_DisplayText
                0x0000000008001890      0x1a4 ./Core/Src/display.o
                0x0000000008001890                DISP_DisplayText
 .text.DISP_OLEDUpdate
                0x0000000008001a34       0x90 ./Core/Src/display.o
                0x0000000008001a34                DISP_OLEDUpdate
 .text.DISP_FillRect2
                0x0000000008001ac4       0x3e ./Core/Src/display.o
                0x0000000008001ac4                DISP_FillRect2
 *fill*         0x0000000008001b02        0x2 
 .text.DISP_Test
                0x0000000008001b04      0x120 ./Core/Src/display.o
                0x0000000008001b04                DISP_Test
 .text.DISP_ClearAll
                0x0000000008001c24       0x16 ./Core/Src/display.o
                0x0000000008001c24                DISP_ClearAll
 *fill*         0x0000000008001c3a        0x2 
 .text.MX_DMA_Init
                0x0000000008001c3c       0x40 ./Core/Src/dma.o
                0x0000000008001c3c                MX_DMA_Init
 .text.EEP_Init
                0x0000000008001c7c       0x20 ./Core/Src/eeprom.o
                0x0000000008001c7c                EEP_Init
 .text.EEP_WritePage
                0x0000000008001c9c       0x48 ./Core/Src/eeprom.o
                0x0000000008001c9c                EEP_WritePage
 .text.EEP_WriteMem
                0x0000000008001ce4       0x48 ./Core/Src/eeprom.o
                0x0000000008001ce4                EEP_WriteMem
 .text.EEP_ReadPage
                0x0000000008001d2c       0x48 ./Core/Src/eeprom.o
                0x0000000008001d2c                EEP_ReadPage
 .text.EEP_ReadMem
                0x0000000008001d74       0x4c ./Core/Src/eeprom.o
                0x0000000008001d74                EEP_ReadMem
 .text.EEP_ReadyToWrite
                0x0000000008001dc0       0x24 ./Core/Src/eeprom.o
                0x0000000008001dc0                EEP_ReadyToWrite
 .text.MX_GPIO_Init
                0x0000000008001de4      0x140 ./Core/Src/gpio.o
                0x0000000008001de4                MX_GPIO_Init
 .text.MX_I2C1_Init
                0x0000000008001f24       0x60 ./Core/Src/i2c.o
                0x0000000008001f24                MX_I2C1_Init
 .text.MX_I2C2_Init
                0x0000000008001f84       0x5c ./Core/Src/i2c.o
                0x0000000008001f84                MX_I2C2_Init
 .text.HAL_I2C_MspInit
                0x0000000008001fe0       0xfc ./Core/Src/i2c.o
                0x0000000008001fe0                HAL_I2C_MspInit
 .text.main     0x00000000080020dc       0xdc ./Core/Src/main.o
                0x00000000080020dc                main
 .text.SystemClock_Config
                0x00000000080021b8       0xd4 ./Core/Src/main.o
                0x00000000080021b8                SystemClock_Config
 .text.HAL_TIM_PeriodElapsedCallback
                0x000000000800228c       0x90 ./Core/Src/main.o
                0x000000000800228c                HAL_TIM_PeriodElapsedCallback
 .text.HAL_ADC_ConvCpltCallback
                0x000000000800231c       0x16 ./Core/Src/main.o
                0x000000000800231c                HAL_ADC_ConvCpltCallback
 .text.Error_Handler
                0x0000000008002332        0xa ./Core/Src/main.o
                0x0000000008002332                Error_Handler
 .text.Motor_SetPWM
                0x000000000800233c       0x5c ./Core/Src/motor.o
                0x000000000800233c                Motor_SetPWM
 .text.Motor_SetVel
                0x0000000008002398       0x3c ./Core/Src/motor.o
                0x0000000008002398                Motor_SetVel
 .text.Motor_SetPoint
                0x00000000080023d4       0x3a ./Core/Src/motor.o
                0x00000000080023d4                Motor_SetPoint
 .text.Motor_GetPoint
                0x000000000800240e       0x3e ./Core/Src/motor.o
                0x000000000800240e                Motor_GetPoint
 .text.Motor_ApplyPWM
                0x000000000800244c      0x19e ./Core/Src/motor.o
                0x000000000800244c                Motor_ApplyPWM
 .text.Motor_EnocderRoutine
                0x00000000080025ea       0x5c ./Core/Src/motor.o
                0x00000000080025ea                Motor_EnocderRoutine
 *fill*         0x0000000008002646        0x2 
 .text.Motor_ControlRoutine
                0x0000000008002648      0x124 ./Core/Src/motor.o
                0x0000000008002648                Motor_ControlRoutine
 .text.OLED_Command
                0x000000000800276c       0x30 ./Core/Src/oled.o
                0x000000000800276c                OLED_Command
 .text.OLED_DoubleCommand
                0x000000000800279c       0x28 ./Core/Src/oled.o
                0x000000000800279c                OLED_DoubleCommand
 .text.OLED_Data
                0x00000000080027c4       0x30 ./Core/Src/oled.o
                0x00000000080027c4                OLED_Data
 .text.OLED_SetPageAddr
                0x00000000080027f4       0x2a ./Core/Src/oled.o
                0x00000000080027f4                OLED_SetPageAddr
 .text.OLED_SetColumn
                0x000000000800281e       0x34 ./Core/Src/oled.o
                0x000000000800281e                OLED_SetColumn
 .text.OLED_ClearRAM
                0x0000000008002852       0x4a ./Core/Src/oled.o
                0x0000000008002852                OLED_ClearRAM
 .text.OLED_Init
                0x000000000800289c       0x70 ./Core/Src/oled.o
                0x000000000800289c                OLED_Init
 .text.Plan_SetCounter
                0x000000000800290c       0x20 ./Core/Src/plan.o
                0x000000000800290c                Plan_SetCounter
 .text.Plan_CheckCounterValue
                0x000000000800292c       0x3c ./Core/Src/plan.o
                0x000000000800292c                Plan_CheckCounterValue
 .text.Plan_CheckSensor
                0x0000000008002968       0x84 ./Core/Src/plan.o
                0x0000000008002968                Plan_CheckSensor
 *fill*         0x00000000080029ec        0x4 
 .text.Plan_Left
                0x00000000080029f0      0x224 ./Core/Src/plan.o
                0x00000000080029f0                Plan_Left
 *fill*         0x0000000008002c14        0x4 
 .text.Plan_Right
                0x0000000008002c18      0x224 ./Core/Src/plan.o
                0x0000000008002c18                Plan_Right
 .text.Plan_Forward
                0x0000000008002e3c      0x164 ./Core/Src/plan.o
                0x0000000008002e3c                Plan_Forward
 .text.Plan_Backward
                0x0000000008002fa0      0x168 ./Core/Src/plan.o
                0x0000000008002fa0                Plan_Backward
 .text.Plan_Idle
                0x0000000008003108       0xe4 ./Core/Src/plan.o
                0x0000000008003108                Plan_Idle
 .text.Plan_Follow
                0x00000000080031ec       0xb0 ./Core/Src/plan.o
                0x00000000080031ec                Plan_Follow
 *fill*         0x000000000800329c        0x4 
 .text.Plan_FollowLeft
                0x00000000080032a0      0x218 ./Core/Src/plan.o
                0x00000000080032a0                Plan_FollowLeft
 .text.Plan_FollowRight
                0x00000000080034b8      0x218 ./Core/Src/plan.o
                0x00000000080034b8                Plan_FollowRight
 .text.Plan_Invert
                0x00000000080036d0       0x2e ./Core/Src/plan.o
                0x00000000080036d0                Plan_Invert
 .text.Plan_NextPlan
                0x00000000080036fe       0x1a ./Core/Src/plan.o
                0x00000000080036fe                Plan_NextPlan
 .text.Plan_Null
                0x0000000008003718       0x1a ./Core/Src/plan.o
                0x0000000008003718                Plan_Null
 *fill*         0x0000000008003732        0x2 
 .text.Plan_Jump
                0x0000000008003734       0x30 ./Core/Src/plan.o
                0x0000000008003734                Plan_Jump
 .text.Plan_ActionInit
                0x0000000008003764      0x164 ./Core/Src/plan.o
                0x0000000008003764                Plan_ActionInit
 .text.Plan_Stop
                0x00000000080038c8       0x70 ./Core/Src/plan.o
                0x00000000080038c8                Plan_Stop
 .text.Plan_Start
                0x0000000008003938       0xa4 ./Core/Src/plan.o
                0x0000000008003938                Plan_Start
 .text.Plan_UIRoutine
                0x00000000080039dc       0x50 ./Core/Src/plan.o
                0x00000000080039dc                Plan_UIRoutine
 .text.Plan_Main
                0x0000000008003a2c      0x3b0 ./Core/Src/plan.o
                0x0000000008003a2c                Plan_Main
 .text.Run_Init
                0x0000000008003ddc       0xd8 ./Core/Src/run.o
                0x0000000008003ddc                Run_Init
 .text.Run_MotorRoutine
                0x0000000008003eb4       0xc8 ./Core/Src/run.o
                0x0000000008003eb4                Run_MotorRoutine
 .text.Run_MotorRoutine2
                0x0000000008003f7c       0x30 ./Core/Src/run.o
                0x0000000008003f7c                Run_MotorRoutine2
 *fill*         0x0000000008003fac        0x4 
 .text.Run_YawSpeed
                0x0000000008003fb0      0xda0 ./Core/Src/run.o
                0x0000000008003fb0                Run_YawSpeed
 .text.Run_LineTracing
                0x0000000008004d50      0x11c ./Core/Src/run.o
                0x0000000008004d50                Run_LineTracing
 .text.Run_SetMotorSpeed
                0x0000000008004e6c       0x34 ./Core/Src/run.o
                0x0000000008004e6c                Run_SetMotorSpeed
 .text.Run_SetReverseSpeed
                0x0000000008004ea0       0x5c ./Core/Src/run.o
                0x0000000008004ea0                Run_SetReverseSpeed
 .text.SEN_Init
                0x0000000008004efc       0x44 ./Core/Src/sensor.o
                0x0000000008004efc                SEN_Init
 .text.SEN_Filter
                0x0000000008004f40       0xe0 ./Core/Src/sensor.o
                0x0000000008004f40                SEN_Filter
 .text.SEN_StartReadSensor
                0x0000000008005020       0x20 ./Core/Src/sensor.o
                0x0000000008005020                SEN_StartReadSensor
 .text.SEN_CallbackRoutine
                0x0000000008005040      0x1a4 ./Core/Src/sensor.o
                0x0000000008005040                SEN_CallbackRoutine
 .text.SEN_StartAutoCalibration
                0x00000000080051e4       0x90 ./Core/Src/sensor.o
                0x00000000080051e4                SEN_StartAutoCalibration
 .text.SEN_AutoCalibrationRoutine
                0x0000000008005274       0x90 ./Core/Src/sensor.o
                0x0000000008005274                SEN_AutoCalibrationRoutine
 *fill*         0x0000000008005304        0x4 
 .text.SEN_EndAutoCalibration
                0x0000000008005308       0xf8 ./Core/Src/sensor.o
                0x0000000008005308                SEN_EndAutoCalibration
 .text.SEN_BlackLine
                0x0000000008005400       0x18 ./Core/Src/sensor.o
                0x0000000008005400                SEN_BlackLine
 .text.SEN_WhiteLine
                0x0000000008005418       0x18 ./Core/Src/sensor.o
                0x0000000008005418                SEN_WhiteLine
 .text.SEN_Invert
                0x0000000008005430       0x28 ./Core/Src/sensor.o
                0x0000000008005430                SEN_Invert
 .text.HAL_MspInit
                0x0000000008005458       0x50 ./Core/Src/stm32f4xx_hal_msp.o
                0x0000000008005458                HAL_MspInit
 .text.NMI_Handler
                0x00000000080054a8        0x6 ./Core/Src/stm32f4xx_it.o
                0x00000000080054a8                NMI_Handler
 .text.HardFault_Handler
                0x00000000080054ae        0x6 ./Core/Src/stm32f4xx_it.o
                0x00000000080054ae                HardFault_Handler
 .text.MemManage_Handler
                0x00000000080054b4        0x6 ./Core/Src/stm32f4xx_it.o
                0x00000000080054b4                MemManage_Handler
 .text.BusFault_Handler
                0x00000000080054ba        0x6 ./Core/Src/stm32f4xx_it.o
                0x00000000080054ba                BusFault_Handler
 .text.UsageFault_Handler
                0x00000000080054c0        0x6 ./Core/Src/stm32f4xx_it.o
                0x00000000080054c0                UsageFault_Handler
 .text.SVC_Handler
                0x00000000080054c6        0xe ./Core/Src/stm32f4xx_it.o
                0x00000000080054c6                SVC_Handler
 .text.DebugMon_Handler
                0x00000000080054d4        0xe ./Core/Src/stm32f4xx_it.o
                0x00000000080054d4                DebugMon_Handler
 .text.PendSV_Handler
                0x00000000080054e2        0xe ./Core/Src/stm32f4xx_it.o
                0x00000000080054e2                PendSV_Handler
 .text.SysTick_Handler
                0x00000000080054f0        0xc ./Core/Src/stm32f4xx_it.o
                0x00000000080054f0                SysTick_Handler
 .text.ADC_IRQHandler
                0x00000000080054fc       0x14 ./Core/Src/stm32f4xx_it.o
                0x00000000080054fc                ADC_IRQHandler
 .text.TIM6_DAC_IRQHandler
                0x0000000008005510       0x14 ./Core/Src/stm32f4xx_it.o
                0x0000000008005510                TIM6_DAC_IRQHandler
 .text.DMA2_Stream0_IRQHandler
                0x0000000008005524       0x14 ./Core/Src/stm32f4xx_it.o
                0x0000000008005524                DMA2_Stream0_IRQHandler
 .text.GetAction
                0x0000000008005538       0x84 ./Core/Src/storage.o
                0x0000000008005538                GetAction
 .text.SetAction
                0x00000000080055bc       0x80 ./Core/Src/storage.o
                0x00000000080055bc                SetAction
 .text.Storage_ResetPlan
                0x000000000800563c       0xf8 ./Core/Src/storage.o
                0x000000000800563c                Storage_ResetPlan
 .text.Storage_ResetMemory
                0x0000000008005734       0x9a ./Core/Src/storage.o
                0x0000000008005734                Storage_ResetMemory
 *fill*         0x00000000080057ce        0x2 
 .text.Storage_Init
                0x00000000080057d0       0x70 ./Core/Src/storage.o
                0x00000000080057d0                Storage_Init
 .text.Storage_PlanInit
                0x0000000008005840       0x5c ./Core/Src/storage.o
                0x0000000008005840                Storage_PlanInit
 .text.Storage_GetADCThreshold
                0x000000000800589c       0x48 ./Core/Src/storage.o
                0x000000000800589c                Storage_GetADCThreshold
 .text.Storage_SetADCThreshold
                0x00000000080058e4       0x48 ./Core/Src/storage.o
                0x00000000080058e4                Storage_SetADCThreshold
 .text.Storage_GetPlan
                0x000000000800592c       0xa4 ./Core/Src/storage.o
                0x000000000800592c                Storage_GetPlan
 .text.Storage_SetPlanOther
                0x00000000080059d0       0x60 ./Core/Src/storage.o
                0x00000000080059d0                Storage_SetPlanOther
 .text.Storage_SetCheckpoint
                0x0000000008005a30       0x3c ./Core/Src/storage.o
                0x0000000008005a30                Storage_SetCheckpoint
 .text.Storage_SetPID
                0x0000000008005a6c       0x40 ./Core/Src/storage.o
                0x0000000008005a6c                Storage_SetPID
 .text.Storage_SetSpeed
                0x0000000008005aac       0x68 ./Core/Src/storage.o
                0x0000000008005aac                Storage_SetSpeed
 .text.GetActionOther
                0x0000000008005b14       0x80 ./Core/Src/storage.o
                0x0000000008005b14                GetActionOther
 .text.SetActionOther
                0x0000000008005b94       0x6c ./Core/Src/storage.o
                0x0000000008005b94                SetActionOther
 .text.SetActionOther2
                0x0000000008005c00       0x84 ./Core/Src/storage.o
                0x0000000008005c00                SetActionOther2
 .text.GetActionSequence
                0x0000000008005c84       0xa0 ./Core/Src/storage.o
                0x0000000008005c84                GetActionSequence
 .text.GetActionSequenceRoutine
                0x0000000008005d24      0x118 ./Core/Src/storage.o
                0x0000000008005d24                GetActionSequenceRoutine
 .text.GetActionSequenceInit
                0x0000000008005e3c       0x64 ./Core/Src/storage.o
                0x0000000008005e3c                GetActionSequenceInit
 .text.Storage_InsertAction
                0x0000000008005ea0       0x58 ./Core/Src/storage.o
                0x0000000008005ea0                Storage_InsertAction
 .text.Storage_DeleteAction
                0x0000000008005ef8       0x6c ./Core/Src/storage.o
                0x0000000008005ef8                Storage_DeleteAction
 .text.Storage_CopyPlan
                0x0000000008005f64       0x64 ./Core/Src/storage.o
                0x0000000008005f64                Storage_CopyPlan
 .text.Storage_CleanInit
                0x0000000008005fc8       0x4a ./Core/Src/storage.o
                0x0000000008005fc8                Storage_CleanInit
 .text._getpid  0x0000000008006012       0x10 ./Core/Src/syscalls.o
                0x0000000008006012                _getpid
 .text._kill    0x0000000008006022       0x20 ./Core/Src/syscalls.o
                0x0000000008006022                _kill
 .text._exit    0x0000000008006042       0x14 ./Core/Src/syscalls.o
                0x0000000008006042                _exit
 .text._read    0x0000000008006056       0x3a ./Core/Src/syscalls.o
                0x0000000008006056                _read
 .text._write   0x0000000008006090       0x38 ./Core/Src/syscalls.o
                0x0000000008006090                _write
 .text._close   0x00000000080060c8       0x18 ./Core/Src/syscalls.o
                0x00000000080060c8                _close
 .text._fstat   0x00000000080060e0       0x20 ./Core/Src/syscalls.o
                0x00000000080060e0                _fstat
 .text._isatty  0x0000000008006100       0x16 ./Core/Src/syscalls.o
                0x0000000008006100                _isatty
 .text._lseek   0x0000000008006116       0x1a ./Core/Src/syscalls.o
                0x0000000008006116                _lseek
 .text._sbrk    0x0000000008006130       0x6c ./Core/Src/sysmem.o
                0x0000000008006130                _sbrk
 .text.SystemInit
                0x000000000800619c       0x24 ./Core/Src/system_stm32f4xx.o
                0x000000000800619c                SystemInit
 .text.MX_TIM1_Init
                0x00000000080061c0      0x170 ./Core/Src/tim.o
                0x00000000080061c0                MX_TIM1_Init
 .text.MX_TIM2_Init
                0x0000000008006330       0xa8 ./Core/Src/tim.o
                0x0000000008006330                MX_TIM2_Init
 .text.MX_TIM3_Init
                0x00000000080063d8       0xf4 ./Core/Src/tim.o
                0x00000000080063d8                MX_TIM3_Init
 .text.MX_TIM4_Init
                0x00000000080064cc       0xa8 ./Core/Src/tim.o
                0x00000000080064cc                MX_TIM4_Init
 .text.MX_TIM6_Init
                0x0000000008006574       0x6c ./Core/Src/tim.o
                0x0000000008006574                MX_TIM6_Init
 .text.HAL_TIM_Base_MspInit
                0x00000000080065e0       0x7c ./Core/Src/tim.o
                0x00000000080065e0                HAL_TIM_Base_MspInit
 .text.HAL_TIM_Encoder_MspInit
                0x000000000800665c      0x134 ./Core/Src/tim.o
                0x000000000800665c                HAL_TIM_Encoder_MspInit
 .text.HAL_TIM_PWM_MspInit
                0x0000000008006790       0x44 ./Core/Src/tim.o
                0x0000000008006790                HAL_TIM_PWM_MspInit
 .text.HAL_TIM_MspPostInit
                0x00000000080067d4       0xc8 ./Core/Src/tim.o
                0x00000000080067d4                HAL_TIM_MspPostInit
 .text.UI_ShowSensor
                0x000000000800689c       0xfc ./Core/Src/ui.o
                0x000000000800689c                UI_ShowSensor
 .text.UI_ReadButton
                0x0000000008006998      0x108 ./Core/Src/ui.o
                0x0000000008006998                UI_ReadButton
 .text.UI_HomeScreenInit
                0x0000000008006aa0      0x104 ./Core/Src/ui.o
                0x0000000008006aa0                UI_HomeScreenInit
 .text.UI_HomeScreenDisplay
                0x0000000008006ba4       0xb8 ./Core/Src/ui.o
                0x0000000008006ba4                UI_HomeScreenDisplay
 .text.UI_HomeScreen
                0x0000000008006c5c      0x198 ./Core/Src/ui.o
                0x0000000008006c5c                UI_HomeScreen
 .text.UI_MirroringPlan
                0x0000000008006df4       0x90 ./Core/Src/ui.o
                0x0000000008006df4                UI_MirroringPlan
 .text.UI_SettingDisplayInit
                0x0000000008006e84      0x118 ./Core/Src/ui.o
                0x0000000008006e84                UI_SettingDisplayInit
 .text.UI_SettingDisplay
                0x0000000008006f9c       0xc0 ./Core/Src/ui.o
                0x0000000008006f9c                UI_SettingDisplay
 .text.UI_Setting
                0x000000000800705c      0x1b8 ./Core/Src/ui.o
                0x000000000800705c                UI_Setting
 .text.UI_PlanSetDisplayInit
                0x0000000008007214      0x138 ./Core/Src/ui.o
                0x0000000008007214                UI_PlanSetDisplayInit
 .text.UI_PlanSetDisplay
                0x000000000800734c      0x58c ./Core/Src/ui.o
                0x000000000800734c                UI_PlanSetDisplay
 .text.UI_PlanSet
                0x00000000080078d8      0x908 ./Core/Src/ui.o
                0x00000000080078d8                UI_PlanSet
 .text.UI_ADCThresholdDisplayInit
                0x00000000080081e0       0xa4 ./Core/Src/ui.o
                0x00000000080081e0                UI_ADCThresholdDisplayInit
 .text.UI_ADCThresholdDisplay
                0x0000000008008284       0xe0 ./Core/Src/ui.o
                0x0000000008008284                UI_ADCThresholdDisplay
 .text.UI_ADCThreshold
                0x0000000008008364      0x1a0 ./Core/Src/ui.o
                0x0000000008008364                UI_ADCThreshold
 .text.UI_AutoCalib
                0x0000000008008504       0x90 ./Core/Src/ui.o
                0x0000000008008504                UI_AutoCalib
 .text.UI_Startup
                0x0000000008008594      0x1a0 ./Core/Src/ui.o
                0x0000000008008594                UI_Startup
 .text.UI_CPDisplayInit
                0x0000000008008734       0xcc ./Core/Src/ui.o
                0x0000000008008734                UI_CPDisplayInit
 .text.UI_CPDisplay
                0x0000000008008800       0xe0 ./Core/Src/ui.o
                0x0000000008008800                UI_CPDisplay
 .text.UI_CP    0x00000000080088e0      0x14c ./Core/Src/ui.o
                0x00000000080088e0                UI_CP
 .text.UI_PlanSelectDisplay
                0x0000000008008a2c       0xcc ./Core/Src/ui.o
                0x0000000008008a2c                UI_PlanSelectDisplay
 .text.UI_PlanSelect
                0x0000000008008af8      0x170 ./Core/Src/ui.o
                0x0000000008008af8                UI_PlanSelect
 .text.UI_MemSettingDisplay
                0x0000000008008c68       0xc0 ./Core/Src/ui.o
                0x0000000008008c68                UI_MemSettingDisplay
 .text.UI_MemSetting
                0x0000000008008d28      0x19c ./Core/Src/ui.o
                0x0000000008008d28                UI_MemSetting
 .text.UI_PIDSettingDisplay
                0x0000000008008ec4      0x184 ./Core/Src/ui.o
                0x0000000008008ec4                UI_PIDSettingDisplay
 .text.UI_PIDSetting
                0x0000000008009048      0x4a0 ./Core/Src/ui.o
                0x0000000008009048                UI_PIDSetting
 .text.UI_SpeedSetDisplay
                0x00000000080094e8       0xdc ./Core/Src/ui.o
                0x00000000080094e8                UI_SpeedSetDisplay
 .text.UI_SpeedSetting
                0x00000000080095c4      0x228 ./Core/Src/ui.o
                0x00000000080095c4                UI_SpeedSetting
 .text.UI_Run   0x00000000080097ec      0x140 ./Core/Src/ui.o
                0x00000000080097ec                UI_Run
 .text.UI_Init  0x000000000800992c       0x1c ./Core/Src/ui.o
                0x000000000800992c                UI_Init
 .text.UI_Main  0x0000000008009948       0xfc ./Core/Src/ui.o
                0x0000000008009948                UI_Main
 .text.MX_USART3_UART_Init
                0x0000000008009a44       0x54 ./Core/Src/usart.o
                0x0000000008009a44                MX_USART3_UART_Init
 .text.HAL_UART_MspInit
                0x0000000008009a98       0x90 ./Core/Src/usart.o
                0x0000000008009a98                HAL_UART_MspInit
 .text.MX_USB_OTG_FS_PCD_Init
                0x0000000008009b28       0x5c ./Core/Src/usb_otg.o
                0x0000000008009b28                MX_USB_OTG_FS_PCD_Init
 .text.HAL_PCD_MspInit
                0x0000000008009b84       0x98 ./Core/Src/usb_otg.o
                0x0000000008009b84                HAL_PCD_MspInit
 .text.Reset_Handler
                0x0000000008009c1c       0x50 ./Core/Startup/startup_stm32f405rgtx.o
                0x0000000008009c1c                Reset_Handler
 .text.Default_Handler
                0x0000000008009c6c        0x2 ./Core/Startup/startup_stm32f405rgtx.o
                0x0000000008009c6c                RTC_Alarm_IRQHandler
                0x0000000008009c6c                HASH_RNG_IRQHandler
                0x0000000008009c6c                EXTI2_IRQHandler
                0x0000000008009c6c                TIM8_CC_IRQHandler
                0x0000000008009c6c                TIM1_CC_IRQHandler
                0x0000000008009c6c                DMA2_Stream5_IRQHandler
                0x0000000008009c6c                DMA1_Stream5_IRQHandler
                0x0000000008009c6c                PVD_IRQHandler
                0x0000000008009c6c                SDIO_IRQHandler
                0x0000000008009c6c                TAMP_STAMP_IRQHandler
                0x0000000008009c6c                CAN2_RX1_IRQHandler
                0x0000000008009c6c                EXTI3_IRQHandler
                0x0000000008009c6c                TIM8_TRG_COM_TIM14_IRQHandler
                0x0000000008009c6c                TIM1_UP_TIM10_IRQHandler
                0x0000000008009c6c                TIM8_UP_TIM13_IRQHandler
                0x0000000008009c6c                I2C3_ER_IRQHandler
                0x0000000008009c6c                EXTI0_IRQHandler
                0x0000000008009c6c                I2C2_EV_IRQHandler
                0x0000000008009c6c                DMA1_Stream2_IRQHandler
                0x0000000008009c6c                CAN1_RX0_IRQHandler
                0x0000000008009c6c                FPU_IRQHandler
                0x0000000008009c6c                OTG_HS_WKUP_IRQHandler
                0x0000000008009c6c                CAN2_SCE_IRQHandler
                0x0000000008009c6c                DMA2_Stream2_IRQHandler
                0x0000000008009c6c                SPI1_IRQHandler
                0x0000000008009c6c                TIM1_BRK_TIM9_IRQHandler
                0x0000000008009c6c                CAN2_RX0_IRQHandler
                0x0000000008009c6c                DMA2_Stream3_IRQHandler
                0x0000000008009c6c                USART6_IRQHandler
                0x0000000008009c6c                USART3_IRQHandler
                0x0000000008009c6c                CAN1_RX1_IRQHandler
                0x0000000008009c6c                UART5_IRQHandler
                0x0000000008009c6c                TIM4_IRQHandler
                0x0000000008009c6c                I2C1_EV_IRQHandler
                0x0000000008009c6c                DMA1_Stream6_IRQHandler
                0x0000000008009c6c                DMA1_Stream1_IRQHandler
                0x0000000008009c6c                UART4_IRQHandler
                0x0000000008009c6c                TIM3_IRQHandler
                0x0000000008009c6c                RCC_IRQHandler
                0x0000000008009c6c                TIM8_BRK_TIM12_IRQHandler
                0x0000000008009c6c                Default_Handler
                0x0000000008009c6c                EXTI15_10_IRQHandler
                0x0000000008009c6c                DMA1_Stream7_IRQHandler
                0x0000000008009c6c                TIM7_IRQHandler
                0x0000000008009c6c                CAN2_TX_IRQHandler
                0x0000000008009c6c                TIM5_IRQHandler
                0x0000000008009c6c                DMA2_Stream7_IRQHandler
                0x0000000008009c6c                I2C3_EV_IRQHandler
                0x0000000008009c6c                EXTI9_5_IRQHandler
                0x0000000008009c6c                RTC_WKUP_IRQHandler
                0x0000000008009c6c                SPI2_IRQHandler
                0x0000000008009c6c                OTG_HS_EP1_IN_IRQHandler
                0x0000000008009c6c                DMA1_Stream0_IRQHandler
                0x0000000008009c6c                CAN1_TX_IRQHandler
                0x0000000008009c6c                EXTI4_IRQHandler
                0x0000000008009c6c                FSMC_IRQHandler
                0x0000000008009c6c                OTG_HS_EP1_OUT_IRQHandler
                0x0000000008009c6c                WWDG_IRQHandler
                0x0000000008009c6c                TIM2_IRQHandler
                0x0000000008009c6c                OTG_FS_WKUP_IRQHandler
                0x0000000008009c6c                TIM1_TRG_COM_TIM11_IRQHandler
                0x0000000008009c6c                OTG_HS_IRQHandler
                0x0000000008009c6c                EXTI1_IRQHandler
                0x0000000008009c6c                USART2_IRQHandler
                0x0000000008009c6c                I2C2_ER_IRQHandler
                0x0000000008009c6c                DMA2_Stream1_IRQHandler
                0x0000000008009c6c                CAN1_SCE_IRQHandler
                0x0000000008009c6c                FLASH_IRQHandler
                0x0000000008009c6c                DMA2_Stream4_IRQHandler
                0x0000000008009c6c                USART1_IRQHandler
                0x0000000008009c6c                OTG_FS_IRQHandler
                0x0000000008009c6c                SPI3_IRQHandler
                0x0000000008009c6c                DMA1_Stream4_IRQHandler
                0x0000000008009c6c                I2C1_ER_IRQHandler
                0x0000000008009c6c                DMA2_Stream6_IRQHandler
                0x0000000008009c6c                DMA1_Stream3_IRQHandler
 *fill*         0x0000000008009c6e        0x2 
 .text.HAL_Init
                0x0000000008009c70       0x44 ./Drivers/STM32F4xx_HAL_Driver/Src/stm32f4xx_hal.o
                0x0000000008009c70                HAL_Init
 .text.HAL_InitTick
                0x0000000008009cb4       0x60 ./Drivers/STM32F4xx_HAL_Driver/Src/stm32f4xx_hal.o
                0x0000000008009cb4                HAL_InitTick
 .text.HAL_IncTick
                0x0000000008009d14       0x28 ./Drivers/STM32F4xx_HAL_Driver/Src/stm32f4xx_hal.o
                0x0000000008009d14                HAL_IncTick
 .text.HAL_GetTick
                0x0000000008009d3c       0x18 ./Drivers/STM32F4xx_HAL_Driver/Src/stm32f4xx_hal.o
                0x0000000008009d3c                HAL_GetTick
 .text.HAL_Delay
                0x0000000008009d54       0x48 ./Drivers/STM32F4xx_HAL_Driver/Src/stm32f4xx_hal.o
                0x0000000008009d54                HAL_Delay
 .text.HAL_ADC_Init
                0x0000000008009d9c       0x86 ./Drivers/STM32F4xx_HAL_Driver/Src/stm32f4xx_hal_adc.o
                0x0000000008009d9c                HAL_ADC_Init
 .text.HAL_ADC_IRQHandler
                0x0000000008009e22      0x220 ./Drivers/STM32F4xx_HAL_Driver/Src/stm32f4xx_hal_adc.o
                0x0000000008009e22                HAL_ADC_IRQHandler
 *fill*         0x000000000800a042        0x2 
 .text.HAL_ADC_Start_DMA
                0x000000000800a044      0x220 ./Drivers/STM32F4xx_HAL_Driver/Src/stm32f4xx_hal_adc.o
                0x000000000800a044                HAL_ADC_Start_DMA
 .text.HAL_ADC_ConvHalfCpltCallback
                0x000000000800a264       0x14 ./Drivers/STM32F4xx_HAL_Driver/Src/stm32f4xx_hal_adc.o
                0x000000000800a264                HAL_ADC_ConvHalfCpltCallback
 .text.HAL_ADC_LevelOutOfWindowCallback
                0x000000000800a278       0x14 ./Drivers/STM32F4xx_HAL_Driver/Src/stm32f4xx_hal_adc.o
                0x000000000800a278                HAL_ADC_LevelOutOfWindowCallback
 .text.HAL_ADC_ErrorCallback
                0x000000000800a28c       0x14 ./Drivers/STM32F4xx_HAL_Driver/Src/stm32f4xx_hal_adc.o
                0x000000000800a28c                HAL_ADC_ErrorCallback
 .text.HAL_ADC_ConfigChannel
                0x000000000800a2a0      0x244 ./Drivers/STM32F4xx_HAL_Driver/Src/stm32f4xx_hal_adc.o
                0x000000000800a2a0                HAL_ADC_ConfigChannel
 .text.ADC_Init
                0x000000000800a4e4      0x1f8 ./Drivers/STM32F4xx_HAL_Driver/Src/stm32f4xx_hal_adc.o
 .text.ADC_DMAConvCplt
                0x000000000800a6dc       0xba ./Drivers/STM32F4xx_HAL_Driver/Src/stm32f4xx_hal_adc.o
 .text.ADC_DMAHalfConvCplt
                0x000000000800a796       0x1c ./Drivers/STM32F4xx_HAL_Driver/Src/stm32f4xx_hal_adc.o
 .text.ADC_DMAError
                0x000000000800a7b2       0x2e ./Drivers/STM32F4xx_HAL_Driver/Src/stm32f4xx_hal_adc.o
 .text.HAL_ADCEx_InjectedConvCpltCallback
                0x000000000800a7e0       0x14 ./Drivers/STM32F4xx_HAL_Driver/Src/stm32f4xx_hal_adc_ex.o
                0x000000000800a7e0                HAL_ADCEx_InjectedConvCpltCallback
 .text.__NVIC_SetPriorityGrouping
                0x000000000800a7f4       0x48 ./Drivers/STM32F4xx_HAL_Driver/Src/stm32f4xx_hal_cortex.o
 .text.__NVIC_GetPriorityGrouping
                0x000000000800a83c       0x1c ./Drivers/STM32F4xx_HAL_Driver/Src/stm32f4xx_hal_cortex.o
 .text.__NVIC_EnableIRQ
                0x000000000800a858       0x3c ./Drivers/STM32F4xx_HAL_Driver/Src/stm32f4xx_hal_cortex.o
 .text.__NVIC_SetPriority
                0x000000000800a894       0x54 ./Drivers/STM32F4xx_HAL_Driver/Src/stm32f4xx_hal_cortex.o
 .text.NVIC_EncodePriority
                0x000000000800a8e8       0x66 ./Drivers/STM32F4xx_HAL_Driver/Src/stm32f4xx_hal_cortex.o
 *fill*         0x000000000800a94e        0x2 
 .text.__NVIC_SystemReset
                0x000000000800a950       0x2c ./Drivers/STM32F4xx_HAL_Driver/Src/stm32f4xx_hal_cortex.o
 .text.SysTick_Config
                0x000000000800a97c       0x44 ./Drivers/STM32F4xx_HAL_Driver/Src/stm32f4xx_hal_cortex.o
 .text.HAL_NVIC_SetPriorityGrouping
                0x000000000800a9c0       0x16 ./Drivers/STM32F4xx_HAL_Driver/Src/stm32f4xx_hal_cortex.o
                0x000000000800a9c0                HAL_NVIC_SetPriorityGrouping
 .text.HAL_NVIC_SetPriority
                0x000000000800a9d6       0x38 ./Drivers/STM32F4xx_HAL_Driver/Src/stm32f4xx_hal_cortex.o
                0x000000000800a9d6                HAL_NVIC_SetPriority
 .text.HAL_NVIC_EnableIRQ
                0x000000000800aa0e       0x1c ./Drivers/STM32F4xx_HAL_Driver/Src/stm32f4xx_hal_cortex.o
                0x000000000800aa0e                HAL_NVIC_EnableIRQ
 .text.HAL_NVIC_SystemReset
                0x000000000800aa2a        0x8 ./Drivers/STM32F4xx_HAL_Driver/Src/stm32f4xx_hal_cortex.o
                0x000000000800aa2a                HAL_NVIC_SystemReset
 .text.HAL_SYSTICK_Config
                0x000000000800aa32       0x18 ./Drivers/STM32F4xx_HAL_Driver/Src/stm32f4xx_hal_cortex.o
                0x000000000800aa32                HAL_SYSTICK_Config
 *fill*         0x000000000800aa4a        0x2 
 .text.HAL_DMA_Init
                0x000000000800aa4c      0x15c ./Drivers/STM32F4xx_HAL_Driver/Src/stm32f4xx_hal_dma.o
                0x000000000800aa4c                HAL_DMA_Init
 .text.HAL_DMA_Start_IT
                0x000000000800aba8       0xb0 ./Drivers/STM32F4xx_HAL_Driver/Src/stm32f4xx_hal_dma.o
                0x000000000800aba8                HAL_DMA_Start_IT
 .text.HAL_DMA_IRQHandler
                0x000000000800ac58      0x314 ./Drivers/STM32F4xx_HAL_Driver/Src/stm32f4xx_hal_dma.o
                0x000000000800ac58                HAL_DMA_IRQHandler
 .text.DMA_SetConfig
                0x000000000800af6c       0x5c ./Drivers/STM32F4xx_HAL_Driver/Src/stm32f4xx_hal_dma.o
 .text.DMA_CalcBaseAndBitshift
                0x000000000800afc8       0x6c ./Drivers/STM32F4xx_HAL_Driver/Src/stm32f4xx_hal_dma.o
 .text.DMA_CheckFifoParam
                0x000000000800b034       0xf8 ./Drivers/STM32F4xx_HAL_Driver/Src/stm32f4xx_hal_dma.o
 .text.HAL_GPIO_Init
                0x000000000800b12c      0x338 ./Drivers/STM32F4xx_HAL_Driver/Src/stm32f4xx_hal_gpio.o
                0x000000000800b12c                HAL_GPIO_Init
 .text.HAL_GPIO_ReadPin
                0x000000000800b464       0x30 ./Drivers/STM32F4xx_HAL_Driver/Src/stm32f4xx_hal_gpio.o
                0x000000000800b464                HAL_GPIO_ReadPin
 .text.HAL_GPIO_WritePin
                0x000000000800b494       0x32 ./Drivers/STM32F4xx_HAL_Driver/Src/stm32f4xx_hal_gpio.o
                0x000000000800b494                HAL_GPIO_WritePin
 *fill*         0x000000000800b4c6        0x2 
 .text.HAL_I2C_Init
                0x000000000800b4c8      0x288 ./Drivers/STM32F4xx_HAL_Driver/Src/stm32f4xx_hal_i2c.o
                0x000000000800b4c8                HAL_I2C_Init
 .text.HAL_I2C_Mem_Write
                0x000000000800b750      0x1f4 ./Drivers/STM32F4xx_HAL_Driver/Src/stm32f4xx_hal_i2c.o
                0x000000000800b750                HAL_I2C_Mem_Write
 .text.HAL_I2C_Mem_Read
                0x000000000800b944      0x44c ./Drivers/STM32F4xx_HAL_Driver/Src/stm32f4xx_hal_i2c.o
                0x000000000800b944                HAL_I2C_Mem_Read
 .text.I2C_RequestMemoryWrite
                0x000000000800bd90      0x12c ./Drivers/STM32F4xx_HAL_Driver/Src/stm32f4xx_hal_i2c.o
 .text.I2C_RequestMemoryRead
                0x000000000800bebc      0x1d0 ./Drivers/STM32F4xx_HAL_Driver/Src/stm32f4xx_hal_i2c.o
 .text.I2C_WaitOnFlagUntilTimeout
                0x000000000800c08c       0xae ./Drivers/STM32F4xx_HAL_Driver/Src/stm32f4xx_hal_i2c.o
 .text.I2C_WaitOnMasterAddressFlagUntilTimeout
                0x000000000800c13a       0xfe ./Drivers/STM32F4xx_HAL_Driver/Src/stm32f4xx_hal_i2c.o
 .text.I2C_WaitOnTXEFlagUntilTimeout
                0x000000000800c238       0x82 ./Drivers/STM32F4xx_HAL_Driver/Src/stm32f4xx_hal_i2c.o
 .text.I2C_WaitOnBTFFlagUntilTimeout
                0x000000000800c2ba       0x82 ./Drivers/STM32F4xx_HAL_Driver/Src/stm32f4xx_hal_i2c.o
 .text.I2C_WaitOnRXNEFlagUntilTimeout
                0x000000000800c33c       0xac ./Drivers/STM32F4xx_HAL_Driver/Src/stm32f4xx_hal_i2c.o
 .text.I2C_IsAcknowledgeFailed
                0x000000000800c3e8       0x5e ./Drivers/STM32F4xx_HAL_Driver/Src/stm32f4xx_hal_i2c.o
 .text.HAL_PCD_Init
                0x000000000800c446      0x23a ./Drivers/STM32F4xx_HAL_Driver/Src/stm32f4xx_hal_pcd.o
                0x000000000800c446                HAL_PCD_Init
 .text.HAL_RCC_OscConfig
                0x000000000800c680      0x4f0 ./Drivers/STM32F4xx_HAL_Driver/Src/stm32f4xx_hal_rcc.o
                0x000000000800c680                HAL_RCC_OscConfig
 .text.HAL_RCC_ClockConfig
                0x000000000800cb70      0x1cc ./Drivers/STM32F4xx_HAL_Driver/Src/stm32f4xx_hal_rcc.o
                0x000000000800cb70                HAL_RCC_ClockConfig
 .text.HAL_RCC_GetSysClockFreq
                0x000000000800cd3c      0x208 ./Drivers/STM32F4xx_HAL_Driver/Src/stm32f4xx_hal_rcc.o
                0x000000000800cd3c                HAL_RCC_GetSysClockFreq
 .text.HAL_RCC_GetHCLKFreq
                0x000000000800cf44       0x18 ./Drivers/STM32F4xx_HAL_Driver/Src/stm32f4xx_hal_rcc.o
                0x000000000800cf44                HAL_RCC_GetHCLKFreq
 .text.HAL_RCC_GetPCLK1Freq
                0x000000000800cf5c       0x28 ./Drivers/STM32F4xx_HAL_Driver/Src/stm32f4xx_hal_rcc.o
                0x000000000800cf5c                HAL_RCC_GetPCLK1Freq
 .text.HAL_RCC_GetPCLK2Freq
                0x000000000800cf84       0x28 ./Drivers/STM32F4xx_HAL_Driver/Src/stm32f4xx_hal_rcc.o
                0x000000000800cf84                HAL_RCC_GetPCLK2Freq
 .text.HAL_TIM_Base_Init
                0x000000000800cfac       0x9e ./Drivers/STM32F4xx_HAL_Driver/Src/stm32f4xx_hal_tim.o
                0x000000000800cfac                HAL_TIM_Base_Init
 *fill*         0x000000000800d04a        0x2 
 .text.HAL_TIM_Base_Start_IT
                0x000000000800d04c       0xe0 ./Drivers/STM32F4xx_HAL_Driver/Src/stm32f4xx_hal_tim.o
                0x000000000800d04c                HAL_TIM_Base_Start_IT
 .text.HAL_TIM_PWM_Init
                0x000000000800d12c       0x9e ./Drivers/STM32F4xx_HAL_Driver/Src/stm32f4xx_hal_tim.o
                0x000000000800d12c                HAL_TIM_PWM_Init
 *fill*         0x000000000800d1ca        0x2 
 .text.HAL_TIM_PWM_Start
                0x000000000800d1cc      0x190 ./Drivers/STM32F4xx_HAL_Driver/Src/stm32f4xx_hal_tim.o
                0x000000000800d1cc                HAL_TIM_PWM_Start
 .text.HAL_TIM_Encoder_Init
                0x000000000800d35c      0x14c ./Drivers/STM32F4xx_HAL_Driver/Src/stm32f4xx_hal_tim.o
                0x000000000800d35c                HAL_TIM_Encoder_Init
 .text.HAL_TIM_Encoder_Start
                0x000000000800d4a8      0x11c ./Drivers/STM32F4xx_HAL_Driver/Src/stm32f4xx_hal_tim.o
                0x000000000800d4a8                HAL_TIM_Encoder_Start
 .text.HAL_TIM_IRQHandler
                0x000000000800d5c4      0x210 ./Drivers/STM32F4xx_HAL_Driver/Src/stm32f4xx_hal_tim.o
                0x000000000800d5c4                HAL_TIM_IRQHandler
 .text.HAL_TIM_PWM_ConfigChannel
                0x000000000800d7d4      0x184 ./Drivers/STM32F4xx_HAL_Driver/Src/stm32f4xx_hal_tim.o
                0x000000000800d7d4                HAL_TIM_PWM_ConfigChannel
 .text.HAL_TIM_ConfigClockSource
                0x000000000800d958      0x18e ./Drivers/STM32F4xx_HAL_Driver/Src/stm32f4xx_hal_tim.o
                0x000000000800d958                HAL_TIM_ConfigClockSource
 .text.HAL_TIM_OC_DelayElapsedCallback
                0x000000000800dae6       0x14 ./Drivers/STM32F4xx_HAL_Driver/Src/stm32f4xx_hal_tim.o
                0x000000000800dae6                HAL_TIM_OC_DelayElapsedCallback
 .text.HAL_TIM_IC_CaptureCallback
                0x000000000800dafa       0x14 ./Drivers/STM32F4xx_HAL_Driver/Src/stm32f4xx_hal_tim.o
                0x000000000800dafa                HAL_TIM_IC_CaptureCallback
 .text.HAL_TIM_PWM_PulseFinishedCallback
                0x000000000800db0e       0x14 ./Drivers/STM32F4xx_HAL_Driver/Src/stm32f4xx_hal_tim.o
                0x000000000800db0e                HAL_TIM_PWM_PulseFinishedCallback
 .text.HAL_TIM_TriggerCallback
                0x000000000800db22       0x14 ./Drivers/STM32F4xx_HAL_Driver/Src/stm32f4xx_hal_tim.o
                0x000000000800db22                HAL_TIM_TriggerCallback
 *fill*         0x000000000800db36        0x2 
 .text.TIM_Base_SetConfig
                0x000000000800db38      0x140 ./Drivers/STM32F4xx_HAL_Driver/Src/stm32f4xx_hal_tim.o
                0x000000000800db38                TIM_Base_SetConfig
 .text.TIM_OC1_SetConfig
                0x000000000800dc78       0xe0 ./Drivers/STM32F4xx_HAL_Driver/Src/stm32f4xx_hal_tim.o
 .text.TIM_OC2_SetConfig
                0x000000000800dd58       0xec ./Drivers/STM32F4xx_HAL_Driver/Src/stm32f4xx_hal_tim.o
                0x000000000800dd58                TIM_OC2_SetConfig
 .text.TIM_OC3_SetConfig
                0x000000000800de44       0xe8 ./Drivers/STM32F4xx_HAL_Driver/Src/stm32f4xx_hal_tim.o
 .text.TIM_OC4_SetConfig
                0x000000000800df2c       0xac ./Drivers/STM32F4xx_HAL_Driver/Src/stm32f4xx_hal_tim.o
 .text.TIM_TI1_ConfigInputStage
                0x000000000800dfd8       0x5e ./Drivers/STM32F4xx_HAL_Driver/Src/stm32f4xx_hal_tim.o
 .text.TIM_TI2_ConfigInputStage
                0x000000000800e036       0x60 ./Drivers/STM32F4xx_HAL_Driver/Src/stm32f4xx_hal_tim.o
 .text.TIM_ITRx_SetConfig
                0x000000000800e096       0x36 ./Drivers/STM32F4xx_HAL_Driver/Src/stm32f4xx_hal_tim.o
 .text.TIM_ETR_SetConfig
                0x000000000800e0cc       0x40 ./Drivers/STM32F4xx_HAL_Driver/Src/stm32f4xx_hal_tim.o
                0x000000000800e0cc                TIM_ETR_SetConfig
 .text.TIM_CCxChannelCmd
                0x000000000800e10c       0x4a ./Drivers/STM32F4xx_HAL_Driver/Src/stm32f4xx_hal_tim.o
                0x000000000800e10c                TIM_CCxChannelCmd
 *fill*         0x000000000800e156        0x2 
 .text.HAL_TIMEx_MasterConfigSynchronization
                0x000000000800e158       0xf8 ./Drivers/STM32F4xx_HAL_Driver/Src/stm32f4xx_hal_tim_ex.o
                0x000000000800e158                HAL_TIMEx_MasterConfigSynchronization
 .text.HAL_TIMEx_ConfigBreakDeadTime
                0x000000000800e250       0xa4 ./Drivers/STM32F4xx_HAL_Driver/Src/stm32f4xx_hal_tim_ex.o
                0x000000000800e250                HAL_TIMEx_ConfigBreakDeadTime
 .text.HAL_TIMEx_CommutCallback
                0x000000000800e2f4       0x14 ./Drivers/STM32F4xx_HAL_Driver/Src/stm32f4xx_hal_tim_ex.o
                0x000000000800e2f4                HAL_TIMEx_CommutCallback
 .text.HAL_TIMEx_BreakCallback
                0x000000000800e308       0x14 ./Drivers/STM32F4xx_HAL_Driver/Src/stm32f4xx_hal_tim_ex.o
                0x000000000800e308                HAL_TIMEx_BreakCallback
 .text.HAL_UART_Init
                0x000000000800e31c       0x9a ./Drivers/STM32F4xx_HAL_Driver/Src/stm32f4xx_hal_uart.o
                0x000000000800e31c                HAL_UART_Init
 *fill*         0x000000000800e3b6        0x2 
 .text.UART_SetConfig
                0x000000000800e3b8      0x4e8 ./Drivers/STM32F4xx_HAL_Driver/Src/stm32f4xx_hal_uart.o
 .text.USB_CoreInit
                0x000000000800e8a0       0xc2 ./Drivers/STM32F4xx_HAL_Driver/Src/stm32f4xx_ll_usb.o
                0x000000000800e8a0                USB_CoreInit
 .text.USB_DisableGlobalInt
                0x000000000800e962       0x22 ./Drivers/STM32F4xx_HAL_Driver/Src/stm32f4xx_ll_usb.o
                0x000000000800e962                USB_DisableGlobalInt
 .text.USB_SetCurrentMode
                0x000000000800e984       0x98 ./Drivers/STM32F4xx_HAL_Driver/Src/stm32f4xx_ll_usb.o
                0x000000000800e984                USB_SetCurrentMode
 .text.USB_DevInit
                0x000000000800ea1c      0x2c8 ./Drivers/STM32F4xx_HAL_Driver/Src/stm32f4xx_ll_usb.o
                0x000000000800ea1c                USB_DevInit
 .text.USB_FlushTxFifo
                0x000000000800ece4       0x68 ./Drivers/STM32F4xx_HAL_Driver/Src/stm32f4xx_ll_usb.o
                0x000000000800ece4                USB_FlushTxFifo
 .text.USB_FlushRxFifo
                0x000000000800ed4c       0x60 ./Drivers/STM32F4xx_HAL_Driver/Src/stm32f4xx_ll_usb.o
                0x000000000800ed4c                USB_FlushRxFifo
 .text.USB_SetDevSpeed
                0x000000000800edac       0x32 ./Drivers/STM32F4xx_HAL_Driver/Src/stm32f4xx_ll_usb.o
                0x000000000800edac                USB_SetDevSpeed
 .text.USB_DevDisconnect
                0x000000000800edde       0x42 ./Drivers/STM32F4xx_HAL_Driver/Src/stm32f4xx_ll_usb.o
                0x000000000800edde                USB_DevDisconnect
 .text.USB_GetMode
                0x000000000800ee20       0x1c ./Drivers/STM32F4xx_HAL_Driver/Src/stm32f4xx_ll_usb.o
                0x000000000800ee20                USB_GetMode
 .text.USB_CoreReset
                0x000000000800ee3c       0x68 ./Drivers/STM32F4xx_HAL_Driver/Src/stm32f4xx_ll_usb.o
 .text.malloc   0x000000000800eea4       0x10 C:/ST/STM32CubeIDE_1.13.1/STM32CubeIDE/plugins/com.st.stm32cube.ide.mcu.externaltools.gnu-tools-for-stm32.11.3.rel1.win32_1.1.0.202305231506/tools/bin/../lib/gcc/arm-none-eabi/11.3.1/../../../../arm-none-eabi/lib/thumb/v7e-m+fp/hard\libc_nano.a(libc_a-malloc.o)
                0x000000000800eea4                malloc
 .text.free     0x000000000800eeb4       0x10 C:/ST/STM32CubeIDE_1.13.1/STM32CubeIDE/plugins/com.st.stm32cube.ide.mcu.externaltools.gnu-tools-for-stm32.11.3.rel1.win32_1.1.0.202305231506/tools/bin/../lib/gcc/arm-none-eabi/11.3.1/../../../../arm-none-eabi/lib/thumb/v7e-m+fp/hard\libc_nano.a(libc_a-malloc.o)
                0x000000000800eeb4                free
 .text.sbrk_aligned
                0x000000000800eec4       0x40 C:/ST/STM32CubeIDE_1.13.1/STM32CubeIDE/plugins/com.st.stm32cube.ide.mcu.externaltools.gnu-tools-for-stm32.11.3.rel1.win32_1.1.0.202305231506/tools/bin/../lib/gcc/arm-none-eabi/11.3.1/../../../../arm-none-eabi/lib/thumb/v7e-m+fp/hard\libc_nano.a(libc_a-mallocr.o)
 .text._malloc_r
                0x000000000800ef04      0x100 C:/ST/STM32CubeIDE_1.13.1/STM32CubeIDE/plugins/com.st.stm32cube.ide.mcu.externaltools.gnu-tools-for-stm32.11.3.rel1.win32_1.1.0.202305231506/tools/bin/../lib/gcc/arm-none-eabi/11.3.1/../../../../arm-none-eabi/lib/thumb/v7e-m+fp/hard\libc_nano.a(libc_a-mallocr.o)
                0x000000000800ef04                _malloc_r
 .text.__malloc_lock
                0x000000000800f004        0xc C:/ST/STM32CubeIDE_1.13.1/STM32CubeIDE/plugins/com.st.stm32cube.ide.mcu.externaltools.gnu-tools-for-stm32.11.3.rel1.win32_1.1.0.202305231506/tools/bin/../lib/gcc/arm-none-eabi/11.3.1/../../../../arm-none-eabi/lib/thumb/v7e-m+fp/hard\libc_nano.a(libc_a-mlock.o)
                0x000000000800f004                __malloc_lock
 .text.__malloc_unlock
                0x000000000800f010        0xc C:/ST/STM32CubeIDE_1.13.1/STM32CubeIDE/plugins/com.st.stm32cube.ide.mcu.externaltools.gnu-tools-for-stm32.11.3.rel1.win32_1.1.0.202305231506/tools/bin/../lib/gcc/arm-none-eabi/11.3.1/../../../../arm-none-eabi/lib/thumb/v7e-m+fp/hard\libc_nano.a(libc_a-mlock.o)
                0x000000000800f010                __malloc_unlock
 .text.__cvt    0x000000000800f01c       0xc4 C:/ST/STM32CubeIDE_1.13.1/STM32CubeIDE/plugins/com.st.stm32cube.ide.mcu.externaltools.gnu-tools-for-stm32.11.3.rel1.win32_1.1.0.202305231506/tools/bin/../lib/gcc/arm-none-eabi/11.3.1/../../../../arm-none-eabi/lib/thumb/v7e-m+fp/hard\libc_nano.a(libc_a-nano-vfprintf_float.o)
                0x000000000800f01c                __cvt
 .text.__exponent
                0x000000000800f0e0       0x7c C:/ST/STM32CubeIDE_1.13.1/STM32CubeIDE/plugins/com.st.stm32cube.ide.mcu.externaltools.gnu-tools-for-stm32.11.3.rel1.win32_1.1.0.202305231506/tools/bin/../lib/gcc/arm-none-eabi/11.3.1/../../../../arm-none-eabi/lib/thumb/v7e-m+fp/hard\libc_nano.a(libc_a-nano-vfprintf_float.o)
                0x000000000800f0e0                __exponent
 .text._printf_float
                0x000000000800f15c      0x46c C:/ST/STM32CubeIDE_1.13.1/STM32CubeIDE/plugins/com.st.stm32cube.ide.mcu.externaltools.gnu-tools-for-stm32.11.3.rel1.win32_1.1.0.202305231506/tools/bin/../lib/gcc/arm-none-eabi/11.3.1/../../../../arm-none-eabi/lib/thumb/v7e-m+fp/hard\libc_nano.a(libc_a-nano-vfprintf_float.o)
                0x000000000800f15c                _printf_float
 .text._printf_common
                0x000000000800f5c8       0xda C:/ST/STM32CubeIDE_1.13.1/STM32CubeIDE/plugins/com.st.stm32cube.ide.mcu.externaltools.gnu-tools-for-stm32.11.3.rel1.win32_1.1.0.202305231506/tools/bin/../lib/gcc/arm-none-eabi/11.3.1/../../../../arm-none-eabi/lib/thumb/v7e-m+fp/hard\libc_nano.a(libc_a-nano-vfprintf_i.o)
                0x000000000800f5c8                _printf_common
 *fill*         0x000000000800f6a2        0x2 
 .text._printf_i
                0x000000000800f6a4      0x244 C:/ST/STM32CubeIDE_1.13.1/STM32CubeIDE/plugins/com.st.stm32cube.ide.mcu.externaltools.gnu-tools-for-stm32.11.3.rel1.win32_1.1.0.202305231506/tools/bin/../lib/gcc/arm-none-eabi/11.3.1/../../../../arm-none-eabi/lib/thumb/v7e-m+fp/hard\libc_nano.a(libc_a-nano-vfprintf_i.o)
                0x000000000800f6a4                _printf_i
 .text.std      0x000000000800f8e8       0x48 C:/ST/STM32CubeIDE_1.13.1/STM32CubeIDE/plugins/com.st.stm32cube.ide.mcu.externaltools.gnu-tools-for-stm32.11.3.rel1.win32_1.1.0.202305231506/tools/bin/../lib/gcc/arm-none-eabi/11.3.1/../../../../arm-none-eabi/lib/thumb/v7e-m+fp/hard\libc_nano.a(libc_a-findfp.o)
 .text.stdio_exit_handler
                0x000000000800f930       0x18 C:/ST/STM32CubeIDE_1.13.1/STM32CubeIDE/plugins/com.st.stm32cube.ide.mcu.externaltools.gnu-tools-for-stm32.11.3.rel1.win32_1.1.0.202305231506/tools/bin/../lib/gcc/arm-none-eabi/11.3.1/../../../../arm-none-eabi/lib/thumb/v7e-m+fp/hard\libc_nano.a(libc_a-findfp.o)
 .text.cleanup_stdio
                0x000000000800f948       0x40 C:/ST/STM32CubeIDE_1.13.1/STM32CubeIDE/plugins/com.st.stm32cube.ide.mcu.externaltools.gnu-tools-for-stm32.11.3.rel1.win32_1.1.0.202305231506/tools/bin/../lib/gcc/arm-none-eabi/11.3.1/../../../../arm-none-eabi/lib/thumb/v7e-m+fp/hard\libc_nano.a(libc_a-findfp.o)
 .text.global_stdio_init.part.0
                0x000000000800f988       0x3c C:/ST/STM32CubeIDE_1.13.1/STM32CubeIDE/plugins/com.st.stm32cube.ide.mcu.externaltools.gnu-tools-for-stm32.11.3.rel1.win32_1.1.0.202305231506/tools/bin/../lib/gcc/arm-none-eabi/11.3.1/../../../../arm-none-eabi/lib/thumb/v7e-m+fp/hard\libc_nano.a(libc_a-findfp.o)
 .text.__sfp_lock_acquire
                0x000000000800f9c4        0xc C:/ST/STM32CubeIDE_1.13.1/STM32CubeIDE/plugins/com.st.stm32cube.ide.mcu.externaltools.gnu-tools-for-stm32.11.3.rel1.win32_1.1.0.202305231506/tools/bin/../lib/gcc/arm-none-eabi/11.3.1/../../../../arm-none-eabi/lib/thumb/v7e-m+fp/hard\libc_nano.a(libc_a-findfp.o)
                0x000000000800f9c4                __sfp_lock_acquire
 .text.__sfp_lock_release
                0x000000000800f9d0        0xc C:/ST/STM32CubeIDE_1.13.1/STM32CubeIDE/plugins/com.st.stm32cube.ide.mcu.externaltools.gnu-tools-for-stm32.11.3.rel1.win32_1.1.0.202305231506/tools/bin/../lib/gcc/arm-none-eabi/11.3.1/../../../../arm-none-eabi/lib/thumb/v7e-m+fp/hard\libc_nano.a(libc_a-findfp.o)
                0x000000000800f9d0                __sfp_lock_release
 .text.__sinit  0x000000000800f9dc       0x30 C:/ST/STM32CubeIDE_1.13.1/STM32CubeIDE/plugins/com.st.stm32cube.ide.mcu.externaltools.gnu-tools-for-stm32.11.3.rel1.win32_1.1.0.202305231506/tools/bin/../lib/gcc/arm-none-eabi/11.3.1/../../../../arm-none-eabi/lib/thumb/v7e-m+fp/hard\libc_nano.a(libc_a-findfp.o)
                0x000000000800f9dc                __sinit
 .text._fwalk_sglue
                0x000000000800fa0c       0x3c C:/ST/STM32CubeIDE_1.13.1/STM32CubeIDE/plugins/com.st.stm32cube.ide.mcu.externaltools.gnu-tools-for-stm32.11.3.rel1.win32_1.1.0.202305231506/tools/bin/../lib/gcc/arm-none-eabi/11.3.1/../../../../arm-none-eabi/lib/thumb/v7e-m+fp/hard\libc_nano.a(libc_a-fwalk.o)
                0x000000000800fa0c                _fwalk_sglue
 .text.sprintf  0x000000000800fa48       0x40 C:/ST/STM32CubeIDE_1.13.1/STM32CubeIDE/plugins/com.st.stm32cube.ide.mcu.externaltools.gnu-tools-for-stm32.11.3.rel1.win32_1.1.0.202305231506/tools/bin/../lib/gcc/arm-none-eabi/11.3.1/../../../../arm-none-eabi/lib/thumb/v7e-m+fp/hard\libc_nano.a(libc_a-sprintf.o)
                0x000000000800fa48                siprintf
                0x000000000800fa48                sprintf
 .text.__sread  0x000000000800fa88       0x22 C:/ST/STM32CubeIDE_1.13.1/STM32CubeIDE/plugins/com.st.stm32cube.ide.mcu.externaltools.gnu-tools-for-stm32.11.3.rel1.win32_1.1.0.202305231506/tools/bin/../lib/gcc/arm-none-eabi/11.3.1/../../../../arm-none-eabi/lib/thumb/v7e-m+fp/hard\libc_nano.a(libc_a-stdio.o)
                0x000000000800fa88                __sread
 .text.__swrite
                0x000000000800faaa       0x38 C:/ST/STM32CubeIDE_1.13.1/STM32CubeIDE/plugins/com.st.stm32cube.ide.mcu.externaltools.gnu-tools-for-stm32.11.3.rel1.win32_1.1.0.202305231506/tools/bin/../lib/gcc/arm-none-eabi/11.3.1/../../../../arm-none-eabi/lib/thumb/v7e-m+fp/hard\libc_nano.a(libc_a-stdio.o)
                0x000000000800faaa                __swrite
 .text.__sseek  0x000000000800fae2       0x24 C:/ST/STM32CubeIDE_1.13.1/STM32CubeIDE/plugins/com.st.stm32cube.ide.mcu.externaltools.gnu-tools-for-stm32.11.3.rel1.win32_1.1.0.202305231506/tools/bin/../lib/gcc/arm-none-eabi/11.3.1/../../../../arm-none-eabi/lib/thumb/v7e-m+fp/hard\libc_nano.a(libc_a-stdio.o)
                0x000000000800fae2                __sseek
 .text.__sclose
                0x000000000800fb06        0x8 C:/ST/STM32CubeIDE_1.13.1/STM32CubeIDE/plugins/com.st.stm32cube.ide.mcu.externaltools.gnu-tools-for-stm32.11.3.rel1.win32_1.1.0.202305231506/tools/bin/../lib/gcc/arm-none-eabi/11.3.1/../../../../arm-none-eabi/lib/thumb/v7e-m+fp/hard\libc_nano.a(libc_a-stdio.o)
                0x000000000800fb06                __sclose
 .text.memset   0x000000000800fb0e       0x10 C:/ST/STM32CubeIDE_1.13.1/STM32CubeIDE/plugins/com.st.stm32cube.ide.mcu.externaltools.gnu-tools-for-stm32.11.3.rel1.win32_1.1.0.202305231506/tools/bin/../lib/gcc/arm-none-eabi/11.3.1/../../../../arm-none-eabi/lib/thumb/v7e-m+fp/hard\libc_nano.a(libc_a-memset.o)
                0x000000000800fb0e                memset
 *fill*         0x000000000800fb1e        0x2 
 .text._localeconv_r
                0x000000000800fb20        0x8 C:/ST/STM32CubeIDE_1.13.1/STM32CubeIDE/plugins/com.st.stm32cube.ide.mcu.externaltools.gnu-tools-for-stm32.11.3.rel1.win32_1.1.0.202305231506/tools/bin/../lib/gcc/arm-none-eabi/11.3.1/../../../../arm-none-eabi/lib/thumb/v7e-m+fp/hard\libc_nano.a(libc_a-localeconv.o)
                0x000000000800fb20                _localeconv_r
 .text._close_r
                0x000000000800fb28       0x20 C:/ST/STM32CubeIDE_1.13.1/STM32CubeIDE/plugins/com.st.stm32cube.ide.mcu.externaltools.gnu-tools-for-stm32.11.3.rel1.win32_1.1.0.202305231506/tools/bin/../lib/gcc/arm-none-eabi/11.3.1/../../../../arm-none-eabi/lib/thumb/v7e-m+fp/hard\libc_nano.a(libc_a-closer.o)
                0x000000000800fb28                _close_r
 .text._lseek_r
                0x000000000800fb48       0x24 C:/ST/STM32CubeIDE_1.13.1/STM32CubeIDE/plugins/com.st.stm32cube.ide.mcu.externaltools.gnu-tools-for-stm32.11.3.rel1.win32_1.1.0.202305231506/tools/bin/../lib/gcc/arm-none-eabi/11.3.1/../../../../arm-none-eabi/lib/thumb/v7e-m+fp/hard\libc_nano.a(libc_a-lseekr.o)
                0x000000000800fb48                _lseek_r
 .text._read_r  0x000000000800fb6c       0x24 C:/ST/STM32CubeIDE_1.13.1/STM32CubeIDE/plugins/com.st.stm32cube.ide.mcu.externaltools.gnu-tools-for-stm32.11.3.rel1.win32_1.1.0.202305231506/tools/bin/../lib/gcc/arm-none-eabi/11.3.1/../../../../arm-none-eabi/lib/thumb/v7e-m+fp/hard\libc_nano.a(libc_a-readr.o)
                0x000000000800fb6c                _read_r
 .text._sbrk_r  0x000000000800fb90       0x20 C:/ST/STM32CubeIDE_1.13.1/STM32CubeIDE/plugins/com.st.stm32cube.ide.mcu.externaltools.gnu-tools-for-stm32.11.3.rel1.win32_1.1.0.202305231506/tools/bin/../lib/gcc/arm-none-eabi/11.3.1/../../../../arm-none-eabi/lib/thumb/v7e-m+fp/hard\libc_nano.a(libc_a-sbrkr.o)
                0x000000000800fb90                _sbrk_r
 .text._write_r
                0x000000000800fbb0       0x24 C:/ST/STM32CubeIDE_1.13.1/STM32CubeIDE/plugins/com.st.stm32cube.ide.mcu.externaltools.gnu-tools-for-stm32.11.3.rel1.win32_1.1.0.202305231506/tools/bin/../lib/gcc/arm-none-eabi/11.3.1/../../../../arm-none-eabi/lib/thumb/v7e-m+fp/hard\libc_nano.a(libc_a-writer.o)
                0x000000000800fbb0                _write_r
 .text.__errno  0x000000000800fbd4        0xc C:/ST/STM32CubeIDE_1.13.1/STM32CubeIDE/plugins/com.st.stm32cube.ide.mcu.externaltools.gnu-tools-for-stm32.11.3.rel1.win32_1.1.0.202305231506/tools/bin/../lib/gcc/arm-none-eabi/11.3.1/../../../../arm-none-eabi/lib/thumb/v7e-m+fp/hard\libc_nano.a(libc_a-errno.o)
                0x000000000800fbd4                __errno
 .text.__libc_init_array
                0x000000000800fbe0       0x48 C:/ST/STM32CubeIDE_1.13.1/STM32CubeIDE/plugins/com.st.stm32cube.ide.mcu.externaltools.gnu-tools-for-stm32.11.3.rel1.win32_1.1.0.202305231506/tools/bin/../lib/gcc/arm-none-eabi/11.3.1/../../../../arm-none-eabi/lib/thumb/v7e-m+fp/hard\libc_nano.a(libc_a-init.o)
                0x000000000800fbe0                __libc_init_array
 .text.__retarget_lock_acquire_recursive
                0x000000000800fc28        0x2 C:/ST/STM32CubeIDE_1.13.1/STM32CubeIDE/plugins/com.st.stm32cube.ide.mcu.externaltools.gnu-tools-for-stm32.11.3.rel1.win32_1.1.0.202305231506/tools/bin/../lib/gcc/arm-none-eabi/11.3.1/../../../../arm-none-eabi/lib/thumb/v7e-m+fp/hard\libc_nano.a(libc_a-lock.o)
                0x000000000800fc28                __retarget_lock_acquire_recursive
 .text.__retarget_lock_release_recursive
                0x000000000800fc2a        0x2 C:/ST/STM32CubeIDE_1.13.1/STM32CubeIDE/plugins/com.st.stm32cube.ide.mcu.externaltools.gnu-tools-for-stm32.11.3.rel1.win32_1.1.0.202305231506/tools/bin/../lib/gcc/arm-none-eabi/11.3.1/../../../../arm-none-eabi/lib/thumb/v7e-m+fp/hard\libc_nano.a(libc_a-lock.o)
                0x000000000800fc2a                __retarget_lock_release_recursive
 .text.memcpy   0x000000000800fc2c       0x1c C:/ST/STM32CubeIDE_1.13.1/STM32CubeIDE/plugins/com.st.stm32cube.ide.mcu.externaltools.gnu-tools-for-stm32.11.3.rel1.win32_1.1.0.202305231506/tools/bin/../lib/gcc/arm-none-eabi/11.3.1/../../../../arm-none-eabi/lib/thumb/v7e-m+fp/hard\libc_nano.a(libc_a-memcpy-stub.o)
                0x000000000800fc2c                memcpy
 .text.quorem   0x000000000800fc48      0x110 C:/ST/STM32CubeIDE_1.13.1/STM32CubeIDE/plugins/com.st.stm32cube.ide.mcu.externaltools.gnu-tools-for-stm32.11.3.rel1.win32_1.1.0.202305231506/tools/bin/../lib/gcc/arm-none-eabi/11.3.1/../../../../arm-none-eabi/lib/thumb/v7e-m+fp/hard\libc_nano.a(libc_a-dtoa.o)
 .text._dtoa_r  0x000000000800fd58      0xbe4 C:/ST/STM32CubeIDE_1.13.1/STM32CubeIDE/plugins/com.st.stm32cube.ide.mcu.externaltools.gnu-tools-for-stm32.11.3.rel1.win32_1.1.0.202305231506/tools/bin/../lib/gcc/arm-none-eabi/11.3.1/../../../../arm-none-eabi/lib/thumb/v7e-m+fp/hard\libc_nano.a(libc_a-dtoa.o)
                0x000000000800fd58                _dtoa_r
 .text._free_r  0x000000000801093c       0x98 C:/ST/STM32CubeIDE_1.13.1/STM32CubeIDE/plugins/com.st.stm32cube.ide.mcu.externaltools.gnu-tools-for-stm32.11.3.rel1.win32_1.1.0.202305231506/tools/bin/../lib/gcc/arm-none-eabi/11.3.1/../../../../arm-none-eabi/lib/thumb/v7e-m+fp/hard\libc_nano.a(libc_a-freer.o)
                0x000000000801093c                _free_r
 .text._Balloc  0x00000000080109d4       0x80 C:/ST/STM32CubeIDE_1.13.1/STM32CubeIDE/plugins/com.st.stm32cube.ide.mcu.externaltools.gnu-tools-for-stm32.11.3.rel1.win32_1.1.0.202305231506/tools/bin/../lib/gcc/arm-none-eabi/11.3.1/../../../../arm-none-eabi/lib/thumb/v7e-m+fp/hard\libc_nano.a(libc_a-mprec.o)
                0x00000000080109d4                _Balloc
 .text._Bfree   0x0000000008010a54       0x44 C:/ST/STM32CubeIDE_1.13.1/STM32CubeIDE/plugins/com.st.stm32cube.ide.mcu.externaltools.gnu-tools-for-stm32.11.3.rel1.win32_1.1.0.202305231506/tools/bin/../lib/gcc/arm-none-eabi/11.3.1/../../../../arm-none-eabi/lib/thumb/v7e-m+fp/hard\libc_nano.a(libc_a-mprec.o)
                0x0000000008010a54                _Bfree
 .text.__multadd
                0x0000000008010a98       0x8c C:/ST/STM32CubeIDE_1.13.1/STM32CubeIDE/plugins/com.st.stm32cube.ide.mcu.externaltools.gnu-tools-for-stm32.11.3.rel1.win32_1.1.0.202305231506/tools/bin/../lib/gcc/arm-none-eabi/11.3.1/../../../../arm-none-eabi/lib/thumb/v7e-m+fp/hard\libc_nano.a(libc_a-mprec.o)
                0x0000000008010a98                __multadd
 .text.__hi0bits
                0x0000000008010b24       0x40 C:/ST/STM32CubeIDE_1.13.1/STM32CubeIDE/plugins/com.st.stm32cube.ide.mcu.externaltools.gnu-tools-for-stm32.11.3.rel1.win32_1.1.0.202305231506/tools/bin/../lib/gcc/arm-none-eabi/11.3.1/../../../../arm-none-eabi/lib/thumb/v7e-m+fp/hard\libc_nano.a(libc_a-mprec.o)
                0x0000000008010b24                __hi0bits
 .text.__lo0bits
                0x0000000008010b64       0x5a C:/ST/STM32CubeIDE_1.13.1/STM32CubeIDE/plugins/com.st.stm32cube.ide.mcu.externaltools.gnu-tools-for-stm32.11.3.rel1.win32_1.1.0.202305231506/tools/bin/../lib/gcc/arm-none-eabi/11.3.1/../../../../arm-none-eabi/lib/thumb/v7e-m+fp/hard\libc_nano.a(libc_a-mprec.o)
                0x0000000008010b64                __lo0bits
 *fill*         0x0000000008010bbe        0x2 
 .text.__i2b    0x0000000008010bc0       0x2c C:/ST/STM32CubeIDE_1.13.1/STM32CubeIDE/plugins/com.st.stm32cube.ide.mcu.externaltools.gnu-tools-for-stm32.11.3.rel1.win32_1.1.0.202305231506/tools/bin/../lib/gcc/arm-none-eabi/11.3.1/../../../../arm-none-eabi/lib/thumb/v7e-m+fp/hard\libc_nano.a(libc_a-mprec.o)
                0x0000000008010bc0                __i2b
 .text.__multiply
                0x0000000008010bec      0x154 C:/ST/STM32CubeIDE_1.13.1/STM32CubeIDE/plugins/com.st.stm32cube.ide.mcu.externaltools.gnu-tools-for-stm32.11.3.rel1.win32_1.1.0.202305231506/tools/bin/../lib/gcc/arm-none-eabi/11.3.1/../../../../arm-none-eabi/lib/thumb/v7e-m+fp/hard\libc_nano.a(libc_a-mprec.o)
                0x0000000008010bec                __multiply
 .text.__pow5mult
                0x0000000008010d40       0xb4 C:/ST/STM32CubeIDE_1.13.1/STM32CubeIDE/plugins/com.st.stm32cube.ide.mcu.externaltools.gnu-tools-for-stm32.11.3.rel1.win32_1.1.0.202305231506/tools/bin/../lib/gcc/arm-none-eabi/11.3.1/../../../../arm-none-eabi/lib/thumb/v7e-m+fp/hard\libc_nano.a(libc_a-mprec.o)
                0x0000000008010d40                __pow5mult
 .text.__lshift
                0x0000000008010df4       0xd8 C:/ST/STM32CubeIDE_1.13.1/STM32CubeIDE/plugins/com.st.stm32cube.ide.mcu.externaltools.gnu-tools-for-stm32.11.3.rel1.win32_1.1.0.202305231506/tools/bin/../lib/gcc/arm-none-eabi/11.3.1/../../../../arm-none-eabi/lib/thumb/v7e-m+fp/hard\libc_nano.a(libc_a-mprec.o)
                0x0000000008010df4                __lshift
 .text.__mcmp   0x0000000008010ecc       0x38 C:/ST/STM32CubeIDE_1.13.1/STM32CubeIDE/plugins/com.st.stm32cube.ide.mcu.externaltools.gnu-tools-for-stm32.11.3.rel1.win32_1.1.0.202305231506/tools/bin/../lib/gcc/arm-none-eabi/11.3.1/../../../../arm-none-eabi/lib/thumb/v7e-m+fp/hard\libc_nano.a(libc_a-mprec.o)
                0x0000000008010ecc                __mcmp
 .text.__mdiff  0x0000000008010f04      0x114 C:/ST/STM32CubeIDE_1.13.1/STM32CubeIDE/plugins/com.st.stm32cube.ide.mcu.externaltools.gnu-tools-for-stm32.11.3.rel1.win32_1.1.0.202305231506/tools/bin/../lib/gcc/arm-none-eabi/11.3.1/../../../../arm-none-eabi/lib/thumb/v7e-m+fp/hard\libc_nano.a(libc_a-mprec.o)
                0x0000000008010f04                __mdiff
 .text.__d2b    0x0000000008011018       0xb4 C:/ST/STM32CubeIDE_1.13.1/STM32CubeIDE/plugins/com.st.stm32cube.ide.mcu.externaltools.gnu-tools-for-stm32.11.3.rel1.win32_1.1.0.202305231506/tools/bin/../lib/gcc/arm-none-eabi/11.3.1/../../../../arm-none-eabi/lib/thumb/v7e-m+fp/hard\libc_nano.a(libc_a-mprec.o)
                0x0000000008011018                __d2b
 .text.__ssputs_r
                0x00000000080110cc       0xb4 C:/ST/STM32CubeIDE_1.13.1/STM32CubeIDE/plugins/com.st.stm32cube.ide.mcu.externaltools.gnu-tools-for-stm32.11.3.rel1.win32_1.1.0.202305231506/tools/bin/../lib/gcc/arm-none-eabi/11.3.1/../../../../arm-none-eabi/lib/thumb/v7e-m+fp/hard\libc_nano.a(libc_a-nano-svfprintf.o)
                0x00000000080110cc                __ssputs_r
 .text._svfprintf_r
                0x0000000008011180      0x1fc C:/ST/STM32CubeIDE_1.13.1/STM32CubeIDE/plugins/com.st.stm32cube.ide.mcu.externaltools.gnu-tools-for-stm32.11.3.rel1.win32_1.1.0.202305231506/tools/bin/../lib/gcc/arm-none-eabi/11.3.1/../../../../arm-none-eabi/lib/thumb/v7e-m+fp/hard\libc_nano.a(libc_a-nano-svfprintf.o)
                0x0000000008011180                _svfiprintf_r
                0x0000000008011180                _svfprintf_r
 .text.__sflush_r
                0x000000000801137c      0x10c C:/ST/STM32CubeIDE_1.13.1/STM32CubeIDE/plugins/com.st.stm32cube.ide.mcu.externaltools.gnu-tools-for-stm32.11.3.rel1.win32_1.1.0.202305231506/tools/bin/../lib/gcc/arm-none-eabi/11.3.1/../../../../arm-none-eabi/lib/thumb/v7e-m+fp/hard\libc_nano.a(libc_a-fflush.o)
                0x000000000801137c                __sflush_r
 .text._fflush_r
                0x0000000008011488       0x50 C:/ST/STM32CubeIDE_1.13.1/STM32CubeIDE/plugins/com.st.stm32cube.ide.mcu.externaltools.gnu-tools-for-stm32.11.3.rel1.win32_1.1.0.202305231506/tools/bin/../lib/gcc/arm-none-eabi/11.3.1/../../../../arm-none-eabi/lib/thumb/v7e-m+fp/hard\libc_nano.a(libc_a-fflush.o)
                0x0000000008011488                _fflush_r
 .text.memmove  0x00000000080114d8       0x34 C:/ST/STM32CubeIDE_1.13.1/STM32CubeIDE/plugins/com.st.stm32cube.ide.mcu.externaltools.gnu-tools-for-stm32.11.3.rel1.win32_1.1.0.202305231506/tools/bin/../lib/gcc/arm-none-eabi/11.3.1/../../../../arm-none-eabi/lib/thumb/v7e-m+fp/hard\libc_nano.a(libc_a-memmove.o)
                0x00000000080114d8                memmove
 .text.__assert_func
                0x000000000801150c       0x3c C:/ST/STM32CubeIDE_1.13.1/STM32CubeIDE/plugins/com.st.stm32cube.ide.mcu.externaltools.gnu-tools-for-stm32.11.3.rel1.win32_1.1.0.202305231506/tools/bin/../lib/gcc/arm-none-eabi/11.3.1/../../../../arm-none-eabi/lib/thumb/v7e-m+fp/hard\libc_nano.a(libc_a-assert.o)
                0x000000000801150c                __assert_func
 .text._calloc_r
                0x0000000008011548       0x2c C:/ST/STM32CubeIDE_1.13.1/STM32CubeIDE/plugins/com.st.stm32cube.ide.mcu.externaltools.gnu-tools-for-stm32.11.3.rel1.win32_1.1.0.202305231506/tools/bin/../lib/gcc/arm-none-eabi/11.3.1/../../../../arm-none-eabi/lib/thumb/v7e-m+fp/hard\libc_nano.a(libc_a-callocr.o)
                0x0000000008011548                _calloc_r
 .text.__ascii_mbtowc
                0x0000000008011574       0x24 C:/ST/STM32CubeIDE_1.13.1/STM32CubeIDE/plugins/com.st.stm32cube.ide.mcu.externaltools.gnu-tools-for-stm32.11.3.rel1.win32_1.1.0.202305231506/tools/bin/../lib/gcc/arm-none-eabi/11.3.1/../../../../arm-none-eabi/lib/thumb/v7e-m+fp/hard\libc_nano.a(libc_a-mbtowc_r.o)
                0x0000000008011574                __ascii_mbtowc
 .text._realloc_r
                0x0000000008011598       0x5e C:/ST/STM32CubeIDE_1.13.1/STM32CubeIDE/plugins/com.st.stm32cube.ide.mcu.externaltools.gnu-tools-for-stm32.11.3.rel1.win32_1.1.0.202305231506/tools/bin/../lib/gcc/arm-none-eabi/11.3.1/../../../../arm-none-eabi/lib/thumb/v7e-m+fp/hard\libc_nano.a(libc_a-reallocr.o)
                0x0000000008011598                _realloc_r
 .text.__ascii_wctomb
                0x00000000080115f6       0x1a C:/ST/STM32CubeIDE_1.13.1/STM32CubeIDE/plugins/com.st.stm32cube.ide.mcu.externaltools.gnu-tools-for-stm32.11.3.rel1.win32_1.1.0.202305231506/tools/bin/../lib/gcc/arm-none-eabi/11.3.1/../../../../arm-none-eabi/lib/thumb/v7e-m+fp/hard\libc_nano.a(libc_a-wctomb_r.o)
                0x00000000080115f6                __ascii_wctomb
 .text.fprintf  0x0000000008011610       0x24 C:/ST/STM32CubeIDE_1.13.1/STM32CubeIDE/plugins/com.st.stm32cube.ide.mcu.externaltools.gnu-tools-for-stm32.11.3.rel1.win32_1.1.0.202305231506/tools/bin/../lib/gcc/arm-none-eabi/11.3.1/../../../../arm-none-eabi/lib/thumb/v7e-m+fp/hard\libc_nano.a(libc_a-fprintf.o)
                0x0000000008011610                fiprintf
                0x0000000008011610                fprintf
 .text.abort    0x0000000008011634        0xe C:/ST/STM32CubeIDE_1.13.1/STM32CubeIDE/plugins/com.st.stm32cube.ide.mcu.externaltools.gnu-tools-for-stm32.11.3.rel1.win32_1.1.0.202305231506/tools/bin/../lib/gcc/arm-none-eabi/11.3.1/../../../../arm-none-eabi/lib/thumb/v7e-m+fp/hard\libc_nano.a(libc_a-abort.o)
                0x0000000008011634                abort
 .text._malloc_usable_size_r
                0x0000000008011642       0x10 C:/ST/STM32CubeIDE_1.13.1/STM32CubeIDE/plugins/com.st.stm32cube.ide.mcu.externaltools.gnu-tools-for-stm32.11.3.rel1.win32_1.1.0.202305231506/tools/bin/../lib/gcc/arm-none-eabi/11.3.1/../../../../arm-none-eabi/lib/thumb/v7e-m+fp/hard\libc_nano.a(libc_a-msizer.o)
                0x0000000008011642                _malloc_usable_size_r
 .text.__sfputc_r
                0x0000000008011652       0x2e C:/ST/STM32CubeIDE_1.13.1/STM32CubeIDE/plugins/com.st.stm32cube.ide.mcu.externaltools.gnu-tools-for-stm32.11.3.rel1.win32_1.1.0.202305231506/tools/bin/../lib/gcc/arm-none-eabi/11.3.1/../../../../arm-none-eabi/lib/thumb/v7e-m+fp/hard\libc_nano.a(libc_a-nano-vfprintf.o)
 .text.__sfputs_r
                0x0000000008011680       0x24 C:/ST/STM32CubeIDE_1.13.1/STM32CubeIDE/plugins/com.st.stm32cube.ide.mcu.externaltools.gnu-tools-for-stm32.11.3.rel1.win32_1.1.0.202305231506/tools/bin/../lib/gcc/arm-none-eabi/11.3.1/../../../../arm-none-eabi/lib/thumb/v7e-m+fp/hard\libc_nano.a(libc_a-nano-vfprintf.o)
                0x0000000008011680                __sfputs_r
 .text._vfprintf_r
                0x00000000080116a4      0x234 C:/ST/STM32CubeIDE_1.13.1/STM32CubeIDE/plugins/com.st.stm32cube.ide.mcu.externaltools.gnu-tools-for-stm32.11.3.rel1.win32_1.1.0.202305231506/tools/bin/../lib/gcc/arm-none-eabi/11.3.1/../../../../arm-none-eabi/lib/thumb/v7e-m+fp/hard\libc_nano.a(libc_a-nano-vfprintf.o)
                0x00000000080116a4                _vfprintf_r
                0x00000000080116a4                _vfiprintf_r
 .text.__swbuf_r
                0x00000000080118d8       0x7a C:/ST/STM32CubeIDE_1.13.1/STM32CubeIDE/plugins/com.st.stm32cube.ide.mcu.externaltools.gnu-tools-for-stm32.11.3.rel1.win32_1.1.0.202305231506/tools/bin/../lib/gcc/arm-none-eabi/11.3.1/../../../../arm-none-eabi/lib/thumb/v7e-m+fp/hard\libc_nano.a(libc_a-wbuf.o)
                0x00000000080118d8                __swbuf_r
 *fill*         0x0000000008011952        0x2 
 .text.__swsetup_r
                0x0000000008011954       0xb0 C:/ST/STM32CubeIDE_1.13.1/STM32CubeIDE/plugins/com.st.stm32cube.ide.mcu.externaltools.gnu-tools-for-stm32.11.3.rel1.win32_1.1.0.202305231506/tools/bin/../lib/gcc/arm-none-eabi/11.3.1/../../../../arm-none-eabi/lib/thumb/v7e-m+fp/hard\libc_nano.a(libc_a-wsetup.o)
                0x0000000008011954                __swsetup_r
 .text._raise_r
                0x0000000008011a04       0x50 C:/ST/STM32CubeIDE_1.13.1/STM32CubeIDE/plugins/com.st.stm32cube.ide.mcu.externaltools.gnu-tools-for-stm32.11.3.rel1.win32_1.1.0.202305231506/tools/bin/../lib/gcc/arm-none-eabi/11.3.1/../../../../arm-none-eabi/lib/thumb/v7e-m+fp/hard\libc_nano.a(libc_a-signal.o)
                0x0000000008011a04                _raise_r
 .text.raise    0x0000000008011a54       0x10 C:/ST/STM32CubeIDE_1.13.1/STM32CubeIDE/plugins/com.st.stm32cube.ide.mcu.externaltools.gnu-tools-for-stm32.11.3.rel1.win32_1.1.0.202305231506/tools/bin/../lib/gcc/arm-none-eabi/11.3.1/../../../../arm-none-eabi/lib/thumb/v7e-m+fp/hard\libc_nano.a(libc_a-signal.o)
                0x0000000008011a54                raise
 .text._kill_r  0x0000000008011a64       0x24 C:/ST/STM32CubeIDE_1.13.1/STM32CubeIDE/plugins/com.st.stm32cube.ide.mcu.externaltools.gnu-tools-for-stm32.11.3.rel1.win32_1.1.0.202305231506/tools/bin/../lib/gcc/arm-none-eabi/11.3.1/../../../../arm-none-eabi/lib/thumb/v7e-m+fp/hard\libc_nano.a(libc_a-signalr.o)
                0x0000000008011a64                _kill_r
 .text._getpid_r
                0x0000000008011a88        0x4 C:/ST/STM32CubeIDE_1.13.1/STM32CubeIDE/plugins/com.st.stm32cube.ide.mcu.externaltools.gnu-tools-for-stm32.11.3.rel1.win32_1.1.0.202305231506/tools/bin/../lib/gcc/arm-none-eabi/11.3.1/../../../../arm-none-eabi/lib/thumb/v7e-m+fp/hard\libc_nano.a(libc_a-signalr.o)
                0x0000000008011a88                _getpid_r
 .text.__swhatbuf_r
                0x0000000008011a8c       0x4c C:/ST/STM32CubeIDE_1.13.1/STM32CubeIDE/plugins/com.st.stm32cube.ide.mcu.externaltools.gnu-tools-for-stm32.11.3.rel1.win32_1.1.0.202305231506/tools/bin/../lib/gcc/arm-none-eabi/11.3.1/../../../../arm-none-eabi/lib/thumb/v7e-m+fp/hard\libc_nano.a(libc_a-makebuf.o)
                0x0000000008011a8c                __swhatbuf_r
 .text.__smakebuf_r
                0x0000000008011ad8       0x78 C:/ST/STM32CubeIDE_1.13.1/STM32CubeIDE/plugins/com.st.stm32cube.ide.mcu.externaltools.gnu-tools-for-stm32.11.3.rel1.win32_1.1.0.202305231506/tools/bin/../lib/gcc/arm-none-eabi/11.3.1/../../../../arm-none-eabi/lib/thumb/v7e-m+fp/hard\libc_nano.a(libc_a-makebuf.o)
                0x0000000008011ad8                __smakebuf_r
 .text._fstat_r
                0x0000000008011b50       0x24 C:/ST/STM32CubeIDE_1.13.1/STM32CubeIDE/plugins/com.st.stm32cube.ide.mcu.externaltools.gnu-tools-for-stm32.11.3.rel1.win32_1.1.0.202305231506/tools/bin/../lib/gcc/arm-none-eabi/11.3.1/../../../../arm-none-eabi/lib/thumb/v7e-m+fp/hard\libc_nano.a(libc_a-fstatr.o)
                0x0000000008011b50                _fstat_r
 .text._isatty_r
                0x0000000008011b74       0x20 C:/ST/STM32CubeIDE_1.13.1/STM32CubeIDE/plugins/com.st.stm32cube.ide.mcu.externaltools.gnu-tools-for-stm32.11.3.rel1.win32_1.1.0.202305231506/tools/bin/../lib/gcc/arm-none-eabi/11.3.1/../../../../arm-none-eabi/lib/thumb/v7e-m+fp/hard\libc_nano.a(libc_a-isattyr.o)
                0x0000000008011b74                _isatty_r
 *fill*         0x0000000008011b94        0x4 
 .text.exp      0x0000000008011b98       0x90 C:/ST/STM32CubeIDE_1.13.1/STM32CubeIDE/plugins/com.st.stm32cube.ide.mcu.externaltools.gnu-tools-for-stm32.11.3.rel1.win32_1.1.0.202305231506/tools/bin/../lib/gcc/arm-none-eabi/11.3.1/../../../../arm-none-eabi/lib/thumb/v7e-m+fp/hard\libm.a(libm_a-w_exp.o)
                0x0000000008011b98                exp
 .text.finite   0x0000000008011c28       0x16 C:/ST/STM32CubeIDE_1.13.1/STM32CubeIDE/plugins/com.st.stm32cube.ide.mcu.externaltools.gnu-tools-for-stm32.11.3.rel1.win32_1.1.0.202305231506/tools/bin/../lib/gcc/arm-none-eabi/11.3.1/../../../../arm-none-eabi/lib/thumb/v7e-m+fp/hard\libm.a(libm_a-s_finite.o)
                0x0000000008011c28                finite
 *fill*         0x0000000008011c3e        0x2 
 .text.__ieee754_exp
                0x0000000008011c40      0x304 C:/ST/STM32CubeIDE_1.13.1/STM32CubeIDE/plugins/com.st.stm32cube.ide.mcu.externaltools.gnu-tools-for-stm32.11.3.rel1.win32_1.1.0.202305231506/tools/bin/../lib/gcc/arm-none-eabi/11.3.1/../../../../arm-none-eabi/lib/thumb/v7e-m+fp/hard\libm.a(libm_a-e_exp.o)
                0x0000000008011c40                __ieee754_exp
 .text.with_errno