Archive member included to satisfy reference by file (symbol)

c:/st/stm32cubeide_1.11.2/stm32cubeide/plugins/com.st.stm32cube.ide.mcu.externaltools.gnu-tools-for-stm32.10.3-2021.10.win32_1.0.100.202210260954/tools/bin/../lib/gcc/arm-none-eabi/10.3.1/../../../../arm-none-eabi/lib/thumb/v7e-m+fp/hard\libc_nano.a(lib_a-errno.o)
                              ./Core/Src/syscalls.o (__errno)
c:/st/stm32cubeide_1.11.2/stm32cubeide/plugins/com.st.stm32cube.ide.mcu.externaltools.gnu-tools-for-stm32.10.3-2021.10.win32_1.0.100.202210260954/tools/bin/../lib/gcc/arm-none-eabi/10.3.1/../../../../arm-none-eabi/lib/thumb/v7e-m+fp/hard\libc_nano.a(lib_a-exit.o)
                              c:/st/stm32cubeide_1.11.2/stm32cubeide/plugins/com.st.stm32cube.ide.mcu.externaltools.gnu-tools-for-stm32.10.3-2021.10.win32_1.0.100.202210260954/tools/bin/../lib/gcc/arm-none-eabi/10.3.1/../../../../arm-none-eabi/lib/thumb/v7e-m+fp/hard/crt0.o (exit)
c:/st/stm32cubeide_1.11.2/stm32cubeide/plugins/com.st.stm32cube.ide.mcu.externaltools.gnu-tools-for-stm32.10.3-2021.10.win32_1.0.100.202210260954/tools/bin/../lib/gcc/arm-none-eabi/10.3.1/../../../../arm-none-eabi/lib/thumb/v7e-m+fp/hard\libc_nano.a(lib_a-impure.o)
                              c:/st/stm32cubeide_1.11.2/stm32cubeide/plugins/com.st.stm32cube.ide.mcu.externaltools.gnu-tools-for-stm32.10.3-2021.10.win32_1.0.100.202210260954/tools/bin/../lib/gcc/arm-none-eabi/10.3.1/../../../../arm-none-eabi/lib/thumb/v7e-m+fp/hard\libc_nano.a(lib_a-exit.o) (_global_impure_ptr)
c:/st/stm32cubeide_1.11.2/stm32cubeide/plugins/com.st.stm32cube.ide.mcu.externaltools.gnu-tools-for-stm32.10.3-2021.10.win32_1.0.100.202210260954/tools/bin/../lib/gcc/arm-none-eabi/10.3.1/../../../../arm-none-eabi/lib/thumb/v7e-m+fp/hard\libc_nano.a(lib_a-init.o)
                              c:/st/stm32cubeide_1.11.2/stm32cubeide/plugins/com.st.stm32cube.ide.mcu.externaltools.gnu-tools-for-stm32.10.3-2021.10.win32_1.0.100.202210260954/tools/bin/../lib/gcc/arm-none-eabi/10.3.1/../../../../arm-none-eabi/lib/thumb/v7e-m+fp/hard/crt0.o (__libc_init_array)
c:/st/stm32cubeide_1.11.2/stm32cubeide/plugins/com.st.stm32cube.ide.mcu.externaltools.gnu-tools-for-stm32.10.3-2021.10.win32_1.0.100.202210260954/tools/bin/../lib/gcc/arm-none-eabi/10.3.1/../../../../arm-none-eabi/lib/thumb/v7e-m+fp/hard\libc_nano.a(lib_a-malloc.o)
                              ./Core/Src/sensor.o (malloc)
c:/st/stm32cubeide_1.11.2/stm32cubeide/plugins/com.st.stm32cube.ide.mcu.externaltools.gnu-tools-for-stm32.10.3-2021.10.win32_1.0.100.202210260954/tools/bin/../lib/gcc/arm-none-eabi/10.3.1/../../../../arm-none-eabi/lib/thumb/v7e-m+fp/hard\libc_nano.a(lib_a-memcpy-stub.o)
                              ./Core/Src/storage.o (memcpy)
c:/st/stm32cubeide_1.11.2/stm32cubeide/plugins/com.st.stm32cube.ide.mcu.externaltools.gnu-tools-for-stm32.10.3-2021.10.win32_1.0.100.202210260954/tools/bin/../lib/gcc/arm-none-eabi/10.3.1/../../../../arm-none-eabi/lib/thumb/v7e-m+fp/hard\libc_nano.a(lib_a-memset.o)
                              c:/st/stm32cubeide_1.11.2/stm32cubeide/plugins/com.st.stm32cube.ide.mcu.externaltools.gnu-tools-for-stm32.10.3-2021.10.win32_1.0.100.202210260954/tools/bin/../lib/gcc/arm-none-eabi/10.3.1/../../../../arm-none-eabi/lib/thumb/v7e-m+fp/hard/crt0.o (memset)
c:/st/stm32cubeide_1.11.2/stm32cubeide/plugins/com.st.stm32cube.ide.mcu.externaltools.gnu-tools-for-stm32.10.3-2021.10.win32_1.0.100.202210260954/tools/bin/../lib/gcc/arm-none-eabi/10.3.1/../../../../arm-none-eabi/lib/thumb/v7e-m+fp/hard\libc_nano.a(lib_a-nano-freer.o)
                              c:/st/stm32cubeide_1.11.2/stm32cubeide/plugins/com.st.stm32cube.ide.mcu.externaltools.gnu-tools-for-stm32.10.3-2021.10.win32_1.0.100.202210260954/tools/bin/../lib/gcc/arm-none-eabi/10.3.1/../../../../arm-none-eabi/lib/thumb/v7e-m+fp/hard\libc_nano.a(lib_a-malloc.o) (_free_r)
c:/st/stm32cubeide_1.11.2/stm32cubeide/plugins/com.st.stm32cube.ide.mcu.externaltools.gnu-tools-for-stm32.10.3-2021.10.win32_1.0.100.202210260954/tools/bin/../lib/gcc/arm-none-eabi/10.3.1/../../../../arm-none-eabi/lib/thumb/v7e-m+fp/hard\libc_nano.a(lib_a-nano-mallocr.o)
                              c:/st/stm32cubeide_1.11.2/stm32cubeide/plugins/com.st.stm32cube.ide.mcu.externaltools.gnu-tools-for-stm32.10.3-2021.10.win32_1.0.100.202210260954/tools/bin/../lib/gcc/arm-none-eabi/10.3.1/../../../../arm-none-eabi/lib/thumb/v7e-m+fp/hard\libc_nano.a(lib_a-malloc.o) (_malloc_r)
c:/st/stm32cubeide_1.11.2/stm32cubeide/plugins/com.st.stm32cube.ide.mcu.externaltools.gnu-tools-for-stm32.10.3-2021.10.win32_1.0.100.202210260954/tools/bin/../lib/gcc/arm-none-eabi/10.3.1/../../../../arm-none-eabi/lib/thumb/v7e-m+fp/hard\libc_nano.a(lib_a-nano-vfprintf_float.o)
                              (_printf_float)
[...]
Memory Configuration

Name             Origin             Length             Attributes
CCMRAM           0x0000000010000000 0x0000000000010000 xrw
RAM              0x0000000020000000 0x0000000000020000 xrw
FLASH            0x0000000008000000 0x0000000000100000 xr
*default*        0x0000000000000000 0xffffffffffffffff

Linker script and memory map

LOAD c:/st/stm32cubeide_1.11.2/stm32cubeide/plugins/com.st.stm32cube.ide.mcu.externaltools.gnu-tools-for-stm32.10.3-2021.10.win32_1.0.100.202210260954/tools/bin/../lib/gcc/arm-none-eabi/10.3.1/thumb/v7e-m+fp/hard/crti.o
LOAD c:/st/stm32cubeide_1.11.2/stm32cubeide/plugins/com.st.stm32cube.ide.mcu.externaltools.gnu-tools-for-stm32.10.3-2021.10.win32_1.0.100.202210260954/tools/bin/../lib/gcc/arm-none-eabi/10.3.1/thumb/v7e-m+fp/hard/crtbegin.o
LOAD c:/st/stm32cubeide_1.11.2/stm32cubeide/plugins/com.st.stm32cube.ide.mcu.externaltools.gnu-tools-for-stm32.10.3-2021.10.win32_1.0.100.202210260954/tools/bin/../lib/gcc/arm-none-eabi/10.3.1/../../../../arm-none-eabi/lib/thumb/v7e-m+fp/hard/crt0.o
LOAD ./Core/Src/adc.o
LOAD ./Core/Src/display.o
LOAD ./Core/Src/dma.o
LOAD ./Core/Src/eeprom.o
LOAD ./Core/Src/gpio.o
LOAD ./Core/Src/i2c.o
LOAD ./Core/Src/main.o
LOAD ./Core/Src/motor.o
LOAD ./Core/Src/oled.o
LOAD ./Core/Src/plan.o
LOAD ./Core/Src/run.o
LOAD ./Core/Src/sensor.o
LOAD ./Core/Src/stm32f4xx_hal_msp.o
LOAD ./Core/Src/stm32f4xx_it.o
LOAD ./Core/Src/storage.o
LOAD ./Core/Src/syscalls.o
LOAD ./Core/Src/sysmem.o
LOAD ./Core/Src/system_stm32f4xx.o
LOAD ./Core/Src/tim.o
LOAD ./Core/Src/ui.o
LOAD ./Core/Src/usart.o
LOAD ./Core/Src/usb_otg.o
LOAD ./Core/Startup/startup_stm32f405rgtx.o
LOAD ./Drivers/STM32F4xx_HAL_Driver/Src/stm32f4xx_hal.o
LOAD ./Drivers/STM32F4xx_HAL_Driver/Src/stm32f4xx_hal_adc.o
LOAD ./Drivers/STM32F4xx_HAL_Driver/Src/stm32f4xx_hal_adc_ex.o
LOAD ./Drivers/STM32F4xx_HAL_Driver/Src/stm32f4xx_hal_cortex.o
LOAD ./Drivers/STM32F4xx_HAL_Driver/Src/stm32f4xx_hal_dma.o
LOAD ./Drivers/STM32F4xx_HAL_Driver/Src/stm32f4xx_hal_dma_ex.o
LOAD ./Drivers/STM32F4xx_HAL_Driver/Src/stm32f4xx_hal_exti.o
LOAD ./Drivers/STM32F4xx_HAL_Driver/Src/stm32f4xx_hal_flash.o
LOAD ./Drivers/STM32F4xx_HAL_Driver/Src/stm32f4xx_hal_flash_ex.o
LOAD ./Drivers/STM32F4xx_HAL_Driver/Src/stm32f4xx_hal_flash_ramfunc.o
LOAD ./Drivers/STM32F4xx_HAL_Driver/Src/stm32f4xx_hal_gpio.o
LOAD ./Drivers/STM32F4xx_HAL_Driver/Src/stm32f4xx_hal_i2c.o
LOAD ./Drivers/STM32F4xx_HAL_Driver/Src/stm32f4xx_hal_i2c_ex.o
LOAD ./Drivers/STM32F4xx_HAL_Driver/Src/stm32f4xx_hal_pcd.o
LOAD ./Drivers/STM32F4xx_HAL_Driver/Src/stm32f4xx_hal_pcd_ex.o
LOAD ./Drivers/STM32F4xx_HAL_Driver/Src/stm32f4xx_hal_pwr.o
LOAD ./Drivers/STM32F4xx_HAL_Driver/Src/stm32f4xx_hal_pwr_ex.o
LOAD ./Drivers/STM32F4xx_HAL_Driver/Src/stm32f4xx_hal_rcc.o
LOAD ./Drivers/STM32F4xx_HAL_Driver/Src/stm32f4xx_hal_rcc_ex.o
LOAD ./Drivers/STM32F4xx_HAL_Driver/Src/stm32f4xx_hal_tim.o
LOAD ./Drivers/STM32F4xx_HAL_Driver/Src/stm32f4xx_hal_tim_ex.o
LOAD ./Drivers/STM32F4xx_HAL_Driver/Src/stm32f4xx_hal_uart.o
LOAD ./Drivers/STM32F4xx_HAL_Driver/Src/stm32f4xx_ll_adc.o
LOAD ./Drivers/STM32F4xx_HAL_Driver/Src/stm32f4xx_ll_usb.o
START GROUP
LOAD c:/st/stm32cubeide_1.11.2/stm32cubeide/plugins/com.st.stm32cube.ide.mcu.externaltools.gnu-tools-for-stm32.10.3-2021.10.win32_1.0.100.202210260954/tools/bin/../lib/gcc/arm-none-eabi/10.3.1/../../../../arm-none-eabi/lib/thumb/v7e-m+fp/hard\libc_nano.a
LOAD c:/st/stm32cubeide_1.11.2/stm32cubeide/plugins/com.st.stm32cube.ide.mcu.externaltools.gnu-tools-for-stm32.10.3-2021.10.win32_1.0.100.202210260954/tools/bin/../lib/gcc/arm-none-eabi/10.3.1/../../../../arm-none-eabi/lib/thumb/v7e-m+fp/hard\libm.a
END GROUP
START GROUP
LOAD c:/st/stm32cubeide_1.11.2/stm32cubeide/plugins/com.st.stm32cube.ide.mcu.externaltools.gnu-tools-for-stm32.10.3-2021.10.win32_1.0.100.202210260954/tools/bin/../lib/gcc/arm-none-eabi/10.3.1/thumb/v7e-m+fp/hard\libgcc.a
LOAD c:/st/stm32cubeide_1.11.2/stm32cubeide/plugins/com.st.stm32cube.ide.mcu.externaltools.gnu-tools-for-stm32.10.3-2021.10.win32_1.0.100.202210260954/tools/bin/../lib/gcc/arm-none-eabi/10.3.1/../../../../arm-none-eabi/lib/thumb/v7e-m+fp/hard\libc_nano.a
END GROUP
START GROUP
LOAD c:/st/stm32cubeide_1.11.2/stm32cubeide/plugins/com.st.stm32cube.ide.mcu.externaltools.gnu-tools-for-stm32.10.3-2021.10.win32_1.0.100.202210260954/tools/bin/../lib/gcc/arm-none-eabi/10.3.1/thumb/v7e-m+fp/hard\libgcc.a
LOAD c:/st/stm32cubeide_1.11.2/stm32cubeide/plugins/com.st.stm32cube.ide.mcu.externaltools.gnu-tools-for-stm32.10.3-2021.10.win32_1.0.100.202210260954/tools/bin/../lib/gcc/arm-none-eabi/10.3.1/../../../../arm-none-eabi/lib/thumb/v7e-m+fp/hard\libc_nano.a
LOAD c:/st/stm32cubeide_1.11.2/stm32cubeide/plugins/com.st.stm32cube.ide.mcu.externaltools.gnu-tools-for-stm32.10.3-2021.10.win32_1.0.100.202210260954/tools/bin/../lib/gcc/arm-none-eabi/10.3.1/../../../../arm-none-eabi/lib/thumb/v7e-m+fp/hard\libnosys.a
END GROUP
START GROUP
LOAD c:/st/stm32cubeide_1.11.2/stm32cubeide/plugins/com.st.stm32cube.ide.mcu.externaltools.gnu-tools-for-stm32.10.3-2021.10.win32_1.0.100.202210260954/tools/bin/../lib/gcc/arm-none-eabi/10.3.1/thumb/v7e-m+fp/hard\libgcc.a
LOAD c:/st/stm32cubeide_1.11.2/stm32cubeide/plugins/com.st.stm32cube.ide.mcu.externaltools.gnu-tools-for-stm32.10.3-2021.10.win32_1.0.100.202210260954/tools/bin/../lib/gcc/arm-none-eabi/10.3.1/../../../../arm-none-eabi/lib/thumb/v7e-m+fp/hard\libc_nano.a
LOAD c:/st/stm32cubeide_1.11.2/stm32cubeide/plugins/com.st.stm32cube.ide.mcu.externaltools.gnu-tools-for-stm32.10.3-2021.10.win32_1.0.100.202210260954/tools/bin/../lib/gcc/arm-none-eabi/10.3.1/../../../../arm-none-eabi/lib/thumb/v7e-m+fp/hard\libnosys.a
END GROUP
LOAD c:/st/stm32cubeide_1.11.2/stm32cubeide/plugins/com.st.stm32cube.ide.mcu.externaltools.gnu-tools-for-stm32.10.3-2021.10.win32_1.0.100.202210260954/tools/bin/../lib/gcc/arm-none-eabi/10.3.1/thumb/v7e-m+fp/hard/crtend.o
LOAD c:/st/stm32cubeide_1.11.2/stm32cubeide/plugins/com.st.stm32cube.ide.mcu.externaltools.gnu-tools-for-stm32.10.3-2021.10.win32_1.0.100.202210260954/tools/bin/../lib/gcc/arm-none-eabi/10.3.1/thumb/v7e-m+fp/hard/crtn.o
                0x0000000020020000                _estack = (ORIGIN (RAM) + LENGTH (RAM))
                0x0000000000000200                _Min_Heap_Size = 0x200
                0x0000000000000400                _Min_Stack_Size = 0x400

.isr_vector     0x0000000008000000      0x188
                0x0000000008000000                . = ALIGN (0x4)
 *(.isr_vector)
 .isr_vector    0x0000000008000000      0x188 ./Core/Startup/startup_stm32f405rgtx.o
                0x0000000008000000                g_pfnVectors
                0x0000000008000188                . = ALIGN (0x4)

.text           0x0000000008000190    0x1041c
                0x0000000008000190                . = ALIGN (0x4)
 *(.text)
 .text          0x0000000008000190       0x40 c:/st/stm32cubeide_1.11.2/stm32cubeide/plugins/com.st.stm32cube.ide.mcu.externaltools.gnu-tools-for-stm32.10.3-2021.10.win32_1.0.100.202210260954/tools/bin/../lib/gcc/arm-none-eabi/10.3.1/thumb/v7e-m+fp/hard/crtbegin.o
 .text          0x00000000080001d0       0x10 c:/st/stm32cubeide_1.11.2/stm32cubeide/plugins/com.st.stm32cube.ide.mcu.externaltools.gnu-tools-for-stm32.10.3-2021.10.win32_1.0.100.202210260954/tools/bin/../lib/gcc/arm-none-eabi/10.3.1/../../../../arm-none-eabi/lib/thumb/v7e-m+fp/hard\libc_nano.a(lib_a-strlen.o)
                0x00000000080001d0                strlen
 .text          0x00000000080001e0       0xa0 c:/st/stm32cubeide_1.11.2/stm32cubeide/plugins/com.st.stm32cube.ide.mcu.externaltools.gnu-tools-for-stm32.10.3-2021.10.win32_1.0.100.202210260954/tools/bin/../lib/gcc/arm-none-eabi/10.3.1/../../../../arm-none-eabi/lib/thumb/v7e-m+fp/hard\libc_nano.a(lib_a-memchr.o)
                0x00000000080001e0                memchr
 .text          0x0000000008000280      0x378 c:/st/stm32cubeide_1.11.2/stm32cubeide/plugins/com.st.stm32cube.ide.mcu.externaltools.gnu-tools-for-stm32.10.3-2021.10.win32_1.0.100.202210260954/tools/bin/../lib/gcc/arm-none-eabi/10.3.1/thumb/v7e-m+fp/hard\libgcc.a(_arm_addsubdf3.o)
                0x0000000008000280                __aeabi_drsub
                0x0000000008000288                __aeabi_dsub
                0x0000000008000288                __subdf3
                0x000000000800028c                __aeabi_dadd
                0x000000000800028c                __adddf3
                0x0000000008000504                __floatunsidf
                0x0000000008000504                __aeabi_ui2d
                0x0000000008000524                __floatsidf
                0x0000000008000524                __aeabi_i2d
                0x0000000008000548                __aeabi_f2d
                0x0000000008000548                __extendsfdf2
                0x000000000800058c                __floatundidf
                0x000000000800058c                __aeabi_ul2d
                0x000000000800059c                __floatdidf
                0x000000000800059c                __aeabi_l2d
 .text          0x00000000080005f8      0x424 c:/st/stm32cubeide_1.11.2/stm32cubeide/plugins/com.st.stm32cube.ide.mcu.externaltools.gnu-tools-for-stm32.10.3-2021.10.win32_1.0.100.202210260954/tools/bin/../lib/gcc/arm-none-eabi/10.3.1/thumb/v7e-m+fp/hard\libgcc.a(_arm_muldivdf3.o)
                0x00000000080005f8                __aeabi_dmul
                0x00000000080005f8                __muldf3
                0x000000000800084c                __divdf3
                0x000000000800084c                __aeabi_ddiv
 .text          0x0000000008000a1c      0x110 c:/st/stm32cubeide_1.11.2/stm32cubeide/plugins/com.st.stm32cube.ide.mcu.externaltools.gnu-tools-for-stm32.10.3-2021.10.win32_1.0.100.202210260954/tools/bin/../lib/gcc/arm-none-eabi/10.3.1/thumb/v7e-m+fp/hard\libgcc.a(_arm_cmpdf2.o)
                0x0000000008000a1c                __gtdf2
                0x0000000008000a1c                __gedf2
                0x0000000008000a24                __ltdf2
                0x0000000008000a24                __ledf2
                0x0000000008000a2c                __nedf2
                0x0000000008000a2c                __eqdf2
                0x0000000008000a2c                __cmpdf2
                0x0000000008000aa8                __aeabi_cdrcmple
                0x0000000008000ab8                __aeabi_cdcmpeq
                0x0000000008000ab8                __aeabi_cdcmple
                0x0000000008000ac8                __aeabi_dcmpeq
                0x0000000008000adc                __aeabi_dcmplt
                0x0000000008000af0                __aeabi_dcmple
                0x0000000008000b04                __aeabi_dcmpge
                0x0000000008000b18                __aeabi_dcmpgt
 .text          0x0000000008000b2c       0x2c c:/st/stm32cubeide_1.11.2/stm32cubeide/plugins/com.st.stm32cube.ide.mcu.externaltools.gnu-tools-for-stm32.10.3-2021.10.win32_1.0.100.202210260954/tools/bin/../lib/gcc/arm-none-eabi/10.3.1/thumb/v7e-m+fp/hard\libgcc.a(_arm_unorddf2.o)
                0x0000000008000b2c                __unorddf2
                0x0000000008000b2c                __aeabi_dcmpun
 .text          0x0000000008000b58       0x50 c:/st/stm32cubeide_1.11.2/stm32cubeide/plugins/com.st.stm32cube.ide.mcu.externaltools.gnu-tools-for-stm32.10.3-2021.10.win32_1.0.100.202210260954/tools/bin/../lib/gcc/arm-none-eabi/10.3.1/thumb/v7e-m+fp/hard\libgcc.a(_arm_fixdfsi.o)
                0x0000000008000b58                __aeabi_d2iz
                0x0000000008000b58                __fixdfsi
 .text          0x0000000008000ba8       0x40 c:/st/stm32cubeide_1.11.2/stm32cubeide/plugins/com.st.stm32cube.ide.mcu.externaltools.gnu-tools-for-stm32.10.3-2021.10.win32_1.0.100.202210260954/tools/bin/../lib/gcc/arm-none-eabi/10.3.1/thumb/v7e-m+fp/hard\libgcc.a(_arm_fixunsdfsi.o)
                0x0000000008000ba8                __aeabi_d2uiz
                0x0000000008000ba8                __fixunsdfsi
 .text          0x0000000008000be8       0xa0 c:/st/stm32cubeide_1.11.2/stm32cubeide/plugins/com.st.stm32cube.ide.mcu.externaltools.gnu-tools-for-stm32.10.3-2021.10.win32_1.0.100.202210260954/tools/bin/../lib/gcc/arm-none-eabi/10.3.1/thumb/v7e-m+fp/hard\libgcc.a(_arm_truncdfsf2.o)
                0x0000000008000be8                __truncdfsf2
                0x0000000008000be8                __aeabi_d2f
 .text          0x0000000008000c88       0x30 c:/st/stm32cubeide_1.11.2/stm32cubeide/plugins/com.st.stm32cube.ide.mcu.externaltools.gnu-tools-for-stm32.10.3-2021.10.win32_1.0.100.202210260954/tools/bin/../lib/gcc/arm-none-eabi/10.3.1/thumb/v7e-m+fp/hard\libgcc.a(_aeabi_uldivmod.o)
                0x0000000008000c88                __aeabi_uldivmod
 .text          0x0000000008000cb8      0x2d0 c:/st/stm32cubeide_1.11.2/stm32cubeide/plugins/com.st.stm32cube.ide.mcu.externaltools.gnu-tools-for-stm32.10.3-2021.10.win32_1.0.100.202210260954/tools/bin/../lib/gcc/arm-none-eabi/10.3.1/thumb/v7e-m+fp/hard\libgcc.a(_udivmoddi4.o)
                0x0000000008000cb8                __udivmoddi4
 .text          0x0000000008000f88        0x4 c:/st/stm32cubeide_1.11.2/stm32cubeide/plugins/com.st.stm32cube.ide.mcu.externaltools.gnu-tools-for-stm32.10.3-2021.10.win32_1.0.100.202210260954/tools/bin/../lib/gcc/arm-none-eabi/10.3.1/thumb/v7e-m+fp/hard\libgcc.a(_dvmd_tls.o)
                0x0000000008000f88                __aeabi_idiv0
                0x0000000008000f88                __aeabi_ldiv0
 *(.text*)
 .text.MX_ADC1_Init
                0x0000000008000f8c      0x218 ./Core/Src/adc.o
                0x0000000008000f8c                MX_ADC1_Init
 .text.HAL_ADC_MspInit
                0x00000000080011a4      0x134 ./Core/Src/adc.o
                0x00000000080011a4                HAL_ADC_MspInit
 .text.DISP_ClearBuff
                0x00000000080012d8       0x18 ./Core/Src/display.o
                0x00000000080012d8                DISP_ClearBuff
 .text.DISP_DrawPixel
                0x00000000080012f0       0xb0 ./Core/Src/display.o
                0x00000000080012f0                DISP_DrawPixel
 .text.DISP_DrawChar
                0x00000000080013a0      0x170 ./Core/Src/display.o
                0x00000000080013a0                DISP_DrawChar
 .text.DISP_DrawText
                0x0000000008001510       0x60 ./Core/Src/display.o
                0x0000000008001510                DISP_DrawText
 .text.DISP_DrawLineSimple
                0x0000000008001570      0x144 ./Core/Src/display.o
                0x0000000008001570                DISP_DrawLineSimple
 .text.DISP_DrawRect
                0x00000000080016b4       0x6e ./Core/Src/display.o
                0x00000000080016b4                DISP_DrawRect
 *fill*         0x0000000008001722        0x2 
 .text.DISP_FillRect
                0x0000000008001724      0x144 ./Core/Src/display.o
                0x0000000008001724                DISP_FillRect
 .text.DISP_CountCharString
                0x0000000008001868       0x30 ./Core/Src/display.o
                0x0000000008001868                DISP_CountCharString
 .text.DISP_DisplayText
                0x0000000008001898      0x1a4 ./Core/Src/display.o
                0x0000000008001898                DISP_DisplayText
 .text.DISP_OLEDUpdate
                0x0000000008001a3c       0x90 ./Core/Src/display.o
                0x0000000008001a3c                DISP_OLEDUpdate
 .text.DISP_FillRect2
                0x0000000008001acc       0x3e ./Core/Src/display.o
                0x0000000008001acc                DISP_FillRect2
 *fill*         0x0000000008001b0a        0x2 
 .text.DISP_Test
                0x0000000008001b0c      0x120 ./Core/Src/display.o
                0x0000000008001b0c                DISP_Test
 .text.DISP_ClearAll
                0x0000000008001c2c       0x16 ./Core/Src/display.o
                0x0000000008001c2c                DISP_ClearAll
 *fill*         0x0000000008001c42        0x2 
 .text.MX_DMA_Init
                0x0000000008001c44       0x40 ./Core/Src/dma.o
                0x0000000008001c44                MX_DMA_Init
 .text.EEP_Init
                0x0000000008001c84       0x20 ./Core/Src/eeprom.o
                0x0000000008001c84                EEP_Init
 .text.EEP_WritePage
                0x0000000008001ca4       0x48 ./Core/Src/eeprom.o
                0x0000000008001ca4                EEP_WritePage
 .text.EEP_WriteMem
                0x0000000008001cec       0x48 ./Core/Src/eeprom.o
                0x0000000008001cec                EEP_WriteMem
 .text.EEP_ReadPage
                0x0000000008001d34       0x48 ./Core/Src/eeprom.o
                0x0000000008001d34                EEP_ReadPage
 .text.EEP_ReadMem
                0x0000000008001d7c       0x4c ./Core/Src/eeprom.o
                0x0000000008001d7c                EEP_ReadMem
 .text.EEP_ReadyToWrite
                0x0000000008001dc8       0x24 ./Core/Src/eeprom.o
                0x0000000008001dc8                EEP_ReadyToWrite
 .text.MX_GPIO_Init
                0x0000000008001dec      0x140 ./Core/Src/gpio.o
                0x0000000008001dec                MX_GPIO_Init
 .text.MX_I2C1_Init
                0x0000000008001f2c       0x60 ./Core/Src/i2c.o
                0x0000000008001f2c                MX_I2C1_Init
 .text.MX_I2C2_Init
                0x0000000008001f8c       0x5c ./Core/Src/i2c.o
                0x0000000008001f8c                MX_I2C2_Init
 .text.HAL_I2C_MspInit
                0x0000000008001fe8       0xfc ./Core/Src/i2c.o
                0x0000000008001fe8                HAL_I2C_MspInit
 .text.main     0x00000000080020e4       0xcc ./Core/Src/main.o
                0x00000000080020e4                main
 .text.SystemClock_Config
                0x00000000080021b0       0xd4 ./Core/Src/main.o
                0x00000000080021b0                SystemClock_Config
 .text.HAL_TIM_PeriodElapsedCallback
                0x0000000008002284       0x90 ./Core/Src/main.o
                0x0000000008002284                HAL_TIM_PeriodElapsedCallback
 .text.HAL_ADC_ConvCpltCallback
                0x0000000008002314       0x16 ./Core/Src/main.o
                0x0000000008002314                HAL_ADC_ConvCpltCallback
 .text.Error_Handler
                0x000000000800232a        0xa ./Core/Src/main.o
                0x000000000800232a                Error_Handler
 .text.Motor_SetPWM
                0x0000000008002334       0x5c ./Core/Src/motor.o
                0x0000000008002334                Motor_SetPWM
 .text.Motor_SetVel
                0x0000000008002390       0x3c ./Core/Src/motor.o
                0x0000000008002390                Motor_SetVel
 .text.Motor_SetPoint
                0x00000000080023cc       0x3a ./Core/Src/motor.o
                0x00000000080023cc                Motor_SetPoint
 .text.Motor_ApplyPWM
                0x0000000008002406      0x19e ./Core/Src/motor.o
                0x0000000008002406                Motor_ApplyPWM
 .text.Motor_EnocderRoutine
                0x00000000080025a4       0x4c ./Core/Src/motor.o
                0x00000000080025a4                Motor_EnocderRoutine
 .text.Motor_ControlRoutine
                0x00000000080025f0      0x164 ./Core/Src/motor.o
                0x00000000080025f0                Motor_ControlRoutine
 .text.OLED_Command
                0x0000000008002754       0x30 ./Core/Src/oled.o
                0x0000000008002754                OLED_Command
 .text.OLED_DoubleCommand
                0x0000000008002784       0x28 ./Core/Src/oled.o
                0x0000000008002784                OLED_DoubleCommand
 .text.OLED_Data
                0x00000000080027ac       0x30 ./Core/Src/oled.o
                0x00000000080027ac                OLED_Data
 .text.OLED_SetPageAddr
                0x00000000080027dc       0x2a ./Core/Src/oled.o
                0x00000000080027dc                OLED_SetPageAddr
 .text.OLED_SetColumn
                0x0000000008002806       0x34 ./Core/Src/oled.o
                0x0000000008002806                OLED_SetColumn
 .text.OLED_ClearRAM
                0x000000000800283a       0x4a ./Core/Src/oled.o
                0x000000000800283a                OLED_ClearRAM
 .text.OLED_Init
                0x0000000008002884       0x70 ./Core/Src/oled.o
                0x0000000008002884                OLED_Init
 .text.Plan_SetCounter
                0x00000000080028f4       0x20 ./Core/Src/plan.o
                0x00000000080028f4                Plan_SetCounter
 .text.Plan_CheckCounterValue
                0x0000000008002914       0x3c ./Core/Src/plan.o
                0x0000000008002914                Plan_CheckCounterValue
 .text.Plan_CounterValue
                0x0000000008002950       0x20 ./Core/Src/plan.o
                0x0000000008002950                Plan_CounterValue
 .text.Plan_CheckSensor
                0x0000000008002970       0x84 ./Core/Src/plan.o
                0x0000000008002970                Plan_CheckSensor
 *fill*         0x00000000080029f4        0x4 
 .text.Plan_Left
                0x00000000080029f8      0x138 ./Core/Src/plan.o
                0x00000000080029f8                Plan_Left
 .text.Plan_Right
                0x0000000008002b30      0x138 ./Core/Src/plan.o
                0x0000000008002b30                Plan_Right
 .text.Plan_Forward
                0x0000000008002c68       0xe8 ./Core/Src/plan.o
                0x0000000008002c68                Plan_Forward
 .text.Plan_Backward
                0x0000000008002d50       0xec ./Core/Src/plan.o
                0x0000000008002d50                Plan_Backward
 .text.Plan_Follow
                0x0000000008002e3c       0x88 ./Core/Src/plan.o
                0x0000000008002e3c                Plan_Follow
 *fill*         0x0000000008002ec4        0x4 
 .text.Plan_FollowLeft
                0x0000000008002ec8      0x138 ./Core/Src/plan.o
                0x0000000008002ec8                Plan_FollowLeft
 .text.Plan_FollowRight
                0x0000000008003000      0x138 ./Core/Src/plan.o
                0x0000000008003000                Plan_FollowRight
 .text.Plan_Invert
                0x0000000008003138       0x2e ./Core/Src/plan.o
                0x0000000008003138                Plan_Invert
 .text.Plan_NextPlan
                0x0000000008003166       0x1a ./Core/Src/plan.o
                0x0000000008003166                Plan_NextPlan
 .text.Plan_Null
                0x0000000008003180       0x1a ./Core/Src/plan.o
                0x0000000008003180                Plan_Null
 *fill*         0x000000000800319a        0x2 
 .text.Plan_ActionInit
                0x000000000800319c      0x194 ./Core/Src/plan.o
                0x000000000800319c                Plan_ActionInit
 .text.Plan_Stop
                0x0000000008003330       0x54 ./Core/Src/plan.o
                0x0000000008003330                Plan_Stop
 .text.Plan_Start
                0x0000000008003384       0x84 ./Core/Src/plan.o
                0x0000000008003384                Plan_Start
 .text.Plan_UIRoutine
                0x0000000008003408       0x50 ./Core/Src/plan.o
                0x0000000008003408                Plan_UIRoutine
 .text.Plan_Main
                0x0000000008003458      0x2d8 ./Core/Src/plan.o
                0x0000000008003458                Plan_Main
 .text.Run_Init
                0x0000000008003730       0xcc ./Core/Src/run.o
                0x0000000008003730                Run_Init
 .text.Run_MotorRoutine
                0x00000000080037fc       0x30 ./Core/Src/run.o
                0x00000000080037fc                Run_MotorRoutine
 .text.Run_MotorRoutine2
                0x000000000800382c       0x30 ./Core/Src/run.o
                0x000000000800382c                Run_MotorRoutine2
 .text.Run_YawSpeed
                0x000000000800385c      0x710 ./Core/Src/run.o
                0x000000000800385c                Run_YawSpeed
 .text.Run_LineTracing
                0x0000000008003f6c       0x60 ./Core/Src/run.o
                0x0000000008003f6c                Run_LineTracing
 .text.Run_SetMotorSpeed
                0x0000000008003fcc       0x34 ./Core/Src/run.o
                0x0000000008003fcc                Run_SetMotorSpeed
 .text.SEN_Init
                0x0000000008004000       0x44 ./Core/Src/sensor.o
                0x0000000008004000                SEN_Init
 .text.SEN_Filter
                0x0000000008004044       0xe0 ./Core/Src/sensor.o
                0x0000000008004044                SEN_Filter
 .text.SEN_StartReadSensor
                0x0000000008004124       0x20 ./Core/Src/sensor.o
                0x0000000008004124                SEN_StartReadSensor
 .text.SEN_CallbackRoutine
                0x0000000008004144      0x1a4 ./Core/Src/sensor.o
                0x0000000008004144                SEN_CallbackRoutine
 .text.SEN_StartAutoCalibration
                0x00000000080042e8       0x90 ./Core/Src/sensor.o
                0x00000000080042e8                SEN_StartAutoCalibration
 .text.SEN_AutoCalibrationRoutine
                0x0000000008004378       0x90 ./Core/Src/sensor.o
                0x0000000008004378                SEN_AutoCalibrationRoutine
 .text.SEN_EndAutoCalibration
                0x0000000008004408       0xf8 ./Core/Src/sensor.o
                0x0000000008004408                SEN_EndAutoCalibration
 .text.SEN_BlackLine
                0x0000000008004500       0x18 ./Core/Src/sensor.o
                0x0000000008004500                SEN_BlackLine
 .text.SEN_Invert
                0x0000000008004518       0x28 ./Core/Src/sensor.o
                0x0000000008004518                SEN_Invert
 .text.HAL_MspInit
                0x0000000008004540       0x50 ./Core/Src/stm32f4xx_hal_msp.o
                0x0000000008004540                HAL_MspInit
 .text.NMI_Handler
                0x0000000008004590        0x6 ./Core/Src/stm32f4xx_it.o
                0x0000000008004590                NMI_Handler
 .text.HardFault_Handler
                0x0000000008004596        0x6 ./Core/Src/stm32f4xx_it.o
                0x0000000008004596                HardFault_Handler
 .text.MemManage_Handler
                0x000000000800459c        0x6 ./Core/Src/stm32f4xx_it.o
                0x000000000800459c                MemManage_Handler
 .text.BusFault_Handler
                0x00000000080045a2        0x6 ./Core/Src/stm32f4xx_it.o
                0x00000000080045a2                BusFault_Handler
 .text.UsageFault_Handler
                0x00000000080045a8        0x6 ./Core/Src/stm32f4xx_it.o
                0x00000000080045a8                UsageFault_Handler
 .text.SVC_Handler
                0x00000000080045ae        0xe ./Core/Src/stm32f4xx_it.o
                0x00000000080045ae                SVC_Handler
 .text.DebugMon_Handler
                0x00000000080045bc        0xe ./Core/Src/stm32f4xx_it.o
                0x00000000080045bc                DebugMon_Handler
 .text.PendSV_Handler
                0x00000000080045ca        0xe ./Core/Src/stm32f4xx_it.o
                0x00000000080045ca                PendSV_Handler
 .text.SysTick_Handler
                0x00000000080045d8        0xc ./Core/Src/stm32f4xx_it.o
                0x00000000080045d8                SysTick_Handler
 .text.ADC_IRQHandler
                0x00000000080045e4       0x14 ./Core/Src/stm32f4xx_it.o
                0x00000000080045e4                ADC_IRQHandler
 .text.TIM6_DAC_IRQHandler
                0x00000000080045f8       0x14 ./Core/Src/stm32f4xx_it.o
                0x00000000080045f8                TIM6_DAC_IRQHandler
 .text.DMA2_Stream0_IRQHandler
                0x000000000800460c       0x14 ./Core/Src/stm32f4xx_it.o
                0x000000000800460c                DMA2_Stream0_IRQHandler
 .text.GetAction
                0x0000000008004620       0x84 ./Core/Src/storage.o
                0x0000000008004620                GetAction
 .text.SetAction
                0x00000000080046a4       0x80 ./Core/Src/storage.o
                0x00000000080046a4                SetAction
 .text.Storage_ResetPlan
                0x0000000008004724       0xe0 ./Core/Src/storage.o
                0x0000000008004724                Storage_ResetPlan
 .text.Storage_ResetMemory
                0x0000000008004804       0x9a ./Core/Src/storage.o
                0x0000000008004804                Storage_ResetMemory
 *fill*         0x000000000800489e        0x2 
 .text.Storage_Init
                0x00000000080048a0       0x70 ./Core/Src/storage.o
                0x00000000080048a0                Storage_Init
 .text.Storage_PlanInit
                0x0000000008004910       0x5c ./Core/Src/storage.o
                0x0000000008004910                Storage_PlanInit
 .text.Storage_GetADCThreshold
                0x000000000800496c       0x48 ./Core/Src/storage.o
                0x000000000800496c                Storage_GetADCThreshold
 .text.Storage_SetADCThreshold
                0x00000000080049b4       0x48 ./Core/Src/storage.o
                0x00000000080049b4                Storage_SetADCThreshold
 .text.Storage_GetPlan
                0x00000000080049fc       0xa4 ./Core/Src/storage.o
                0x00000000080049fc                Storage_GetPlan
 .text.Storage_SetCheckpoint
                0x0000000008004aa0       0x3c ./Core/Src/storage.o
                0x0000000008004aa0                Storage_SetCheckpoint
 .text.Storage_SetPID
                0x0000000008004adc       0x6c ./Core/Src/storage.o
                0x0000000008004adc                Storage_SetPID
 .text.Storage_SetSpeed
                0x0000000008004b48       0x3c ./Core/Src/storage.o
                0x0000000008004b48                Storage_SetSpeed
 .text.GetActionOther
                0x0000000008004b84       0x80 ./Core/Src/storage.o
                0x0000000008004b84                GetActionOther
 .text.GetActionSequence
                0x0000000008004c04       0xa0 ./Core/Src/storage.o
                0x0000000008004c04                GetActionSequence
 .text.GetActionSequenceRoutine
                0x0000000008004ca4       0xdc ./Core/Src/storage.o
                0x0000000008004ca4                GetActionSequenceRoutine
 .text.GetActionSequenceInit
                0x0000000008004d80       0x5c ./Core/Src/storage.o
                0x0000000008004d80                GetActionSequenceInit
 .text.Storage_CleanInit
                0x0000000008004ddc       0x4a ./Core/Src/storage.o
                0x0000000008004ddc                Storage_CleanInit
 .text._getpid  0x0000000008004e26       0x10 ./Core/Src/syscalls.o
                0x0000000008004e26                _getpid
 .text._kill    0x0000000008004e36       0x20 ./Core/Src/syscalls.o
                0x0000000008004e36                _kill
 .text._exit    0x0000000008004e56       0x14 ./Core/Src/syscalls.o
                0x0000000008004e56                _exit
 .text._read    0x0000000008004e6a       0x3a ./Core/Src/syscalls.o
                0x0000000008004e6a                _read
 .text._write   0x0000000008004ea4       0x38 ./Core/Src/syscalls.o
                0x0000000008004ea4                _write
 .text._close   0x0000000008004edc       0x18 ./Core/Src/syscalls.o
                0x0000000008004edc                _close
 .text._fstat   0x0000000008004ef4       0x20 ./Core/Src/syscalls.o
                0x0000000008004ef4                _fstat
 .text._isatty  0x0000000008004f14       0x16 ./Core/Src/syscalls.o
                0x0000000008004f14                _isatty
 .text._lseek   0x0000000008004f2a       0x1a ./Core/Src/syscalls.o
                0x0000000008004f2a                _lseek
 .text._sbrk    0x0000000008004f44       0x6c ./Core/Src/sysmem.o
                0x0000000008004f44                _sbrk
 .text.SystemInit
                0x0000000008004fb0       0x24 ./Core/Src/system_stm32f4xx.o
                0x0000000008004fb0                SystemInit
 .text.MX_TIM1_Init
                0x0000000008004fd4      0x170 ./Core/Src/tim.o
                0x0000000008004fd4                MX_TIM1_Init
 .text.MX_TIM2_Init
                0x0000000008005144       0xa8 ./Core/Src/tim.o
                0x0000000008005144                MX_TIM2_Init
 .text.MX_TIM3_Init
                0x00000000080051ec       0xf4 ./Core/Src/tim.o
                0x00000000080051ec                MX_TIM3_Init
 .text.MX_TIM4_Init
                0x00000000080052e0       0xa8 ./Core/Src/tim.o
                0x00000000080052e0                MX_TIM4_Init
 .text.MX_TIM6_Init
                0x0000000008005388       0x6c ./Core/Src/tim.o
                0x0000000008005388                MX_TIM6_Init
 .text.HAL_TIM_Base_MspInit
                0x00000000080053f4       0x7c ./Core/Src/tim.o
                0x00000000080053f4                HAL_TIM_Base_MspInit
 .text.HAL_TIM_Encoder_MspInit
                0x0000000008005470      0x134 ./Core/Src/tim.o
                0x0000000008005470                HAL_TIM_Encoder_MspInit
 .text.HAL_TIM_PWM_MspInit
                0x00000000080055a4       0x44 ./Core/Src/tim.o
                0x00000000080055a4                HAL_TIM_PWM_MspInit
 .text.HAL_TIM_MspPostInit
                0x00000000080055e8       0xc8 ./Core/Src/tim.o
                0x00000000080055e8                HAL_TIM_MspPostInit
 .text.UI_ShowSensor
                0x00000000080056b0       0xfc ./Core/Src/ui.o
                0x00000000080056b0                UI_ShowSensor
 .text.UI_ReadButton
                0x00000000080057ac      0x108 ./Core/Src/ui.o
                0x00000000080057ac                UI_ReadButton
 .text.UI_HomeScreenInit
                0x00000000080058b4       0xe8 ./Core/Src/ui.o
                0x00000000080058b4                UI_HomeScreenInit
 .text.UI_HomeScreenDisplay
                0x000000000800599c       0xb8 ./Core/Src/ui.o
                0x000000000800599c                UI_HomeScreenDisplay
 .text.UI_HomeScreen
                0x0000000008005a54      0x198 ./Core/Src/ui.o
                0x0000000008005a54                UI_HomeScreen
 .text.UI_SettingDisplayInit
                0x0000000008005bec      0x118 ./Core/Src/ui.o
                0x0000000008005bec                UI_SettingDisplayInit
 .text.UI_SettingDisplay
                0x0000000008005d04       0xc0 ./Core/Src/ui.o
                0x0000000008005d04                UI_SettingDisplay
 .text.UI_Setting
                0x0000000008005dc4      0x148 ./Core/Src/ui.o
                0x0000000008005dc4                UI_Setting
 .text.UI_PlanSetDisplayInit
                0x0000000008005f0c      0x138 ./Core/Src/ui.o
                0x0000000008005f0c                UI_PlanSetDisplayInit
 .text.UI_PlanSetDisplay
                0x0000000008006044      0x570 ./Core/Src/ui.o
                0x0000000008006044                UI_PlanSetDisplay
 .text.UI_PlanSet
                0x00000000080065b4      0x78c ./Core/Src/ui.o
                0x00000000080065b4                UI_PlanSet
 .text.UI_ADCThresholdDisplayInit
                0x0000000008006d40       0xa4 ./Core/Src/ui.o
                0x0000000008006d40                UI_ADCThresholdDisplayInit
 .text.UI_ADCThresholdDisplay
                0x0000000008006de4       0xe0 ./Core/Src/ui.o
                0x0000000008006de4                UI_ADCThresholdDisplay
 .text.UI_ADCThreshold
                0x0000000008006ec4      0x1a0 ./Core/Src/ui.o
                0x0000000008006ec4                UI_ADCThreshold
 .text.UI_AutoCalib
                0x0000000008007064       0x90 ./Core/Src/ui.o
                0x0000000008007064                UI_AutoCalib
 .text.UI_Startup
                0x00000000080070f4      0x1a0 ./Core/Src/ui.o
                0x00000000080070f4                UI_Startup
 .text.UI_CPDisplayInit
                0x0000000008007294       0xcc ./Core/Src/ui.o
                0x0000000008007294                UI_CPDisplayInit
 .text.UI_CPDisplay
                0x0000000008007360       0xe0 ./Core/Src/ui.o
                0x0000000008007360                UI_CPDisplay
 .text.UI_CP    0x0000000008007440      0x14c ./Core/Src/ui.o
                0x0000000008007440                UI_CP
 .text.UI_PlanSelectDisplay
                0x000000000800758c       0xcc ./Core/Src/ui.o
                0x000000000800758c                UI_PlanSelectDisplay
 .text.UI_PlanSelect
                0x0000000008007658      0x104 ./Core/Src/ui.o
                0x0000000008007658                UI_PlanSelect
 .text.UI_MemSettingDisplay
                0x000000000800775c       0xc0 ./Core/Src/ui.o
                0x000000000800775c                UI_MemSettingDisplay
 .text.UI_MemSetting
                0x000000000800781c      0x19c ./Core/Src/ui.o
                0x000000000800781c                UI_MemSetting
 .text.UI_PIDSettingDisplay
                0x00000000080079b8      0x160 ./Core/Src/ui.o
                0x00000000080079b8                UI_PIDSettingDisplay
 .text.UI_PIDSetting
                0x0000000008007b18      0x340 ./Core/Src/ui.o
                0x0000000008007b18                UI_PIDSetting
 .text.UI_SpeedSetDisplay
                0x0000000008007e58       0xb4 ./Core/Src/ui.o
                0x0000000008007e58                UI_SpeedSetDisplay
 .text.UI_SpeedSetting
                0x0000000008007f0c      0x198 ./Core/Src/ui.o
                0x0000000008007f0c                UI_SpeedSetting
 .text.UI_Run   0x00000000080080a4      0x140 ./Core/Src/ui.o
                0x00000000080080a4                UI_Run
 .text.UI_Init  0x00000000080081e4       0x1c ./Core/Src/ui.o
                0x00000000080081e4                UI_Init
 .text.UI_Main  0x0000000008008200       0xfc ./Core/Src/ui.o
                0x0000000008008200                UI_Main
 .text.MX_USART3_UART_Init
                0x00000000080082fc       0x54 ./Core/Src/usart.o
                0x00000000080082fc                MX_USART3_UART_Init
 .text.HAL_UART_MspInit
                0x0000000008008350       0x90 ./Core/Src/usart.o
                0x0000000008008350                HAL_UART_MspInit
 .text.MX_USB_OTG_FS_PCD_Init
                0x00000000080083e0       0x5c ./Core/Src/usb_otg.o
                0x00000000080083e0                MX_USB_OTG_FS_PCD_Init
 .text.HAL_PCD_MspInit
                0x000000000800843c       0x98 ./Core/Src/usb_otg.o
                0x000000000800843c                HAL_PCD_MspInit
 .text.Reset_Handler
                0x00000000080084d4       0x50 ./Core/Startup/startup_stm32f405rgtx.o
                0x00000000080084d4                Reset_Handler
 .text.Default_Handler
                0x0000000008008524        0x2 ./Core/Startup/startup_stm32f405rgtx.o
                0x0000000008008524                RTC_Alarm_IRQHandler
                0x0000000008008524                HASH_RNG_IRQHandler
                0x0000000008008524                EXTI2_IRQHandler
                0x0000000008008524                TIM8_CC_IRQHandler
                0x0000000008008524                TIM1_CC_IRQHandler
                0x0000000008008524                DMA2_Stream5_IRQHandler
                0x0000000008008524                DMA1_Stream5_IRQHandler
                0x0000000008008524                PVD_IRQHandler
                0x0000000008008524                SDIO_IRQHandler
                0x0000000008008524                TAMP_STAMP_IRQHandler
                0x0000000008008524                CAN2_RX1_IRQHandler
                0x0000000008008524                EXTI3_IRQHandler
                0x0000000008008524                TIM8_TRG_COM_TIM14_IRQHandler
                0x0000000008008524                TIM1_UP_TIM10_IRQHandler
                0x0000000008008524                TIM8_UP_TIM13_IRQHandler
                0x0000000008008524                I2C3_ER_IRQHandler
                0x0000000008008524                EXTI0_IRQHandler
                0x0000000008008524                I2C2_EV_IRQHandler
                0x0000000008008524                DMA1_Stream2_IRQHandler
                0x0000000008008524                CAN1_RX0_IRQHandler
                0x0000000008008524                FPU_IRQHandler
                0x0000000008008524                OTG_HS_WKUP_IRQHandler
                0x0000000008008524                CAN2_SCE_IRQHandler
                0x0000000008008524                DMA2_Stream2_IRQHandler
                0x0000000008008524                SPI1_IRQHandler
                0x0000000008008524                TIM1_BRK_TIM9_IRQHandler
                0x0000000008008524                CAN2_RX0_IRQHandler
                0x0000000008008524                DMA2_Stream3_IRQHandler
                0x0000000008008524                USART6_IRQHandler
                0x0000000008008524                USART3_IRQHandler
                0x0000000008008524                CAN1_RX1_IRQHandler
                0x0000000008008524                UART5_IRQHandler
                0x0000000008008524                TIM4_IRQHandler
                0x0000000008008524                I2C1_EV_IRQHandler
                0x0000000008008524                DMA1_Stream6_IRQHandler
                0x0000000008008524                DMA1_Stream1_IRQHandler
                0x0000000008008524                UART4_IRQHandler
                0x0000000008008524                TIM3_IRQHandler
                0x0000000008008524                RCC_IRQHandler
                0x0000000008008524                TIM8_BRK_TIM12_IRQHandler
                0x0000000008008524                Default_Handler
                0x0000000008008524                EXTI15_10_IRQHandler
                0x0000000008008524                DMA1_Stream7_IRQHandler
                0x0000000008008524                TIM7_IRQHandler
                0x0000000008008524                CAN2_TX_IRQHandler
                0x0000000008008524                TIM5_IRQHandler
                0x0000000008008524                DMA2_Stream7_IRQHandler
                0x0000000008008524                I2C3_EV_IRQHandler
                0x0000000008008524                EXTI9_5_IRQHandler
                0x0000000008008524                RTC_WKUP_IRQHandler
                0x0000000008008524                SPI2_IRQHandler
                0x0000000008008524                OTG_HS_EP1_IN_IRQHandler
                0x0000000008008524                DMA1_Stream0_IRQHandler
                0x0000000008008524                CAN1_TX_IRQHandler
                0x0000000008008524                EXTI4_IRQHandler
                0x0000000008008524                FSMC_IRQHandler
                0x0000000008008524                OTG_HS_EP1_OUT_IRQHandler
                0x0000000008008524                WWDG_IRQHandler
                0x0000000008008524                TIM2_IRQHandler
                0x0000000008008524                OTG_FS_WKUP_IRQHandler
                0x0000000008008524                TIM1_TRG_COM_TIM11_IRQHandler
                0x0000000008008524                OTG_HS_IRQHandler
                0x0000000008008524                EXTI1_IRQHandler
                0x0000000008008524                USART2_IRQHandler
                0x0000000008008524                I2C2_ER_IRQHandler
                0x0000000008008524                DMA2_Stream1_IRQHandler
                0x0000000008008524                CAN1_SCE_IRQHandler
                0x0000000008008524                FLASH_IRQHandler
                0x0000000008008524                DMA2_Stream4_IRQHandler
                0x0000000008008524                USART1_IRQHandler
                0x0000000008008524                OTG_FS_IRQHandler
                0x0000000008008524                SPI3_IRQHandler
                0x0000000008008524                DMA1_Stream4_IRQHandler
                0x0000000008008524                I2C1_ER_IRQHandler
                0x0000000008008524                DMA2_Stream6_IRQHandler
                0x0000000008008524                DMA1_Stream3_IRQHandler
 *fill*         0x0000000008008526        0x2 
 .text.HAL_Init
                0x0000000008008528       0x44 ./Drivers/STM32F4xx_HAL_Driver/Src/stm32f4xx_hal.o
                0x0000000008008528                HAL_Init
 .text.HAL_InitTick
                0x000000000800856c       0x60 ./Drivers/STM32F4xx_HAL_Driver/Src/stm32f4xx_hal.o
                0x000000000800856c                HAL_InitTick
 .text.HAL_IncTick
                0x00000000080085cc       0x28 ./Drivers/STM32F4xx_HAL_Driver/Src/stm32f4xx_hal.o
                0x00000000080085cc                HAL_IncTick
 .text.HAL_GetTick
                0x00000000080085f4       0x18 ./Drivers/STM32F4xx_HAL_Driver/Src/stm32f4xx_hal.o
                0x00000000080085f4                HAL_GetTick
 .text.HAL_Delay
                0x000000000800860c       0x48 ./Drivers/STM32F4xx_HAL_Driver/Src/stm32f4xx_hal.o
                0x000000000800860c                HAL_Delay
 .text.HAL_ADC_Init
                0x0000000008008654       0x86 ./Drivers/STM32F4xx_HAL_Driver/Src/stm32f4xx_hal_adc.o
                0x0000000008008654                HAL_ADC_Init
 .text.HAL_ADC_IRQHandler
                0x00000000080086da      0x220 ./Drivers/STM32F4xx_HAL_Driver/Src/stm32f4xx_hal_adc.o
                0x00000000080086da                HAL_ADC_IRQHandler
 *fill*         0x00000000080088fa        0x2 
 .text.HAL_ADC_Start_DMA
                0x00000000080088fc      0x220 ./Drivers/STM32F4xx_HAL_Driver/Src/stm32f4xx_hal_adc.o
                0x00000000080088fc                HAL_ADC_Start_DMA
 .text.HAL_ADC_ConvHalfCpltCallback
                0x0000000008008b1c       0x14 ./Drivers/STM32F4xx_HAL_Driver/Src/stm32f4xx_hal_adc.o
                0x0000000008008b1c                HAL_ADC_ConvHalfCpltCallback
 .text.HAL_ADC_LevelOutOfWindowCallback
                0x0000000008008b30       0x14 ./Drivers/STM32F4xx_HAL_Driver/Src/stm32f4xx_hal_adc.o
                0x0000000008008b30                HAL_ADC_LevelOutOfWindowCallback
 .text.HAL_ADC_ErrorCallback
                0x0000000008008b44       0x14 ./Drivers/STM32F4xx_HAL_Driver/Src/stm32f4xx_hal_adc.o
                0x0000000008008b44                HAL_ADC_ErrorCallback
 .text.HAL_ADC_ConfigChannel
                0x0000000008008b58      0x244 ./Drivers/STM32F4xx_HAL_Driver/Src/stm32f4xx_hal_adc.o
                0x0000000008008b58                HAL_ADC_ConfigChannel
 .text.ADC_Init
                0x0000000008008d9c      0x1f8 ./Drivers/STM32F4xx_HAL_Driver/Src/stm32f4xx_hal_adc.o
 .text.ADC_DMAConvCplt
                0x0000000008008f94       0xba ./Drivers/STM32F4xx_HAL_Driver/Src/stm32f4xx_hal_adc.o
 .text.ADC_DMAHalfConvCplt
                0x000000000800904e       0x1c ./Drivers/STM32F4xx_HAL_Driver/Src/stm32f4xx_hal_adc.o
 .text.ADC_DMAError
                0x000000000800906a       0x2e ./Drivers/STM32F4xx_HAL_Driver/Src/stm32f4xx_hal_adc.o
 .text.HAL_ADCEx_InjectedConvCpltCallback
                0x0000000008009098       0x14 ./Drivers/STM32F4xx_HAL_Driver/Src/stm32f4xx_hal_adc_ex.o
                0x0000000008009098                HAL_ADCEx_InjectedConvCpltCallback
 .text.__NVIC_SetPriorityGrouping
                0x00000000080090ac       0x48 ./Drivers/STM32F4xx_HAL_Driver/Src/stm32f4xx_hal_cortex.o
 .text.__NVIC_GetPriorityGrouping
                0x00000000080090f4       0x1c ./Drivers/STM32F4xx_HAL_Driver/Src/stm32f4xx_hal_cortex.o
 .text.__NVIC_EnableIRQ
                0x0000000008009110       0x3c ./Drivers/STM32F4xx_HAL_Driver/Src/stm32f4xx_hal_cortex.o
 .text.__NVIC_SetPriority
                0x000000000800914c       0x54 ./Drivers/STM32F4xx_HAL_Driver/Src/stm32f4xx_hal_cortex.o
 .text.NVIC_EncodePriority
                0x00000000080091a0       0x66 ./Drivers/STM32F4xx_HAL_Driver/Src/stm32f4xx_hal_cortex.o
 *fill*         0x0000000008009206        0x2 
 .text.__NVIC_SystemReset
                0x0000000008009208       0x2c ./Drivers/STM32F4xx_HAL_Driver/Src/stm32f4xx_hal_cortex.o
 .text.SysTick_Config
                0x0000000008009234       0x44 ./Drivers/STM32F4xx_HAL_Driver/Src/stm32f4xx_hal_cortex.o
 .text.HAL_NVIC_SetPriorityGrouping
                0x0000000008009278       0x16 ./Drivers/STM32F4xx_HAL_Driver/Src/stm32f4xx_hal_cortex.o
                0x0000000008009278                HAL_NVIC_SetPriorityGrouping
 .text.HAL_NVIC_SetPriority
                0x000000000800928e       0x38 ./Drivers/STM32F4xx_HAL_Driver/Src/stm32f4xx_hal_cortex.o
                0x000000000800928e                HAL_NVIC_SetPriority
 .text.HAL_NVIC_EnableIRQ
                0x00000000080092c6       0x1c ./Drivers/STM32F4xx_HAL_Driver/Src/stm32f4xx_hal_cortex.o
                0x00000000080092c6                HAL_NVIC_EnableIRQ
 .text.HAL_NVIC_SystemReset
                0x00000000080092e2        0x8 ./Drivers/STM32F4xx_HAL_Driver/Src/stm32f4xx_hal_cortex.o
                0x00000000080092e2                HAL_NVIC_SystemReset
 .text.HAL_SYSTICK_Config
                0x00000000080092ea       0x18 ./Drivers/STM32F4xx_HAL_Driver/Src/stm32f4xx_hal_cortex.o
                0x00000000080092ea                HAL_SYSTICK_Config
 *fill*         0x0000000008009302        0x2 
 .text.HAL_DMA_Init
                0x0000000008009304      0x15c ./Drivers/STM32F4xx_HAL_Driver/Src/stm32f4xx_hal_dma.o
                0x0000000008009304                HAL_DMA_Init
 .text.HAL_DMA_Start_IT
                0x0000000008009460       0xb0 ./Drivers/STM32F4xx_HAL_Driver/Src/stm32f4xx_hal_dma.o
                0x0000000008009460                HAL_DMA_Start_IT
 .text.HAL_DMA_IRQHandler
                0x0000000008009510      0x314 ./Drivers/STM32F4xx_HAL_Driver/Src/stm32f4xx_hal_dma.o
                0x0000000008009510                HAL_DMA_IRQHandler
 .text.DMA_SetConfig
                0x0000000008009824       0x5c ./Drivers/STM32F4xx_HAL_Driver/Src/stm32f4xx_hal_dma.o
 .text.DMA_CalcBaseAndBitshift
                0x0000000008009880       0x6c ./Drivers/STM32F4xx_HAL_Driver/Src/stm32f4xx_hal_dma.o
 .text.DMA_CheckFifoParam
                0x00000000080098ec       0xf8 ./Drivers/STM32F4xx_HAL_Driver/Src/stm32f4xx_hal_dma.o
 .text.HAL_GPIO_Init
                0x00000000080099e4      0x338 ./Drivers/STM32F4xx_HAL_Driver/Src/stm32f4xx_hal_gpio.o
                0x00000000080099e4                HAL_GPIO_Init
 .text.HAL_GPIO_ReadPin
                0x0000000008009d1c       0x30 ./Drivers/STM32F4xx_HAL_Driver/Src/stm32f4xx_hal_gpio.o
                0x0000000008009d1c                HAL_GPIO_ReadPin
 .text.HAL_GPIO_WritePin
                0x0000000008009d4c       0x32 ./Drivers/STM32F4xx_HAL_Driver/Src/stm32f4xx_hal_gpio.o
                0x0000000008009d4c                HAL_GPIO_WritePin
 *fill*         0x0000000008009d7e        0x2 
 .text.HAL_I2C_Init
                0x0000000008009d80      0x288 ./Drivers/STM32F4xx_HAL_Driver/Src/stm32f4xx_hal_i2c.o
                0x0000000008009d80                HAL_I2C_Init
 .text.HAL_I2C_Mem_Write
                0x000000000800a008      0x1f4 ./Drivers/STM32F4xx_HAL_Driver/Src/stm32f4xx_hal_i2c.o
                0x000000000800a008                HAL_I2C_Mem_Write
 .text.HAL_I2C_Mem_Read
                0x000000000800a1fc      0x44c ./Drivers/STM32F4xx_HAL_Driver/Src/stm32f4xx_hal_i2c.o
                0x000000000800a1fc                HAL_I2C_Mem_Read
 .text.I2C_RequestMemoryWrite
                0x000000000800a648      0x12c ./Drivers/STM32F4xx_HAL_Driver/Src/stm32f4xx_hal_i2c.o
 .text.I2C_RequestMemoryRead
                0x000000000800a774      0x1d0 ./Drivers/STM32F4xx_HAL_Driver/Src/stm32f4xx_hal_i2c.o
 .text.I2C_WaitOnFlagUntilTimeout
                0x000000000800a944       0xae ./Drivers/STM32F4xx_HAL_Driver/Src/stm32f4xx_hal_i2c.o
 .text.I2C_WaitOnMasterAddressFlagUntilTimeout
                0x000000000800a9f2       0xfe ./Drivers/STM32F4xx_HAL_Driver/Src/stm32f4xx_hal_i2c.o
 .text.I2C_WaitOnTXEFlagUntilTimeout
                0x000000000800aaf0       0x82 ./Drivers/STM32F4xx_HAL_Driver/Src/stm32f4xx_hal_i2c.o
 .text.I2C_WaitOnBTFFlagUntilTimeout
                0x000000000800ab72       0x82 ./Drivers/STM32F4xx_HAL_Driver/Src/stm32f4xx_hal_i2c.o
 .text.I2C_WaitOnRXNEFlagUntilTimeout
                0x000000000800abf4       0xac ./Drivers/STM32F4xx_HAL_Driver/Src/stm32f4xx_hal_i2c.o
 .text.I2C_IsAcknowledgeFailed
                0x000000000800aca0       0x5e ./Drivers/STM32F4xx_HAL_Driver/Src/stm32f4xx_hal_i2c.o
 .text.HAL_PCD_Init
                0x000000000800acfe      0x23a ./Drivers/STM32F4xx_HAL_Driver/Src/stm32f4xx_hal_pcd.o
                0x000000000800acfe                HAL_PCD_Init
 .text.HAL_RCC_OscConfig
                0x000000000800af38      0x4f0 ./Drivers/STM32F4xx_HAL_Driver/Src/stm32f4xx_hal_rcc.o
                0x000000000800af38                HAL_RCC_OscConfig
 .text.HAL_RCC_ClockConfig
                0x000000000800b428      0x1cc ./Drivers/STM32F4xx_HAL_Driver/Src/stm32f4xx_hal_rcc.o
                0x000000000800b428                HAL_RCC_ClockConfig
 .text.HAL_RCC_GetSysClockFreq
                0x000000000800b5f4      0x208 ./Drivers/STM32F4xx_HAL_Driver/Src/stm32f4xx_hal_rcc.o
                0x000000000800b5f4                HAL_RCC_GetSysClockFreq
 .text.HAL_RCC_GetHCLKFreq
                0x000000000800b7fc       0x18 ./Drivers/STM32F4xx_HAL_Driver/Src/stm32f4xx_hal_rcc.o
                0x000000000800b7fc                HAL_RCC_GetHCLKFreq
 .text.HAL_RCC_GetPCLK1Freq
                0x000000000800b814       0x28 ./Drivers/STM32F4xx_HAL_Driver/Src/stm32f4xx_hal_rcc.o
                0x000000000800b814                HAL_RCC_GetPCLK1Freq
 .text.HAL_RCC_GetPCLK2Freq
                0x000000000800b83c       0x28 ./Drivers/STM32F4xx_HAL_Driver/Src/stm32f4xx_hal_rcc.o
                0x000000000800b83c                HAL_RCC_GetPCLK2Freq
 .text.HAL_TIM_Base_Init
                0x000000000800b864       0x9e ./Drivers/STM32F4xx_HAL_Driver/Src/stm32f4xx_hal_tim.o
                0x000000000800b864                HAL_TIM_Base_Init
 *fill*         0x000000000800b902        0x2 
 .text.HAL_TIM_Base_Start_IT
                0x000000000800b904       0xe0 ./Drivers/STM32F4xx_HAL_Driver/Src/stm32f4xx_hal_tim.o
                0x000000000800b904                HAL_TIM_Base_Start_IT
 .text.HAL_TIM_PWM_Init
                0x000000000800b9e4       0x9e ./Drivers/STM32F4xx_HAL_Driver/Src/stm32f4xx_hal_tim.o
                0x000000000800b9e4                HAL_TIM_PWM_Init
 *fill*         0x000000000800ba82        0x2 
 .text.HAL_TIM_PWM_Start
                0x000000000800ba84      0x190 ./Drivers/STM32F4xx_HAL_Driver/Src/stm32f4xx_hal_tim.o
                0x000000000800ba84                HAL_TIM_PWM_Start
 .text.HAL_TIM_Encoder_Init
                0x000000000800bc14      0x14c ./Drivers/STM32F4xx_HAL_Driver/Src/stm32f4xx_hal_tim.o
                0x000000000800bc14                HAL_TIM_Encoder_Init
 .text.HAL_TIM_Encoder_Start
                0x000000000800bd60      0x11c ./Drivers/STM32F4xx_HAL_Driver/Src/stm32f4xx_hal_tim.o
                0x000000000800bd60                HAL_TIM_Encoder_Start
 .text.HAL_TIM_IRQHandler
                0x000000000800be7c      0x210 ./Drivers/STM32F4xx_HAL_Driver/Src/stm32f4xx_hal_tim.o
                0x000000000800be7c                HAL_TIM_IRQHandler
 .text.HAL_TIM_PWM_ConfigChannel
                0x000000000800c08c      0x184 ./Drivers/STM32F4xx_HAL_Driver/Src/stm32f4xx_hal_tim.o
                0x000000000800c08c                HAL_TIM_PWM_ConfigChannel
 .text.HAL_TIM_ConfigClockSource
                0x000000000800c210      0x18e ./Drivers/STM32F4xx_HAL_Driver/Src/stm32f4xx_hal_tim.o
                0x000000000800c210                HAL_TIM_ConfigClockSource
 .text.HAL_TIM_OC_DelayElapsedCallback
                0x000000000800c39e       0x14 ./Drivers/STM32F4xx_HAL_Driver/Src/stm32f4xx_hal_tim.o
                0x000000000800c39e                HAL_TIM_OC_DelayElapsedCallback
 .text.HAL_TIM_IC_CaptureCallback
                0x000000000800c3b2       0x14 ./Drivers/STM32F4xx_HAL_Driver/Src/stm32f4xx_hal_tim.o
                0x000000000800c3b2                HAL_TIM_IC_CaptureCallback
 .text.HAL_TIM_PWM_PulseFinishedCallback
                0x000000000800c3c6       0x14 ./Drivers/STM32F4xx_HAL_Driver/Src/stm32f4xx_hal_tim.o
                0x000000000800c3c6                HAL_TIM_PWM_PulseFinishedCallback
 .text.HAL_TIM_TriggerCallback
                0x000000000800c3da       0x14 ./Drivers/STM32F4xx_HAL_Driver/Src/stm32f4xx_hal_tim.o
                0x000000000800c3da                HAL_TIM_TriggerCallback
 *fill*         0x000000000800c3ee        0x2 
 .text.TIM_Base_SetConfig
                0x000000000800c3f0      0x140 ./Drivers/STM32F4xx_HAL_Driver/Src/stm32f4xx_hal_tim.o
                0x000000000800c3f0                TIM_Base_SetConfig
 .text.TIM_OC1_SetConfig
                0x000000000800c530       0xe0 ./Drivers/STM32F4xx_HAL_Driver/Src/stm32f4xx_hal_tim.o
 .text.TIM_OC2_SetConfig
                0x000000000800c610       0xec ./Drivers/STM32F4xx_HAL_Driver/Src/stm32f4xx_hal_tim.o
                0x000000000800c610                TIM_OC2_SetConfig
 .text.TIM_OC3_SetConfig
                0x000000000800c6fc       0xe8 ./Drivers/STM32F4xx_HAL_Driver/Src/stm32f4xx_hal_tim.o
 .text.TIM_OC4_SetConfig
                0x000000000800c7e4       0xac ./Drivers/STM32F4xx_HAL_Driver/Src/stm32f4xx_hal_tim.o
 .text.TIM_TI1_ConfigInputStage
                0x000000000800c890       0x5e ./Drivers/STM32F4xx_HAL_Driver/Src/stm32f4xx_hal_tim.o
 .text.TIM_TI2_ConfigInputStage
                0x000000000800c8ee       0x60 ./Drivers/STM32F4xx_HAL_Driver/Src/stm32f4xx_hal_tim.o
 .text.TIM_ITRx_SetConfig
                0x000000000800c94e       0x36 ./Drivers/STM32F4xx_HAL_Driver/Src/stm32f4xx_hal_tim.o
 .text.TIM_ETR_SetConfig
                0x000000000800c984       0x40 ./Drivers/STM32F4xx_HAL_Driver/Src/stm32f4xx_hal_tim.o
                0x000000000800c984                TIM_ETR_SetConfig
 .text.TIM_CCxChannelCmd
                0x000000000800c9c4       0x4a ./Drivers/STM32F4xx_HAL_Driver/Src/stm32f4xx_hal_tim.o
                0x000000000800c9c4                TIM_CCxChannelCmd
 *fill*         0x000000000800ca0e        0x2 
 .text.HAL_TIMEx_MasterConfigSynchronization
                0x000000000800ca10       0xf8 ./Drivers/STM32F4xx_HAL_Driver/Src/stm32f4xx_hal_tim_ex.o
                0x000000000800ca10                HAL_TIMEx_MasterConfigSynchronization
 .text.HAL_TIMEx_ConfigBreakDeadTime
                0x000000000800cb08       0xa4 ./Drivers/STM32F4xx_HAL_Driver/Src/stm32f4xx_hal_tim_ex.o
                0x000000000800cb08                HAL_TIMEx_ConfigBreakDeadTime
 .text.HAL_TIMEx_CommutCallback
                0x000000000800cbac       0x14 ./Drivers/STM32F4xx_HAL_Driver/Src/stm32f4xx_hal_tim_ex.o
                0x000000000800cbac                HAL_TIMEx_CommutCallback
 .text.HAL_TIMEx_BreakCallback
                0x000000000800cbc0       0x14 ./Drivers/STM32F4xx_HAL_Driver/Src/stm32f4xx_hal_tim_ex.o
                0x000000000800cbc0                HAL_TIMEx_BreakCallback
 .text.HAL_UART_Init
                0x000000000800cbd4       0x9a ./Drivers/STM32F4xx_HAL_Driver/Src/stm32f4xx_hal_uart.o
                0x000000000800cbd4                HAL_UART_Init
 *fill*         0x000000000800cc6e        0x2 
 .text.UART_SetConfig
                0x000000000800cc70      0x4e8 ./Drivers/STM32F4xx_HAL_Driver/Src/stm32f4xx_hal_uart.o
 .text.USB_CoreInit
                0x000000000800d158       0xc2 ./Drivers/STM32F4xx_HAL_Driver/Src/stm32f4xx_ll_usb.o
                0x000000000800d158                USB_CoreInit
 .text.USB_DisableGlobalInt
                0x000000000800d21a       0x22 ./Drivers/STM32F4xx_HAL_Driver/Src/stm32f4xx_ll_usb.o
                0x000000000800d21a                USB_DisableGlobalInt
 .text.USB_SetCurrentMode
                0x000000000800d23c       0x98 ./Drivers/STM32F4xx_HAL_Driver/Src/stm32f4xx_ll_usb.o
                0x000000000800d23c                USB_SetCurrentMode
 .text.USB_DevInit
                0x000000000800d2d4      0x2c8 ./Drivers/STM32F4xx_HAL_Driver/Src/stm32f4xx_ll_usb.o
                0x000000000800d2d4                USB_DevInit
 .text.USB_FlushTxFifo
                0x000000000800d59c       0x68 ./Drivers/STM32F4xx_HAL_Driver/Src/stm32f4xx_ll_usb.o
                0x000000000800d59c                USB_FlushTxFifo
 .text.USB_FlushRxFifo
                0x000000000800d604       0x60 ./Drivers/STM32F4xx_HAL_Driver/Src/stm32f4xx_ll_usb.o
                0x000000000800d604                USB_FlushRxFifo
 .text.USB_SetDevSpeed
                0x000000000800d664       0x32 ./Drivers/STM32F4xx_HAL_Driver/Src/stm32f4xx_ll_usb.o
                0x000000000800d664                USB_SetDevSpeed
 .text.USB_DevDisconnect
                0x000000000800d696       0x42 ./Drivers/STM32F4xx_HAL_Driver/Src/stm32f4xx_ll_usb.o
                0x000000000800d696                USB_DevDisconnect
 .text.USB_GetMode
                0x000000000800d6d8       0x1c ./Drivers/STM32F4xx_HAL_Driver/Src/stm32f4xx_ll_usb.o
                0x000000000800d6d8                USB_GetMode
 .text.USB_CoreReset
                0x000000000800d6f4       0x68 ./Drivers/STM32F4xx_HAL_Driver/Src/stm32f4xx_ll_usb.o
 .text.__errno  0x000000000800d75c        0xc c:/st/stm32cubeide_1.11.2/stm32cubeide/plugins/com.st.stm32cube.ide.mcu.externaltools.gnu-tools-for-stm32.10.3-2021.10.win32_1.0.100.202210260954/tools/bin/../lib/gcc/arm-none-eabi/10.3.1/../../../../arm-none-eabi/lib/thumb/v7e-m+fp/hard\libc_nano.a(lib_a-errno.o)
                0x000000000800d75c                __errno
 .text.__libc_init_array
                0x000000000800d768       0x48 c:/st/stm32cubeide_1.11.2/stm32cubeide/plugins/com.st.stm32cube.ide.mcu.externaltools.gnu-tools-for-stm32.10.3-2021.10.win32_1.0.100.202210260954/tools/bin/../lib/gcc/arm-none-eabi/10.3.1/../../../../arm-none-eabi/lib/thumb/v7e-m+fp/hard\libc_nano.a(lib_a-init.o)
                0x000000000800d768                __libc_init_array
 .text.malloc   0x000000000800d7b0       0x10 c:/st/stm32cubeide_1.11.2/stm32cubeide/plugins/com.st.stm32cube.ide.mcu.externaltools.gnu-tools-for-stm32.10.3-2021.10.win32_1.0.100.202210260954/tools/bin/../lib/gcc/arm-none-eabi/10.3.1/../../../../arm-none-eabi/lib/thumb/v7e-m+fp/hard\libc_nano.a(lib_a-malloc.o)
                0x000000000800d7b0                malloc
 .text.free     0x000000000800d7c0       0x10 c:/st/stm32cubeide_1.11.2/stm32cubeide/plugins/com.st.stm32cube.ide.mcu.externaltools.gnu-tools-for-stm32.10.3-2021.10.win32_1.0.100.202210260954/tools/bin/../lib/gcc/arm-none-eabi/10.3.1/../../../../arm-none-eabi/lib/thumb/v7e-m+fp/hard\libc_nano.a(lib_a-malloc.o)
                0x000000000800d7c0                free
 .text.memcpy   0x000000000800d7d0       0x1c c:/st/stm32cubeide_1.11.2/stm32cubeide/plugins/com.st.stm32cube.ide.mcu.externaltools.gnu-tools-for-stm32.10.3-2021.10.win32_1.0.100.202210260954/tools/bin/../lib/gcc/arm-none-eabi/10.3.1/../../../../arm-none-eabi/lib/thumb/v7e-m+fp/hard\libc_nano.a(lib_a-memcpy-stub.o)
                0x000000000800d7d0                memcpy
 .text.memset   0x000000000800d7ec       0x10 c:/st/stm32cubeide_1.11.2/stm32cubeide/plugins/com.st.stm32cube.ide.mcu.externaltools.gnu-tools-for-stm32.10.3-2021.10.win32_1.0.100.202210260954/tools/bin/../lib/gcc/arm-none-eabi/10.3.1/../../../../arm-none-eabi/lib/thumb/v7e-m+fp/hard\libc_nano.a(lib_a-memset.o)
                0x000000000800d7ec                memset
 .text._free_r  0x000000000800d7fc       0x98 c:/st/stm32cubeide_1.11.2/stm32cubeide/plugins/com.st.stm32cube.ide.mcu.externaltools.gnu-tools-for-stm32.10.3-2021.10.win32_1.0.100.202210260954/tools/bin/../lib/gcc/arm-none-eabi/10.3.1/../../../../arm-none-eabi/lib/thumb/v7e-m+fp/hard\libc_nano.a(lib_a-nano-freer.o)
                0x000000000800d7fc                _free_r
 .text.sbrk_aligned
                0x000000000800d894       0x40 c:/st/stm32cubeide_1.11.2/stm32cubeide/plugins/com.st.stm32cube.ide.mcu.externaltools.gnu-tools-for-stm32.10.3-2021.10.win32_1.0.100.202210260954/tools/bin/../lib/gcc/arm-none-eabi/10.3.1/../../../../arm-none-eabi/lib/thumb/v7e-m+fp/hard\libc_nano.a(lib_a-nano-mallocr.o)
 .text._malloc_r
                0x000000000800d8d4       0xe8 c:/st/stm32cubeide_1.11.2/stm32cubeide/plugins/com.st.stm32cube.ide.mcu.externaltools.gnu-tools-for-stm32.10.3-2021.10.win32_1.0.100.202210260954/tools/bin/../lib/gcc/arm-none-eabi/10.3.1/../../../../arm-none-eabi/lib/thumb/v7e-m+fp/hard\libc_nano.a(lib_a-nano-mallocr.o)
                0x000000000800d8d4                _malloc_r
 .text.__cvt    0x000000000800d9bc       0xc4 c:/st/stm32cubeide_1.11.2/stm32cubeide/plugins/com.st.stm32cube.ide.mcu.externaltools.gnu-tools-for-stm32.10.3-2021.10.win32_1.0.100.202210260954/tools/bin/../lib/gcc/arm-none-eabi/10.3.1/../../../../arm-none-eabi/lib/thumb/v7e-m+fp/hard\libc_nano.a(lib_a-nano-vfprintf_float.o)
                0x000000000800d9bc                __cvt
 .text.__exponent
                0x000000000800da80       0x7c c:/st/stm32cubeide_1.11.2/stm32cubeide/plugins/com.st.stm32cube.ide.mcu.externaltools.gnu-tools-for-stm32.10.3-2021.10.win32_1.0.100.202210260954/tools/bin/../lib/gcc/arm-none-eabi/10.3.1/../../../../arm-none-eabi/lib/thumb/v7e-m+fp/hard\libc_nano.a(lib_a-nano-vfprintf_float.o)
                0x000000000800da80                __exponent
 .text._printf_float
                0x000000000800dafc      0x46c c:/st/stm32cubeide_1.11.2/stm32cubeide/plugins/com.st.stm32cube.ide.mcu.externaltools.gnu-tools-for-stm32.10.3-2021.10.win32_1.0.100.202210260954/tools/bin/../lib/gcc/arm-none-eabi/10.3.1/../../../../arm-none-eabi/lib/thumb/v7e-m+fp/hard\libc_nano.a(lib_a-nano-vfprintf_float.o)
                0x000000000800dafc                _printf_float
 .text._printf_common
                0x000000000800df68       0xda c:/st/stm32cubeide_1.11.2/stm32cubeide/plugins/com.st.stm32cube.ide.mcu.externaltools.gnu-tools-for-stm32.10.3-2021.10.win32_1.0.100.202210260954/tools/bin/../lib/gcc/arm-none-eabi/10.3.1/../../../../arm-none-eabi/lib/thumb/v7e-m+fp/hard\libc_nano.a(lib_a-nano-vfprintf_i.o)
                0x000000000800df68                _printf_common
 *fill*         0x000000000800e042        0x2 
 .text._printf_i
                0x000000000800e044      0x24c c:/st/stm32cubeide_1.11.2/stm32cubeide/plugins/com.st.stm32cube.ide.mcu.externaltools.gnu-tools-for-stm32.10.3-2021.10.win32_1.0.100.202210260954/tools/bin/../lib/gcc/arm-none-eabi/10.3.1/../../../../arm-none-eabi/lib/thumb/v7e-m+fp/hard\libc_nano.a(lib_a-nano-vfprintf_i.o)
                0x000000000800e044                _printf_i
 .text._sbrk_r  0x000000000800e290       0x20 c:/st/stm32cubeide_1.11.2/stm32cubeide/plugins/com.st.stm32cube.ide.mcu.externaltools.gnu-tools-for-stm32.10.3-2021.10.win32_1.0.100.202210260954/tools/bin/../lib/gcc/arm-none-eabi/10.3.1/../../../../arm-none-eabi/lib/thumb/v7e-m+fp/hard\libc_nano.a(lib_a-sbrkr.o)
                0x000000000800e290                _sbrk_r
 .text.sprintf  0x000000000800e2b0       0x40 c:/st/stm32cubeide_1.11.2/stm32cubeide/plugins/com.st.stm32cube.ide.mcu.externaltools.gnu-tools-for-stm32.10.3-2021.10.win32_1.0.100.202210260954/tools/bin/../lib/gcc/arm-none-eabi/10.3.1/../../../../arm-none-eabi/lib/thumb/v7e-m+fp/hard\libc_nano.a(lib_a-sprintf.o)
                0x000000000800e2b0                siprintf
                0x000000000800e2b0                sprintf
 .text.quorem   0x000000000800e2f0      0x116 c:/st/stm32cubeide_1.11.2/stm32cubeide/plugins/com.st.stm32cube.ide.mcu.externaltools.gnu-tools-for-stm32.10.3-2021.10.win32_1.0.100.202210260954/tools/bin/../lib/gcc/arm-none-eabi/10.3.1/../../../../arm-none-eabi/lib/thumb/v7e-m+fp/hard\libc_nano.a(lib_a-dtoa.o)
 *fill*         0x000000000800e406        0x2 
 .text._dtoa_r  0x000000000800e408      0xbdc c:/st/stm32cubeide_1.11.2/stm32cubeide/plugins/com.st.stm32cube.ide.mcu.externaltools.gnu-tools-for-stm32.10.3-2021.10.win32_1.0.100.202210260954/tools/bin/../lib/gcc/arm-none-eabi/10.3.1/../../../../arm-none-eabi/lib/thumb/v7e-m+fp/hard\libc_nano.a(lib_a-dtoa.o)
                0x000000000800e408                _dtoa_r
 .text._localeconv_r
                0x000000000800efe4        0x8 c:/st/stm32cubeide_1.11.2/stm32cubeide/plugins/com.st.stm32cube.ide.mcu.externaltools.gnu-tools-for-stm32.10.3-2021.10.win32_1.0.100.202210260954/tools/bin/../lib/gcc/arm-none-eabi/10.3.1/../../../../arm-none-eabi/lib/thumb/v7e-m+fp/hard\libc_nano.a(lib_a-localeconv.o)
                0x000000000800efe4                _localeconv_r
 .text.__malloc_lock
                0x000000000800efec        0xc c:/st/stm32cubeide_1.11.2/stm32cubeide/plugins/com.st.stm32cube.ide.mcu.externaltools.gnu-tools-for-stm32.10.3-2021.10.win32_1.0.100.202210260954/tools/bin/../lib/gcc/arm-none-eabi/10.3.1/../../../../arm-none-eabi/lib/thumb/v7e-m+fp/hard\libc_nano.a(lib_a-mlock.o)
                0x000000000800efec                __malloc_lock
 .text.__malloc_unlock
                0x000000000800eff8        0xc c:/st/stm32cubeide_1.11.2/stm32cubeide/plugins/com.st.stm32cube.ide.mcu.externaltools.gnu-tools-for-stm32.10.3-2021.10.win32_1.0.100.202210260954/tools/bin/../lib/gcc/arm-none-eabi/10.3.1/../../../../arm-none-eabi/lib/thumb/v7e-m+fp/hard\libc_nano.a(lib_a-mlock.o)
                0x000000000800eff8                __malloc_unlock
 .text._Balloc  0x000000000800f004       0x80 c:/st/stm32cubeide_1.11.2/stm32cubeide/plugins/com.st.stm32cube.ide.mcu.externaltools.gnu-tools-for-stm32.10.3-2021.10.win32_1.0.100.202210260954/tools/bin/../lib/gcc/arm-none-eabi/10.3.1/../../../../arm-none-eabi/lib/thumb/v7e-m+fp/hard\libc_nano.a(lib_a-mprec.o)
                0x000000000800f004                _Balloc
 .text._Bfree   0x000000000800f084       0x44 c:/st/stm32cubeide_1.11.2/stm32cubeide/plugins/com.st.stm32cube.ide.mcu.externaltools.gnu-tools-for-stm32.10.3-2021.10.win32_1.0.100.202210260954/tools/bin/../lib/gcc/arm-none-eabi/10.3.1/../../../../arm-none-eabi/lib/thumb/v7e-m+fp/hard\libc_nano.a(lib_a-mprec.o)
                0x000000000800f084                _Bfree
 .text.__multadd
                0x000000000800f0c8       0x8c c:/st/stm32cubeide_1.11.2/stm32cubeide/plugins/com.st.stm32cube.ide.mcu.externaltools.gnu-tools-for-stm32.10.3-2021.10.win32_1.0.100.202210260954/tools/bin/../lib/gcc/arm-none-eabi/10.3.1/../../../../arm-none-eabi/lib/thumb/v7e-m+fp/hard\libc_nano.a(lib_a-mprec.o)
                0x000000000800f0c8                __multadd
 .text.__hi0bits
                0x000000000800f154       0x40 c:/st/stm32cubeide_1.11.2/stm32cubeide/plugins/com.st.stm32cube.ide.mcu.externaltools.gnu-tools-for-stm32.10.3-2021.10.win32_1.0.100.202210260954/tools/bin/../lib/gcc/arm-none-eabi/10.3.1/../../../../arm-none-eabi/lib/thumb/v7e-m+fp/hard\libc_nano.a(lib_a-mprec.o)
                0x000000000800f154                __hi0bits
 .text.__lo0bits
                0x000000000800f194       0x5e c:/st/stm32cubeide_1.11.2/stm32cubeide/plugins/com.st.stm32cube.ide.mcu.externaltools.gnu-tools-for-stm32.10.3-2021.10.win32_1.0.100.202210260954/tools/bin/../lib/gcc/arm-none-eabi/10.3.1/../../../../arm-none-eabi/lib/thumb/v7e-m+fp/hard\libc_nano.a(lib_a-mprec.o)
                0x000000000800f194                __lo0bits
 *fill*         0x000000000800f1f2        0x2 
 .text.__i2b    0x000000000800f1f4       0x2c c:/st/stm32cubeide_1.11.2/stm32cubeide/plugins/com.st.stm32cube.ide.mcu.externaltools.gnu-tools-for-stm32.10.3-2021.10.win32_1.0.100.202210260954/tools/bin/../lib/gcc/arm-none-eabi/10.3.1/../../../../arm-none-eabi/lib/thumb/v7e-m+fp/hard\libc_nano.a(lib_a-mprec.o)
                0x000000000800f1f4                __i2b
 .text.__multiply
                0x000000000800f220      0x154 c:/st/stm32cubeide_1.11.2/stm32cubeide/plugins/com.st.stm32cube.ide.mcu.externaltools.gnu-tools-for-stm32.10.3-2021.10.win32_1.0.100.202210260954/tools/bin/../lib/gcc/arm-none-eabi/10.3.1/../../../../arm-none-eabi/lib/thumb/v7e-m+fp/hard\libc_nano.a(lib_a-mprec.o)
                0x000000000800f220                __multiply
 .text.__pow5mult
                0x000000000800f374       0xb4 c:/st/stm32cubeide_1.11.2/stm32cubeide/plugins/com.st.stm32cube.ide.mcu.externaltools.gnu-tools-for-stm32.10.3-2021.10.win32_1.0.100.202210260954/tools/bin/../lib/gcc/arm-none-eabi/10.3.1/../../../../arm-none-eabi/lib/thumb/v7e-m+fp/hard\libc_nano.a(lib_a-mprec.o)
                0x000000000800f374                __pow5mult
 .text.__lshift
                0x000000000800f428       0xe0 c:/st/stm32cubeide_1.11.2/stm32cubeide/plugins/com.st.stm32cube.ide.mcu.externaltools.gnu-tools-for-stm32.10.3-2021.10.win32_1.0.100.202210260954/tools/bin/../lib/gcc/arm-none-eabi/10.3.1/../../../../arm-none-eabi/lib/thumb/v7e-m+fp/hard\libc_nano.a(lib_a-mprec.o)
                0x000000000800f428                __lshift
 .text.__mcmp   0x000000000800f508       0x38 c:/st/stm32cubeide_1.11.2/stm32cubeide/plugins/com.st.stm32cube.ide.mcu.externaltools.gnu-tools-for-stm32.10.3-2021.10.win32_1.0.100.202210260954/tools/bin/../lib/gcc/arm-none-eabi/10.3.1/../../../../arm-none-eabi/lib/thumb/v7e-m+fp/hard\libc_nano.a(lib_a-mprec.o)
                0x000000000800f508                __mcmp
 .text.__mdiff  0x000000000800f540      0x114 c:/st/stm32cubeide_1.11.2/stm32cubeide/plugins/com.st.stm32cube.ide.mcu.externaltools.gnu-tools-for-stm32.10.3-2021.10.win32_1.0.100.202210260954/tools/bin/../lib/gcc/arm-none-eabi/10.3.1/../../../../arm-none-eabi/lib/thumb/v7e-m+fp/hard\libc_nano.a(lib_a-mprec.o)
                0x000000000800f540                __mdiff
 .text.__d2b    0x000000000800f654       0xb8 c:/st/stm32cubeide_1.11.2/stm32cubeide/plugins/com.st.stm32cube.ide.mcu.externaltools.gnu-tools-for-stm32.10.3-2021.10.win32_1.0.100.202210260954/tools/bin/../lib/gcc/arm-none-eabi/10.3.1/../../../../arm-none-eabi/lib/thumb/v7e-m+fp/hard\libc_nano.a(lib_a-mprec.o)
                0x000000000800f654                __d2b
 .text._calloc_r
                0x000000000800f70c       0x2c c:/st/stm32cubeide_1.11.2/stm32cubeide/plugins/com.st.stm32cube.ide.mcu.externaltools.gnu-tools-for-stm32.10.3-2021.10.win32_1.0.100.202210260954/tools/bin/../lib/gcc/arm-none-eabi/10.3.1/../../../../arm-none-eabi/lib/thumb/v7e-m+fp/hard\libc_nano.a(lib_a-nano-callocr.o)
                0x000000000800f70c                _calloc_r
 .text.__ssputs_r
                0x000000000800f738       0xb6 c:/st/stm32cubeide_1.11.2/stm32cubeide/plugins/com.st.stm32cube.ide.mcu.externaltools.gnu-tools-for-stm32.10.3-2021.10.win32_1.0.100.202210260954/tools/bin/../lib/gcc/arm-none-eabi/10.3.1/../../../../arm-none-eabi/lib/thumb/v7e-m+fp/hard\libc_nano.a(lib_a-nano-svfprintf.o)
                0x000000000800f738                __ssputs_r
 *fill*         0x000000000800f7ee        0x2 
 .text._svfprintf_r
                0x000000000800f7f0      0x200 c:/st/stm32cubeide_1.11.2/stm32cubeide/plugins/com.st.stm32cube.ide.mcu.externaltools.gnu-tools-for-stm32.10.3-2021.10.win32_1.0.100.202210260954/tools/bin/../lib/gcc/arm-none-eabi/10.3.1/../../../../arm-none-eabi/lib/thumb/v7e-m+fp/hard\libc_nano.a(lib_a-nano-svfprintf.o)
                0x000000000800f7f0                _svfiprintf_r
                0x000000000800f7f0                _svfprintf_r
 .text.__assert_func
                0x000000000800f9f0       0x3c c:/st/stm32cubeide_1.11.2/stm32cubeide/plugins/com.st.stm32cube.ide.mcu.externaltools.gnu-tools-for-stm32.10.3-2021.10.win32_1.0.100.202210260954/tools/bin/../lib/gcc/arm-none-eabi/10.3.1/../../../../arm-none-eabi/lib/thumb/v7e-m+fp/hard\libc_nano.a(lib_a-assert.o)
                0x000000000800f9f0                __assert_func
 .text.fprintf  0x000000000800fa2c       0x24 c:/st/stm32cubeide_1.11.2/stm32cubeide/plugins/com.st.stm32cube.ide.mcu.externaltools.gnu-tools-for-stm32.10.3-2021.10.win32_1.0.100.202210260954/tools/bin/../lib/gcc/arm-none-eabi/10.3.1/../../../../arm-none-eabi/lib/thumb/v7e-m+fp/hard\libc_nano.a(lib_a-fprintf.o)
                0x000000000800fa2c                fiprintf
                0x000000000800fa2c                fprintf
 .text.__retarget_lock_init_recursive
                0x000000000800fa50        0x2 c:/st/stm32cubeide_1.11.2/stm32cubeide/plugins/com.st.stm32cube.ide.mcu.externaltools.gnu-tools-for-stm32.10.3-2021.10.win32_1.0.100.202210260954/tools/bin/../lib/gcc/arm-none-eabi/10.3.1/../../../../arm-none-eabi/lib/thumb/v7e-m+fp/hard\libc_nano.a(lib_a-lock.o)
                0x000000000800fa50                __retarget_lock_init_recursive
 .text.__retarget_lock_acquire_recursive
                0x000000000800fa52        0x2 c:/st/stm32cubeide_1.11.2/stm32cubeide/plugins/com.st.stm32cube.ide.mcu.externaltools.gnu-tools-for-stm32.10.3-2021.10.win32_1.0.100.202210260954/tools/bin/../lib/gcc/arm-none-eabi/10.3.1/../../../../arm-none-eabi/lib/thumb/v7e-m+fp/hard\libc_nano.a(lib_a-lock.o)
                0x000000000800fa52                __retarget_lock_acquire_recursive
 .text.__retarget_lock_release_recursive
                0x000000000800fa54        0x2 c:/st/stm32cubeide_1.11.2/stm32cubeide/plugins/com.st.stm32cube.ide.mcu.externaltools.gnu-tools-for-stm32.10.3-2021.10.win32_1.0.100.202210260954/tools/bin/../lib/gcc/arm-none-eabi/10.3.1/../../../../arm-none-eabi/lib/thumb/v7e-m+fp/hard\libc_nano.a(lib_a-lock.o)
                0x000000000800fa54                __retarget_lock_release_recursive
 .text.__ascii_mbtowc
                0x000000000800fa56       0x24 c:/st/stm32cubeide_1.11.2/stm32cubeide/plugins/com.st.stm32cube.ide.mcu.externaltools.gnu-tools-for-stm32.10.3-2021.10.win32_1.0.100.202210260954/tools/bin/../lib/gcc/arm-none-eabi/10.3.1/../../../../arm-none-eabi/lib/thumb/v7e-m+fp/hard\libc_nano.a(lib_a-mbtowc_r.o)
                0x000000000800fa56                __ascii_mbtowc
 .text.memmove  0x000000000800fa7a       0x34 c:/st/stm32cubeide_1.11.2/stm32cubeide/plugins/com.st.stm32cube.ide.mcu.externaltools.gnu-tools-for-stm32.10.3-2021.10.win32_1.0.100.202210260954/tools/bin/../lib/gcc/arm-none-eabi/10.3.1/../../../../arm-none-eabi/lib/thumb/v7e-m+fp/hard\libc_nano.a(lib_a-memmove.o)
                0x000000000800fa7a                memmove
 .text._realloc_r
                0x000000000800faae       0x5e c:/st/stm32cubeide_1.11.2/stm32cubeide/plugins/com.st.stm32cube.ide.mcu.externaltools.gnu-tools-for-stm32.10.3-2021.10.win32_1.0.100.202210260954/tools/bin/../lib/gcc/arm-none-eabi/10.3.1/../../../../arm-none-eabi/lib/thumb/v7e-m+fp/hard\libc_nano.a(lib_a-nano-reallocr.o)
                0x000000000800faae                _realloc_r
 .text.__sfputc_r
                0x000000000800fb0c       0x2e c:/st/stm32cubeide_1.11.2/stm32cubeide/plugins/com.st.stm32cube.ide.mcu.externaltools.gnu-tools-for-stm32.10.3-2021.10.win32_1.0.100.202210260954/tools/bin/../lib/gcc/arm-none-eabi/10.3.1/../../../../arm-none-eabi/lib/thumb/v7e-m+fp/hard\libc_nano.a(lib_a-nano-vfprintf.o)
 .text.__sfputs_r
                0x000000000800fb3a       0x24 c:/st/stm32cubeide_1.11.2/stm32cubeide/plugins/com.st.stm32cube.ide.mcu.externaltools.gnu-tools-for-stm32.10.3-2021.10.win32_1.0.100.202210260954/tools/bin/../lib/gcc/arm-none-eabi/10.3.1/../../../../arm-none-eabi/lib/thumb/v7e-m+fp/hard\libc_nano.a(lib_a-nano-vfprintf.o)
                0x000000000800fb3a                __sfputs_r
 *fill*         0x000000000800fb5e        0x2 
 .text._vfprintf_r
                0x000000000800fb60      0x260 c:/st/stm32cubeide_1.11.2/stm32cubeide/plugins/com.st.stm32cube.ide.mcu.externaltools.gnu-tools-for-stm32.10.3-2021.10.win32_1.0.100.202210260954/tools/bin/../lib/gcc/arm-none-eabi/10.3.1/../../../../arm-none-eabi/lib/thumb/v7e-m+fp/hard\libc_nano.a(lib_a-nano-vfprintf.o)
                0x000000000800fb60                _vfprintf_r
                0x000000000800fb60                _vfiprintf_r
 .text.__swbuf_r
                0x000000000800fdc0       0xa4 c:/st/stm32cubeide_1.11.2/stm32cubeide/plugins/com.st.stm32cube.ide.mcu.externaltools.gnu-tools-for-stm32.10.3-2021.10.win32_1.0.100.202210260954/tools/bin/../lib/gcc/arm-none-eabi/10.3.1/../../../../arm-none-eabi/lib/thumb/v7e-m+fp/hard\libc_nano.a(lib_a-wbuf.o)
                0x000000000800fdc0                __swbuf_r
 .text.__ascii_wctomb
                0x000000000800fe64       0x1a c:/st/stm32cubeide_1.11.2/stm32cubeide/plugins/com.st.stm32cube.ide.mcu.externaltools.gnu-tools-for-stm32.10.3-2021.10.win32_1.0.100.202210260954/tools/bin/../lib/gcc/arm-none-eabi/10.3.1/../../../../arm-none-eabi/lib/thumb/v7e-m+fp/hard\libc_nano.a(lib_a-wctomb_r.o)
                0x000000000800fe64                __ascii_wctomb
 *fill*         0x000000000800fe7e        0x2 
 .text.__swsetup_r
                0x000000000800fe80       0xdc c:/st/stm32cubeide_1.11.2/stm32cubeide/plugins/com.st.stm32cube.ide.mcu.externaltools.gnu-tools-for-stm32.10.3-2021.10.win32_1.0.100.202210260954/tools/bin/../lib/gcc/arm-none-eabi/10.3.1/../../../../arm-none-eabi/lib/thumb/v7e-m+fp/hard\libc_nano.a(lib_a-wsetup.o)
                0x000000000800fe80                __swsetup_r
 .text.abort    0x000000000800ff5c        0xe c:/st/stm32cubeide_1.11.2/stm32cubeide/plugins/com.st.stm32cube.ide.mcu.externaltools.gnu-tools-for-stm32.10.3-2021.10.win32_1.0.100.202210260954/tools/bin/../lib/gcc/arm-none-eabi/10.3.1/../../../../arm-none-eabi/lib/thumb/v7e-m+fp/hard\libc_nano.a(lib_a-abort.o)
                0x000000000800ff5c                abort
 *fill*         0x000000000800ff6a        0x2 
 .text.__sflush_r
                0x000000000800ff6c      0x10c c:/st/stm32cubeide_1.11.2/stm32cubeide/plugins/com.st.stm32cube.ide.mcu.externaltools.gnu-tools-for-stm32.10.3-2021.10.win32_1.0.100.202210260954/tools/bin/../lib/gcc/arm-none-eabi/10.3.1/../../../../arm-none-eabi/lib/thumb/v7e-m+fp/hard\libc_nano.a(lib_a-fflush.o)
                0x000000000800ff6c                __sflush_r
 .text._fflush_r
                0x0000000008010078       0x78 c:/st/stm32cubeide_1.11.2/stm32cubeide/plugins/com.st.stm32cube.ide.mcu.externaltools.gnu-tools-for-stm32.10.3-2021.10.win32_1.0.100.202210260954/tools/bin/../lib/gcc/arm-none-eabi/10.3.1/../../../../arm-none-eabi/lib/thumb/v7e-m+fp/hard\libc_nano.a(lib_a-fflush.o)
                0x0000000008010078                _fflush_r
 .text.std      0x00000000080100f0       0x48 c:/st/stm32cubeide_1.11.2/stm32cubeide/plugins/com.st.stm32cube.ide.mcu.externaltools.gnu-tools-for-stm32.10.3-2021.10.win32_1.0.100.202210260954/tools/bin/../lib/gcc/arm-none-eabi/10.3.1/../../../../arm-none-eabi/lib/thumb/v7e-m+fp/hard\libc_nano.a(lib_a-findfp.o)
 .text._cleanup_r
                0x0000000008010138        0xc c:/st/stm32cubeide_1.11.2/stm32cubeide/plugins/com.st.stm32cube.ide.mcu.externaltools.gnu-tools-for-stm32.10.3-2021.10.win32_1.0.100.202210260954/tools/bin/../lib/gcc/arm-none-eabi/10.3.1/../../../../arm-none-eabi/lib/thumb/v7e-m+fp/hard\libc_nano.a(lib_a-findfp.o)
                0x0000000008010138                _cleanup_r
 .text.__sfmoreglue
                0x0000000008010144       0x2c c:/st/stm32cubeide_1.11.2/stm32cubeide/plugins/com.st.stm32cube.ide.mcu.externaltools.gnu-tools-for-stm32.10.3-2021.10.win32_1.0.100.202210260954/tools/bin/../lib/gcc/arm-none-eabi/10.3.1/../../../../arm-none-eabi/lib/thumb/v7e-m+fp/hard\libc_nano.a(lib_a-findfp.o)
                0x0000000008010144                __sfmoreglue
 .text.__sfp_lock_acquire
                0x0000000008010170        0xc c:/st/stm32cubeide_1.11.2/stm32cubeide/plugins/com.st.stm32cube.ide.mcu.externaltools.gnu-tools-for-stm32.10.3-2021.10.win32_1.0.100.202210260954/tools/bin/../lib/gcc/arm-none-eabi/10.3.1/../../../../arm-none-eabi/lib/thumb/v7e-m+fp/hard\libc_nano.a(lib_a-findfp.o)
                0x0000000008010170                __sfp_lock_acquire
 .text.__sfp_lock_release
                0x000000000801017c        0xc c:/st/stm32cubeide_1.11.2/stm32cubeide/plugins/com.st.stm32cube.ide.mcu.externaltools.gnu-tools-for-stm32.10.3-2021.10.win32_1.0.100.202210260954/tools/bin/../lib/gcc/arm-none-eabi/10.3.1/../../../../arm-none-eabi/lib/thumb/v7e-m+fp/hard\libc_nano.a(lib_a-findfp.o)
                0x000000000801017c                __sfp_lock_release
 .text.__sinit_lock_acquire
                0x0000000008010188        0xc c:/st/stm32cubeide_1.11.2/stm32cubeide/plugins/com.st.stm32cube.ide.mcu.externaltools.gnu-tools-for-stm32.10.3-2021.10.win32_1.0.100.202210260954/tools/bin/../lib/gcc/arm-none-eabi/10.3.1/../../../../arm-none-eabi/lib/thumb/v7e-m+fp/hard\libc_nano.a(lib_a-findfp.o)
                0x0000000008010188                __sinit_lock_acquire
 .text.__sinit_lock_release
                0x0000000008010194        0xc c:/st/stm32cubeide_1.11.2/stm32cubeide/plugins/com.st.stm32cube.ide.mcu.externaltools.gnu-tools-for-stm32.10.3-2021.10.win32_1.0.100.202210260954/tools/bin/../lib/gcc/arm-none-eabi/10.3.1/../../../../arm-none-eabi/lib/thumb/v7e-m+fp/hard\libc_nano.a(lib_a-findfp.o)
                0x0000000008010194                __sinit_lock_release
 .text.__sinit  0x00000000080101a0       0x70 c:/st/stm32cubeide_1.11.2/stm32cubeide/plugins/com.st.stm32cube.ide.mcu.externaltools.gnu-tools-for-stm32.10.3-2021.10.win32_1.0.100.202210260954/tools/bin/../lib/gcc/arm-none-eabi/10.3.1/../../../../arm-none-eabi/lib/thumb/v7e-m+fp/hard\libc_nano.a(lib_a-findfp.o)
                0x00000000080101a0                __sinit
 .text.__sfp    0x0000000008010210       0x8c c:/st/stm32cubeide_1.11.2/stm32cubeide/plugins/com.st.stm32cube.ide.mcu.externaltools.gnu-tools-for-stm32.10.3-2021.10.win32_1.0.100.202210260954/tools/bin/../lib/gcc/arm-none-eabi/10.3.1/../../../../arm-none-eabi/lib/thumb/v7e-m+fp/hard\libc_nano.a(lib_a-findfp.o)
                0x0000000008010210                __sfp
 .text._fwalk_reent
                0x000000000801029c       0x3e c:/st/stm32cubeide_1.11.2/stm32cubeide/plugins/com.st.stm32cube.ide.mcu.externaltools.gnu-tools-for-stm32.10.3-2021.10.win32_1.0.100.202210260954/tools/bin/../lib/gcc/arm-none-eabi/10.3.1/../../../../arm-none-eabi/lib/thumb/v7e-m+fp/hard\libc_nano.a(lib_a-fwalk.o)
                0x000000000801029c                _fwalk_reent
 .text.__swhatbuf_r
                0x00000000080102da       0x4a c:/st/stm32cubeide_1.11.2/stm32cubeide/plugins/com.st.stm32cube.ide.mcu.externaltools.gnu-tools-for-stm32.10.3-2021.10.win32_1.0.100.202210260954/tools/bin/../lib/gcc/arm-none-eabi/10.3.1/../../../../arm-none-eabi/lib/thumb/v7e-m+fp/hard\libc_nano.a(lib_a-makebuf.o)
                0x00000000080102da                __swhatbuf_r
 .text.__smakebuf_r
                0x0000000008010324       0x80 c:/st/stm32cubeide_1.11.2/stm32cubeide/plugins/com.st.stm32cube.ide.mcu.externaltools.gnu-tools-for-stm32.10.3-2021.10.win32_1.0.100.202210260954/tools/bin/../lib/gcc/arm-none-eabi/10.3.1/../../../../arm-none-eabi/lib/thumb/v7e-m+fp/hard\libc_nano.a(lib_a-makebuf.o)
                0x0000000008010324                __smakebuf_r
 .text._malloc_usable_size_r
                0x00000000080103a4       0x10 c:/st/stm32cubeide_1.11.2/stm32cubeide/plugins/com.st.stm32cube.ide.mcu.externaltools.gnu-tools-for-stm32.10.3-2021.10.win32_1.0.100.202210260954/tools/bin/../lib/gcc/arm-none-eabi/10.3.1/../../../../arm-none-eabi/lib/thumb/v7e-m+fp/hard\libc_nano.a(lib_a-nano-msizer.o)
                0x00000000080103a4                _malloc_usable_size_r
 .text._raise_r
                0x00000000080103b4       0x50 c:/st/stm32cubeide_1.11.2/stm32cubeide/plugins/com.st.stm32cube.ide.mcu.externaltools.gnu-tools-for-stm32.10.3-2021.10.win32_1.0.100.202210260954/tools/bin/../lib/gcc/arm-none-eabi/10.3.1/../../../../arm-none-eabi/lib/thumb/v7e-m+fp/hard\libc_nano.a(lib_a-signal.o)
                0x00000000080103b4                _raise_r
 .text.raise    0x0000000008010404       0x10 c:/st/stm32cubeide_1.11.2/stm32cubeide/plugins/com.st.stm32cube.ide.mcu.externaltools.gnu-tools-for-stm32.10.3-2021.10.win32_1.0.100.202210260954/tools/bin/../lib/gcc/arm-none-eabi/10.3.1/../../../../arm-none-eabi/lib/thumb/v7e-m+fp/hard\libc_nano.a(lib_a-signal.o)
                0x0000000008010404                raise
 .text._kill_r  0x0000000008010414       0x24 c:/st/stm32cubeide_1.11.2/stm32cubeide/plugins/com.st.stm32cube.ide.mcu.externaltools.gnu-tools-for-stm32.10.3-2021.10.win32_1.0.100.202210260954/tools/bin/../lib/gcc/arm-none-eabi/10.3.1/../../../../arm-none-eabi/lib/thumb/v7e-m+fp/hard\libc_nano.a(lib_a-signalr.o)
                0x0000000008010414                _kill_r
 .text._getpid_r
                0x0000000008010438        0x4 c:/st/stm32cubeide_1.11.2/stm32cubeide/plugins/com.st.stm32cube.ide.mcu.externaltools.gnu-tools-for-stm32.10.3-2021.10.win32_1.0.100.202210260954/tools/bin/../lib/gcc/arm-none-eabi/10.3.1/../../../../arm-none-eabi/lib/thumb/v7e-m+fp/hard\libc_nano.a(lib_a-signalr.o)
                0x0000000008010438                _getpid_r
 .text.__sread  0x000000000801043c       0x22 c:/st/stm32cubeide_1.11.2/stm32cubeide/plugins/com.st.stm32cube.ide.mcu.externaltools.gnu-tools-for-stm32.10.3-2021.10.win32_1.0.100.202210260954/tools/bin/../lib/gcc/arm-none-eabi/10.3.1/../../../../arm-none-eabi/lib/thumb/v7e-m+fp/hard\libc_nano.a(lib_a-stdio.o)
                0x000000000801043c                __sread
 .text.__swrite
                0x000000000801045e       0x38 c:/st/stm32cubeide_1.11.2/stm32cubeide/plugins/com.st.stm32cube.ide.mcu.externaltools.gnu-tools-for-stm32.10.3-2021.10.win32_1.0.100.202210260954/tools/bin/../lib/gcc/arm-none-eabi/10.3.1/../../../../arm-none-eabi/lib/thumb/v7e-m+fp/hard\libc_nano.a(lib_a-stdio.o)
                0x000000000801045e                __swrite
 .text.__sseek  0x0000000008010496       0x24 c:/st/stm32cubeide_1.11.2/stm32cubeide/plugins/com.st.stm32cube.ide.mcu.externaltools.gnu-tools-for-stm32.10.3-2021.10.win32_1.0.100.202210260954/tools/bin/../lib/gcc/arm-none-eabi/10.3.1/../../../../arm-none-eabi/lib/thumb/v7e-m+fp/hard\libc_nano.a(lib_a-stdio.o)
                0x0000000008010496                __sseek
 .text.__sclose
                0x00000000080104ba        0x8 c:/st/stm32cubeide_1.11.2/stm32cubeide/plugins/com.st.stm32cube.ide.mcu.externaltools.gnu-tools-for-stm32.10.3-2021.10.win32_1.0.100.202210260954/tools/bin/../lib/gcc/arm-none-eabi/10.3.1/../../../../arm-none-eabi/lib/thumb/v7e-m+fp/hard\libc_nano.a(lib_a-stdio.o)
                0x00000000080104ba                __sclose
 *fill*         0x00000000080104c2        0x2 
 .text._write_r
                0x00000000080104c4       0x24 c:/st/stm32cubeide_1.11.2/stm32cubeide/plugins/com.st.stm32cube.ide.mcu.externaltools.gnu-tools-for-stm32.10.3-2021.10.win32_1.0.100.202210260954/tools/bin/../lib/gcc/arm-none-eabi/10.3.1/../../../../arm-none-eabi/lib/thumb/v7e-m+fp/hard\libc_nano.a(lib_a-writer.o)
                0x00000000080104c4                _write_r
 .text._close_r
                0x00000000080104e8       0x20 c:/st/stm32cubeide_1.11.2/stm32cubeide/plugins/com.st.stm32cube.ide.mcu.externaltools.gnu-tools-for-stm32.10.3-2021.10.win32_1.0.100.202210260954/tools/bin/../lib/gcc/arm-none-eabi/10.3.1/../../../../arm-none-eabi/lib/thumb/v7e-m+fp/hard\libc_nano.a(lib_a-closer.o)
                0x00000000080104e8                _close_r
 .text._fstat_r
                0x0000000008010508       0x24 c:/st/stm32cubeide_1.11.2/stm32cubeide/plugins/com.st.stm32cube.ide.mcu.externaltools.gnu-tools-for-stm32.10.3-2021.10.win32_1.0.100.202210260954/tools/bin/../lib/gcc/arm-none-eabi/10.3.1/../../../../arm-none-eabi/lib/thumb/v7e-m+fp/hard\libc_nano.a(lib_a-fstatr.o)
                0x0000000008010508                _fstat_r
 .text._isatty_r
                0x000000000801052c       0x20 c:/st/stm32cubeide_1.11.2/stm32cubeide/plugins/com.st.stm32cube.ide.mcu.externaltools.gnu-tools-for-stm32.10.3-2021.10.win32_1.0.100.202210260954/tools/bin/../lib/gcc/arm-none-eabi/10.3.1/../../../../arm-none-eabi/lib/thumb/v7e-m+fp/hard\libc_nano.a(lib_a-isattyr.o)
                0x000000000801052c                _isatty_r
 .text._lseek_r
                0x000000000801054c       0x24 c:/st/stm32cubeide_1.11.2/stm32cubeide/plugins/com.st.stm32cube.ide.mcu.externaltools.gnu-tools-for-stm32.10.3-2021.10.win32_1.0.100.202210260954/tools/bin/../lib/gcc/arm-none-eabi/10.3.1/../../../../arm-none-eabi/lib/thumb/v7e-m+fp/hard\libc_nano.a(lib_a-lseekr.o)
                0x000000000801054c                _lseek_r
 .text._read_r  0x0000000008010570       0x24 c:/st/stm32cubeide_1.11.2/stm32cubeide/plugins/com.st.stm32cube.ide.mcu.externaltools.gnu-tools-for-stm32.10.3-2021.10.win32_1.0.100.202210260954/tools/bin/../lib/gcc/arm-none-eabi/10.3.1/../../../../arm-none-eabi/lib/thumb/v7e-m+fp/hard\libc_nano.a(lib_a-readr.o)
                0x0000000008010570                _read_r
 *(.glue_7)
 .glue_7        0x0000000008010594        0x0 linker stubs
 *(.glue_7t)
 .glue_7t       0x0000000008010594        0x0 linker stubs
 *(.eh_frame)
 .eh_frame      0x0000000008010594        0x0 c:/st/stm32cubeide_1.11.2/stm32cubeide/plugins/com.st.stm32cube.ide.mcu.externaltools.gnu-tools-for-stm32.10.3-2021.10.win32_1.0.100.202210260954/tools/bin/../lib/gcc/arm-none-eabi/10.3.1/thumb/v7e-m+fp/hard/crtbegin.o
 *(.init)
 .init          0x0000000008010594        0x4 c:/st/stm32cubeide_1.11.2/stm32cubeide/plugins/com.st.stm32cube.ide.mcu.externaltools.gnu-tools-for-stm32.10.3-2021.10.win32_1.0.100.202210260954/tools/bin/../lib/gcc/arm-none-eabi/10.3.1/thumb/v7e-m+fp/hard/crti.o
                0x0000000008010594                _init
 .init          0x0000000008010598        0x8 c:/st/stm32cubeide_1.11.2/stm32cubeide/plugins/com.st.stm32cube.ide.mcu.externaltools.gnu-tools-for-stm32.10.3-2021.10.win32_1.0.100.202210260954/tools/bin/../lib/gcc/arm-none-eabi/10.3.1/thumb/v7e-m+fp/hard/crtn.o
 *(.fini)