../Core/Src/plan.c:41:6:Plan_SetCounter	4	static
../Core/Src/plan.c:45:9:Plan_CheckCounterValue	16	static
../Core/Src/plan.c:49:10:Plan_CounterValue	4	static
../Core/Src/plan.c:53:6:Plan_SetCounter2	4	static
../Core/Src/plan.c:57:9:Plan_CheckCounterValue2	16	static
../Core/Src/plan.c:61:10:Plan_CounterValue2	4	static
../Core/Src/plan.c:67:6:Plan_StartCounter	16	static
../Core/Src/plan.c:72:6:Plan_Counter	16	static
../Core/Src/plan.c:76:9:Plan_CheckCounterVal	16	static
../Core/Src/plan.c:87:9:Plan_CheckSensor	16	static
../Core/Src/plan.c:121:14:Plan_Left2	32	static
../Core/Src/plan.c:152:9:Plan_Left	32	static
../Core/Src/plan.c:199:9:Plan_Right	32	static
../Core/Src/plan.c:246:9:Plan_Forward	32	static
../Core/Src/plan.c:286:9:Plan_Backward	32	static
../Core/Src/plan.c:326:9:Plan_Idle	32	static
../Core/Src/plan.c:366:9:Plan_Follow	32	static
../Core/Src/plan.c:384:9:Plan_FollowLeft	32	static
../Core/Src/plan.c:447:9:Plan_FollowRight	32	static
../Core/Src/plan.c:511:9:Plan_Invert	32	static
../Core/Src/plan.c:519:9:Plan_NextPlan	24	static
../Core/Src/plan.c:524:9:Plan_Null	24	static
../Core/Src/plan.c:528:9:Plan_Jump	24	static
../Core/Src/plan.c:533:9:Plan_ActionInit	48	static
../Core/Src/plan.c:602:9:Plan_Brake	32	static
../Core/Src/plan.c:617:9:Plan_Stop	8	static
../Core/Src/plan.c:631:6:Plan_Start	8	static
../Core/Src/plan.c:650:6:Plan_UIRoutine	24	static
../Core/Src/plan.c:663:6:Plan_Main	32	static
