../Core/Src/plan.c:24:6:Plan_SetCounter	4	static
../Core/Src/plan.c:28:9:Plan_CheckCounterValue	16	static
../Core/Src/plan.c:32:9:Plan_CheckSensor	16	static
../Core/Src/plan.c:40:9:Plan_Left	24	static
../Core/Src/plan.c:65:9:Plan_Right	24	static
../Core/Src/plan.c:90:9:Plan_Forward	24	static
../Core/Src/plan.c:115:9:Plan_Follow	24	static
../Core/Src/plan.c:133:9:Plan_FollowLeft	24	static
../Core/Src/plan.c:161:9:Plan_FollowRight	24	static
../Core/Src/plan.c:190:9:Plan_Invert	24	static
../Core/Src/plan.c:198:9:Plan_NextPlan	24	static
../Core/Src/plan.c:203:9:Plan_Null	24	static
../Core/Src/plan.c:207:9:Plan_ActionInit	24	static
../Core/Src/plan.c:231:9:Plan_Stop	8	static
../Core/Src/plan.c:238:6:Plan_Start	8	static
../Core/Src/plan.c:250:6:Plan_UIRoutine	24	static
../Core/Src/plan.c:259:6:Plan_Main	24	static
