../Core/Src/plan.c:34:6:Plan_SetCounter	4	static
../Core/Src/plan.c:38:9:Plan_CheckCounterValue	16	static
../Core/Src/plan.c:42:10:Plan_CounterValue	4	static
../Core/Src/plan.c:48:6:Plan_StartCounter	16	static
../Core/Src/plan.c:53:6:Plan_Counter	16	static
../Core/Src/plan.c:57:9:Plan_CheckCounterVal	16	static
../Core/Src/plan.c:68:9:Plan_CheckSensor	16	static
../Core/Src/plan.c:102:14:Plan_Left2	24	static
../Core/Src/plan.c:133:9:Plan_Left	32	static
../Core/Src/plan.c:180:9:Plan_Right	32	static
../Core/Src/plan.c:227:9:Plan_Forward	32	static
../Core/Src/plan.c:267:9:Plan_Backward	32	static
../Core/Src/plan.c:307:9:Plan_Idle	24	static
../Core/Src/plan.c:347:9:Plan_Follow	24	static
../Core/Src/plan.c:365:9:Plan_FollowLeft	32	static
../Core/Src/plan.c:408:9:Plan_FollowRight	32	static
../Core/Src/plan.c:452:9:Plan_Invert	24	static
../Core/Src/plan.c:460:9:Plan_NextPlan	24	static
../Core/Src/plan.c:465:9:Plan_Null	24	static
../Core/Src/plan.c:469:9:Plan_Jump	24	static
../Core/Src/plan.c:474:9:Plan_ActionInit	48	static
../Core/Src/plan.c:532:9:Plan_Brake	24	static
../Core/Src/plan.c:547:9:Plan_Stop	8	static
../Core/Src/plan.c:560:6:Plan_Start	8	static
../Core/Src/plan.c:576:6:Plan_UIRoutine	24	static
../Core/Src/plan.c:589:6:Plan_Main	24	static
