../Core/Src/plan.c:29:6:Plan_SetCounter	4	static
../Core/Src/plan.c:33:9:Plan_CheckCounterValue	16	static
../Core/Src/plan.c:37:10:Plan_CounterValue	4	static
../Core/Src/plan.c:41:9:Plan_CheckSensor	16	static
../Core/Src/plan.c:57:9:Plan_Left	32	static
../Core/Src/plan.c:82:9:Plan_Right	32	static
../Core/Src/plan.c:107:9:Plan_Forward	32	static
../Core/Src/plan.c:132:9:Plan_Backward	32	static
../Core/Src/plan.c:157:9:Plan_Follow	24	static
../Core/Src/plan.c:175:9:Plan_FollowLeft	32	static
../Core/Src/plan.c:203:9:Plan_FollowRight	32	static
../Core/Src/plan.c:232:9:Plan_Invert	24	static
../Core/Src/plan.c:240:9:Plan_NextPlan	24	static
../Core/Src/plan.c:245:9:Plan_Null	24	static
../Core/Src/plan.c:249:9:Plan_Skip	24	static
../Core/Src/plan.c:254:9:Plan_ActionInit	56	static
../Core/Src/plan.c:304:9:Plan_Stop	8	static
../Core/Src/plan.c:313:6:Plan_Start	8	static
../Core/Src/plan.c:325:6:Plan_UIRoutine	24	static
../Core/Src/plan.c:337:6:Plan_Main	32	static
