../Core/Src/plan.c:30:6:Plan_SetCounter	4	static
../Core/Src/plan.c:34:9:Plan_CheckCounterValue	16	static
../Core/Src/plan.c:38:10:Plan_CounterValue	4	static
../Core/Src/plan.c:42:9:Plan_CheckSensor	16	static
../Core/Src/plan.c:58:9:Plan_Left	32	static
../Core/Src/plan.c:83:9:Plan_Right	32	static
../Core/Src/plan.c:108:9:Plan_Forward	32	static
../Core/Src/plan.c:133:9:Plan_Backward	32	static
../Core/Src/plan.c:158:9:Plan_Idle	24	static
../Core/Src/plan.c:183:9:Plan_Follow	24	static
../Core/Src/plan.c:201:9:Plan_FollowLeft	32	static
../Core/Src/plan.c:229:9:Plan_FollowRight	32	static
../Core/Src/plan.c:258:9:Plan_Invert	24	static
../Core/Src/plan.c:266:9:Plan_NextPlan	24	static
../Core/Src/plan.c:271:9:Plan_Null	24	static
../Core/Src/plan.c:275:9:Plan_Jump	24	static
../Core/Src/plan.c:280:9:Plan_ActionInit	48	static
../Core/Src/plan.c:329:9:Plan_Brake	24	static
../Core/Src/plan.c:344:9:Plan_Stop	8	static
../Core/Src/plan.c:357:6:Plan_Start	8	static
../Core/Src/plan.c:370:6:Plan_UIRoutine	24	static
../Core/Src/plan.c:382:6:Plan_Main	32	static
