../Core/Src/plan.c:34:6:Plan_SetCounter	4	static
../Core/Src/plan.c:38:9:Plan_CheckCounterValue	16	static
../Core/Src/plan.c:42:10:Plan_CounterValue	4	static
../Core/Src/plan.c:46:9:Plan_CheckSensor	16	static
../Core/Src/plan.c:62:9:Plan_Left	32	static
../Core/Src/plan.c:109:9:Plan_Right	32	static
../Core/Src/plan.c:156:9:Plan_Forward	32	static
../Core/Src/plan.c:196:9:Plan_Backward	32	static
../Core/Src/plan.c:236:9:Plan_Idle	24	static
../Core/Src/plan.c:276:9:Plan_Follow	24	static
../Core/Src/plan.c:294:9:Plan_FollowLeft	32	static
../Core/Src/plan.c:337:9:Plan_FollowRight	32	static
../Core/Src/plan.c:381:9:Plan_Invert	24	static
../Core/Src/plan.c:389:9:Plan_NextPlan	24	static
../Core/Src/plan.c:394:9:Plan_Null	24	static
../Core/Src/plan.c:398:9:Plan_Jump	24	static
../Core/Src/plan.c:403:9:Plan_ActionInit	48	static
../Core/Src/plan.c:462:9:Plan_Brake	24	static
../Core/Src/plan.c:477:9:Plan_Stop	8	static
../Core/Src/plan.c:490:6:Plan_Start	8	static
../Core/Src/plan.c:506:6:Plan_UIRoutine	24	static
../Core/Src/plan.c:519:6:Plan_Main	24	static
