../Core/Src/storage.c:49:16:GetAction	48	static
../Core/Src/storage.c:59:6:SetAction	56	static
../Core/Src/storage.c:69:6:Storage_ResetPlan	240	static
../Core/Src/storage.c:105:6:Storage_ResetMemory	88	static
../Core/Src/storage.c:123:9:Storage_Init	16	static
../Core/Src/storage.c:133:9:Storage_PlanInit	80	static
../Core/Src/storage.c:143:6:Storage_GetADCThreshold	16	static
../Core/Src/storage.c:149:6:Storage_SetADCThreshold	16	static
../Core/Src/storage.c:155:9:Storage_GetPlan	88	static
../Core/Src/storage.c:171:6:Storage_SetPlanOther	88	static
../Core/Src/storage.c:180:6:Storage_GetCheckpoint	16	static
../Core/Src/storage.c:187:6:Storage_SetCheckpoint	16	static
../Core/Src/storage.c:193:6:Storage_SetPID	16	static
../Core/Src/storage.c:208:6:Storage_SetSpeed	16	static
../Core/Src/storage.c:218:16:GetActionOther	56	static
../Core/Src/storage.c:228:6:SetActionOther	56	static
../Core/Src/storage.c:237:6:SetActionOther2	48	static
../Core/Src/storage.c:247:9:GetActionSequence	16	static
../Core/Src/storage.c:268:6:GetActionSequenceRoutine	40	static
../Core/Src/storage.c:291:6:GetActionSequenceInit	32	static
../Core/Src/storage.c:301:6:Storage_InsertAction	48	static
../Core/Src/storage.c:309:6:Storage_DeleteAction	48	static
../Core/Src/storage.c:318:6:Storage_CopyPlan	48	static
../Core/Src/storage.c:327:6:Storage_CleanInit	80	static
