../Core/Src/storage.c:47:16:GetAction	48	static
../Core/Src/storage.c:57:6:SetAction	56	static
../Core/Src/storage.c:67:6:Storage_ResetPlan	200	static
../Core/Src/storage.c:102:6:Storage_ResetMemory	88	static
../Core/Src/storage.c:120:9:Storage_Init	16	static
../Core/Src/storage.c:130:9:Storage_PlanInit	80	static
../Core/Src/storage.c:140:6:Storage_GetADCThreshold	16	static
../Core/Src/storage.c:146:6:Storage_SetADCThreshold	16	static
../Core/Src/storage.c:152:9:Storage_GetPlan	88	static
../Core/Src/storage.c:168:6:Storage_SetPlanOther	88	static
../Core/Src/storage.c:177:6:Storage_GetCheckpoint	16	static
../Core/Src/storage.c:184:6:Storage_SetCheckpoint	16	static
../Core/Src/storage.c:190:6:Storage_SetPID	24	static
../Core/Src/storage.c:203:6:Storage_SetSpeed	16	static
../Core/Src/storage.c:209:16:GetActionOther	40	static
../Core/Src/storage.c:219:6:SetActionOther	56	static
../Core/Src/storage.c:228:6:SetActionOther2	56	static
../Core/Src/storage.c:238:9:GetActionSequence	16	static
../Core/Src/storage.c:259:6:GetActionSequenceRoutine	40	static
../Core/Src/storage.c:282:6:GetActionSequenceInit	32	static
../Core/Src/storage.c:292:6:Storage_InsertAction	32	static
../Core/Src/storage.c:300:6:Storage_DeleteAction	32	static
../Core/Src/storage.c:309:6:Storage_CopyPlan	40	static
../Core/Src/storage.c:318:6:Storage_CleanInit	80	static
