../Core/Src/storage.c:47:16:GetAction	48	static
../Core/Src/storage.c:57:6:SetAction	56	static
../Core/Src/storage.c:67:6:Storage_ResetPlan	200	static
../Core/Src/storage.c:100:6:Storage_ResetMemory	88	static
../Core/Src/storage.c:118:9:Storage_Init	16	static
../Core/Src/storage.c:128:9:Storage_PlanInit	80	static
../Core/Src/storage.c:138:6:Storage_GetADCThreshold	16	static
../Core/Src/storage.c:144:6:Storage_SetADCThreshold	16	static
../Core/Src/storage.c:150:9:Storage_GetPlan	88	static
../Core/Src/storage.c:166:6:Storage_GetCheckpoint	16	static
../Core/Src/storage.c:173:6:Storage_SetCheckpoint	16	static
../Core/Src/storage.c:179:6:Storage_SetPID	16	static
../Core/Src/storage.c:189:6:Storage_SetSpeed	16	static
../Core/Src/storage.c:195:16:GetActionOther	40	static
../Core/Src/storage.c:205:6:SetActionOther	56	static
../Core/Src/storage.c:214:9:GetActionSequence	16	static
../Core/Src/storage.c:233:6:GetActionSequenceRoutine	32	static
../Core/Src/storage.c:250:6:GetActionSequenceInit	32	static
../Core/Src/storage.c:260:6:Storage_InsertAction	32	static
../Core/Src/storage.c:269:6:Storage_DeleteAction	32	static
../Core/Src/storage.c:279:6:Storage_CleanInit	80	static
