../Core/Src/ui.c:24:9:UI_ShowSensor	48	static
../Core/Src/ui.c:54:9:UI_ReadButton	16	static
../Core/Src/ui.c:78:6:UI_HomeScreenInit	4	static
../Core/Src/ui.c:122:6:UI_HomeScreenDisplay	56	static
../Core/Src/ui.c:133:15:UI_HomeScreen	16	static
../Core/Src/ui.c:214:6:UI_SettingDisplayInit	16	static
../Core/Src/ui.c:240:6:UI_SettingDisplay	24	static
../Core/Src/ui.c:252:15:UI_Setting	16	static
../Core/Src/ui.c:342:6:UI_PlanSetDisplayInit	16	static
../Core/Src/ui.c:373:6:UI_PlanSetDisplay	56	static
../Core/Src/ui.c:470:15:UI_PlanSet	56	static
../Core/Src/ui.c:724:6:UI_ADCThresholdDisplayInit	4	static
../Core/Src/ui.c:752:6:UI_ADCThresholdDisplay	48	static
../Core/Src/ui.c:775:15:UI_ADCThreshold	40	static
../Core/Src/ui.c:835:15:UI_AutoCalib	16	static
../Core/Src/ui.c:863:15:UI_Startup	32	static
../Core/Src/ui.c:910:6:UI_CPDisplayInit	16	static
../Core/Src/ui.c:932:6:UI_CPDisplay	48	static
../Core/Src/ui.c:946:15:UI_CP	16	static
../Core/Src/ui.c:991:6:UI_PlanSelectDisplay	48	static
../Core/Src/ui.c:1005:15:UI_PlanSelect	16	static
../Core/Src/ui.c:1055:6:UI_MemSettingDisplay	24	static
../Core/Src/ui.c:1067:15:UI_MemSetting	16	static
../Core/Src/ui.c:1135:6:UI_PIDSettingDisplay	48	static
../Core/Src/ui.c:1162:15:UI_PIDSetting	32	static
../Core/Src/ui.c:1235:6:UI_SpeedSetDisplay	48	static
../Core/Src/ui.c:1252:15:UI_SpeedSetting	24	static
../Core/Src/ui.c:1319:15:UI_Run	40	static
../Core/Src/ui.c:1354:6:UI_Init	8	static
../Core/Src/ui.c:1362:6:UI_Main	8	static
