../Core/Src/ui.c:24:9:UI_ShowSensor	48	static
../Core/Src/ui.c:54:9:UI_ReadButton	16	static
../Core/Src/ui.c:79:6:UI_HomeScreenInit	4	static
../Core/Src/ui.c:126:6:UI_HomeScreenDisplay	56	static
../Core/Src/ui.c:137:15:UI_HomeScreen	16	static
../Core/Src/ui.c:207:6:UI_MirroringPlan	40	static
../Core/Src/ui.c:235:6:UI_SettingDisplayInit	16	static
../Core/Src/ui.c:261:6:UI_SettingDisplay	24	static
../Core/Src/ui.c:273:15:UI_Setting	16	static
../Core/Src/ui.c:384:6:UI_PlanSetDisplayInit	16	static
../Core/Src/ui.c:415:6:UI_PlanSetDisplay	64	static
../Core/Src/ui.c:527:15:UI_PlanSet	72	static
../Core/Src/ui.c:840:6:UI_ADCThresholdDisplayInit	4	static
../Core/Src/ui.c:868:6:UI_ADCThresholdDisplay	48	static
../Core/Src/ui.c:891:15:UI_ADCThreshold	40	static
../Core/Src/ui.c:951:15:UI_AutoCalib	16	static
../Core/Src/ui.c:979:15:UI_Startup	32	static
../Core/Src/ui.c:1026:6:UI_CPDisplayInit	16	static
../Core/Src/ui.c:1048:6:UI_CPDisplay	48	static
../Core/Src/ui.c:1062:15:UI_CP	16	static
../Core/Src/ui.c:1107:6:UI_PlanSelectDisplay	48	static
../Core/Src/ui.c:1121:15:UI_PlanSelect	16	static
../Core/Src/ui.c:1188:6:UI_MemSettingDisplay	24	static
../Core/Src/ui.c:1200:15:UI_MemSetting	16	static
../Core/Src/ui.c:1268:6:UI_PIDSettingDisplay	48	static
../Core/Src/ui.c:1298:15:UI_PIDSetting	32	static
../Core/Src/ui.c:1398:6:UI_SpeedSetDisplay	48	static
../Core/Src/ui.c:1418:15:UI_SpeedSetting	24	static
../Core/Src/ui.c:1495:15:UI_Run	40	static
../Core/Src/ui.c:1536:6:UI_Init	8	static
../Core/Src/ui.c:1544:6:UI_Main	8	static
