../Core/Src/ui.c:24:9:UI_ShowSensor	48	static
../Core/Src/ui.c:54:9:UI_ReadButton	16	static
../Core/Src/ui.c:78:6:UI_HomeScreenInit	4	static
../Core/Src/ui.c:122:6:UI_HomeScreenDisplay	56	static
../Core/Src/ui.c:133:15:UI_HomeScreen	16	static
../Core/Src/ui.c:214:6:UI_SettingDisplayInit	16	static
../Core/Src/ui.c:240:6:UI_SettingDisplay	24	static
../Core/Src/ui.c:252:15:UI_Setting	16	static
../Core/Src/ui.c:341:6:UI_PlanSetDisplayInit	16	static
../Core/Src/ui.c:372:6:UI_PlanSetDisplay	56	static
../Core/Src/ui.c:451:15:UI_PlanSet	48	static
../Core/Src/ui.c:667:6:UI_ADCThresholdDisplayInit	4	static
../Core/Src/ui.c:695:6:UI_ADCThresholdDisplay	48	static
../Core/Src/ui.c:718:15:UI_ADCThreshold	40	static
../Core/Src/ui.c:778:15:UI_AutoCalib	16	static
../Core/Src/ui.c:806:15:UI_Startup	32	static
../Core/Src/ui.c:853:6:UI_CPDisplayInit	16	static
../Core/Src/ui.c:875:6:UI_CPDisplay	48	static
../Core/Src/ui.c:889:15:UI_CP	16	static
../Core/Src/ui.c:934:6:UI_PlanSelectDisplay	48	static
../Core/Src/ui.c:948:15:UI_PlanSelect	16	static
../Core/Src/ui.c:998:6:UI_MemSettingDisplay	24	static
../Core/Src/ui.c:1010:15:UI_MemSetting	16	static
../Core/Src/ui.c:1078:6:UI_PIDSettingDisplay	48	static
../Core/Src/ui.c:1105:15:UI_PIDSetting	32	static
../Core/Src/ui.c:1178:6:UI_SpeedSetDisplay	48	static
../Core/Src/ui.c:1195:15:UI_SpeedSetting	24	static
../Core/Src/ui.c:1262:15:UI_Run	40	static
../Core/Src/ui.c:1297:6:UI_Init	8	static
../Core/Src/ui.c:1305:6:UI_Main	8	static
