../Core/Src/ui.c:24:9:UI_ShowSensor	48	static
../Core/Src/ui.c:54:9:UI_ReadButton	16	static
../Core/Src/ui.c:79:6:UI_HomeScreenInit	4	static
../Core/Src/ui.c:126:6:UI_HomeScreenDisplay	56	static
../Core/Src/ui.c:137:15:UI_HomeScreen	16	static
../Core/Src/ui.c:207:6:UI_MirroringPlan	24	static
../Core/Src/ui.c:235:6:UI_SettingDisplayInit	16	static
../Core/Src/ui.c:261:6:UI_SettingDisplay	24	static
../Core/Src/ui.c:273:15:UI_Setting	16	static
../Core/Src/ui.c:381:6:UI_PlanSetDisplayInit	16	static
../Core/Src/ui.c:412:6:UI_PlanSetDisplay	56	static
../Core/Src/ui.c:509:15:UI_PlanSet	56	static
../Core/Src/ui.c:808:6:UI_ADCThresholdDisplayInit	4	static
../Core/Src/ui.c:836:6:UI_ADCThresholdDisplay	48	static
../Core/Src/ui.c:859:15:UI_ADCThreshold	40	static
../Core/Src/ui.c:919:15:UI_AutoCalib	16	static
../Core/Src/ui.c:947:15:UI_Startup	32	static
../Core/Src/ui.c:994:6:UI_CPDisplayInit	16	static
../Core/Src/ui.c:1016:6:UI_CPDisplay	48	static
../Core/Src/ui.c:1030:15:UI_CP	16	static
../Core/Src/ui.c:1075:6:UI_PlanSelectDisplay	48	static
../Core/Src/ui.c:1089:15:UI_PlanSelect	16	static
../Core/Src/ui.c:1156:6:UI_MemSettingDisplay	24	static
../Core/Src/ui.c:1168:15:UI_MemSetting	16	static
../Core/Src/ui.c:1236:6:UI_PIDSettingDisplay	48	static
../Core/Src/ui.c:1263:15:UI_PIDSetting	32	static
../Core/Src/ui.c:1336:6:UI_SpeedSetDisplay	48	static
../Core/Src/ui.c:1356:15:UI_SpeedSetting	24	static
../Core/Src/ui.c:1433:15:UI_Run	40	static
../Core/Src/ui.c:1468:6:UI_Init	8	static
../Core/Src/ui.c:1476:6:UI_Main	8	static
