../Core/Src/ui.c:24:9:UI_ShowSensor	48	static
../Core/Src/ui.c:54:9:UI_ReadButton	16	static
../Core/Src/ui.c:79:6:UI_HomeScreenInit	4	static
../Core/Src/ui.c:126:6:UI_HomeScreenDisplay	56	static
../Core/Src/ui.c:137:15:UI_HomeScreen	16	static
../Core/Src/ui.c:207:6:UI_MirroringPlan	24	static
../Core/Src/ui.c:235:6:UI_SettingDisplayInit	16	static
../Core/Src/ui.c:261:6:UI_SettingDisplay	24	static
../Core/Src/ui.c:273:15:UI_Setting	16	static
../Core/Src/ui.c:382:6:UI_PlanSetDisplayInit	16	static
../Core/Src/ui.c:413:6:UI_PlanSetDisplay	56	static
../Core/Src/ui.c:515:15:UI_PlanSet	56	static
../Core/Src/ui.c:814:6:UI_ADCThresholdDisplayInit	4	static
../Core/Src/ui.c:842:6:UI_ADCThresholdDisplay	48	static
../Core/Src/ui.c:865:15:UI_ADCThreshold	40	static
../Core/Src/ui.c:925:15:UI_AutoCalib	16	static
../Core/Src/ui.c:953:15:UI_Startup	32	static
../Core/Src/ui.c:1000:6:UI_CPDisplayInit	16	static
../Core/Src/ui.c:1022:6:UI_CPDisplay	48	static
../Core/Src/ui.c:1036:15:UI_CP	16	static
../Core/Src/ui.c:1081:6:UI_PlanSelectDisplay	48	static
../Core/Src/ui.c:1095:15:UI_PlanSelect	16	static
../Core/Src/ui.c:1162:6:UI_MemSettingDisplay	24	static
../Core/Src/ui.c:1174:15:UI_MemSetting	16	static
../Core/Src/ui.c:1242:6:UI_PIDSettingDisplay	48	static
../Core/Src/ui.c:1272:15:UI_PIDSetting	32	static
../Core/Src/ui.c:1372:6:UI_SpeedSetDisplay	48	static
../Core/Src/ui.c:1392:15:UI_SpeedSetting	24	static
../Core/Src/ui.c:1469:15:UI_Run	40	static
../Core/Src/ui.c:1504:6:UI_Init	8	static
../Core/Src/ui.c:1512:6:UI_Main	8	static
